### exit: 0
### stdout:
11 RequirePermissionIfAuthEnabled(Permission.AITO_CREATE)
2 RequirePermissionIfAuthEnabled(Permission.AITO_DELETE)
15 RequirePermissionIfAuthEnabled(Permission.AITO_READ)
25 RequirePermissionIfAuthEnabled(Permission.AITO_UPDATE)
1 RequirePermissionIfAuthEnabled(Permission.SETTINGS_UPDATE)

### stderr:

