### exit: 0
### stdout:
9 RequirePermissionIfAuthEnabled(Permission.AITO_CREATE)
2 RequirePermissionIfAuthEnabled(Permission.AITO_DELETE)
10 RequirePermissionIfAuthEnabled(Permission.AITO_READ)
12 RequirePermissionIfAuthEnabled(Permission.AITO_UPDATE)
2 RequirePermissionIfAuthEnabled(Permission.AMS_HISTORY_READ)
1 RequirePermissionIfAuthEnabled(Permission.API_KEYS_CREATE)
1 RequirePermissionIfAuthEnabled(Permission.API_KEYS_DELETE)
2 RequirePermissionIfAuthEnabled(Permission.API_KEYS_READ)
1 RequirePermissionIfAuthEnabled(Permission.API_KEYS_UPDATE)
2 RequirePermissionIfAuthEnabled(Permission.ARCHIVES_CREATE)
1 RequirePermissionIfAuthEnabled(Permission.ARCHIVES_DELETE_ALL)
12 RequirePermissionIfAuthEnabled(Permission.ARCHIVES_UPDATE_ALL)
4 RequirePermissionIfAuthEnabled(Permission.CALCULATOR_READ)
9 RequirePermissionIfAuthEnabled(Permission.CALCULATOR_UPDATE)
19 RequirePermissionIfAuthEnabled(Permission.CAMERA_VIEW)
2 RequirePermissionIfAuthEnabled(Permission.CLOUD_AUTH)
1 RequirePermissionIfAuthEnabled(Permission.COST_CENTERS_CREATE)
11 RequirePermissionIfAuthEnabled(Permission.COST_CENTERS_MODIFY)
3 RequirePermissionIfAuthEnabled(Permission.COST_CENTERS_READ_ALL)
2 RequirePermissionIfAuthEnabled(Permission.COST_CENTERS_READ_OWN)
8 RequirePermissionIfAuthEnabled(Permission.DISCOVERY_SCAN)
1 RequirePermissionIfAuthEnabled(Permission.EXTERNAL_LINKS_CREATE)
1 RequirePermissionIfAuthEnabled(Permission.EXTERNAL_LINKS_DELETE)
2 RequirePermissionIfAuthEnabled(Permission.EXTERNAL_LINKS_READ)
4 RequirePermissionIfAuthEnabled(Permission.EXTERNAL_LINKS_UPDATE)
4 RequirePermissionIfAuthEnabled(Permission.FILAMENTS_CREATE)
2 RequirePermissionIfAuthEnabled(Permission.FILAMENTS_DELETE)
14 RequirePermissionIfAuthEnabled(Permission.FILAMENTS_READ)
10 RequirePermissionIfAuthEnabled(Permission.FILAMENTS_UPDATE)
5 RequirePermissionIfAuthEnabled(Permission.FIRMWARE_READ)
1 RequirePermissionIfAuthEnabled(Permission.FIRMWARE_UPDATE)
11 RequirePermissionIfAuthEnabled(Permission.GITHUB_BACKUP)
3 RequirePermissionIfAuthEnabled(Permission.GITHUB_RESTORE)
1 RequirePermissionIfAuthEnabled(Permission.GROUPS_CREATE)
1 RequirePermissionIfAuthEnabled(Permission.GROUPS_DELETE)
3 RequirePermissionIfAuthEnabled(Permission.GROUPS_READ)
3 RequirePermissionIfAuthEnabled(Permission.GROUPS_UPDATE)
1 RequirePermissionIfAuthEnabled(Permission.INVENTORY_DELETE)
24 RequirePermissionIfAuthEnabled(Permission.INVENTORY_READ)
73 RequirePermissionIfAuthEnabled(Permission.INVENTORY_UPDATE)
1 RequirePermissionIfAuthEnabled(Permission.INVENTORY_VIEW_ASSIGNMENTS)
2 RequirePermissionIfAuthEnabled(Permission.KPROFILES_DELETE)
2 RequirePermissionIfAuthEnabled(Permission.KPROFILES_READ)
3 RequirePermissionIfAuthEnabled(Permission.KPROFILES_UPDATE)
3 RequirePermissionIfAuthEnabled(Permission.LIBRARY_UPLOAD)
2 RequirePermissionIfAuthEnabled(Permission.MAINTENANCE_CREATE)
3 RequirePermissionIfAuthEnabled(Permission.MAINTENANCE_DELETE)
5 RequirePermissionIfAuthEnabled(Permission.MAINTENANCE_READ)
4 RequirePermissionIfAuthEnabled(Permission.MAINTENANCE_UPDATE)
1 RequirePermissionIfAuthEnabled(Permission.MAKERWORLD_IMPORT)
3 RequirePermissionIfAuthEnabled(Permission.MAKERWORLD_VIEW)
4 RequirePermissionIfAuthEnabled(Permission.NOTIFICATION_TEMPLATES_READ)
2 RequirePermissionIfAuthEnabled(Permission.NOTIFICATION_TEMPLATES_UPDATE)
2 RequirePermissionIfAuthEnabled(Permission.NOTIFICATIONS_CREATE)
2 RequirePermissionIfAuthEnabled(Permission.NOTIFICATIONS_DELETE)
4 RequirePermissionIfAuthEnabled(Permission.NOTIFICATIONS_READ)
3 RequirePermissionIfAuthEnabled(Permission.NOTIFICATIONS_UPDATE)
2 RequirePermissionIfAuthEnabled(Permission.NOTIFICATIONS_USER_EMAIL)
6 RequirePermissionIfAuthEnabled(Permission.PIPELINES_READ)
3 RequirePermissionIfAuthEnabled(Permission.PIPELINES_RUN)
4 RequirePermissionIfAuthEnabled(Permission.PIPELINES_WRITE)
2 RequirePermissionIfAuthEnabled(Permission.PRINTER_SENSOR_HISTORY_READ)
1 RequirePermissionIfAuthEnabled(Permission.PRINTERS_AMS_RFID)
1 RequirePermissionIfAuthEnabled(Permission.PRINTERS_CLEAR_PLATE)
35 RequirePermissionIfAuthEnabled(Permission.PRINTERS_CONTROL)
3 RequirePermissionIfAuthEnabled(Permission.PRINTERS_CREATE)
1 RequirePermissionIfAuthEnabled(Permission.PRINTERS_DELETE)
18 RequirePermissionIfAuthEnabled(Permission.PRINTERS_READ)
6 RequirePermissionIfAuthEnabled(Permission.PRINTERS_UPDATE)
5 RequirePermissionIfAuthEnabled(Permission.PROJECTS_CREATE)
1 RequirePermissionIfAuthEnabled(Permission.PROJECTS_DELETE)
10 RequirePermissionIfAuthEnabled(Permission.PROJECTS_READ)
11 RequirePermissionIfAuthEnabled(Permission.PROJECTS_UPDATE)
7 RequirePermissionIfAuthEnabled(Permission.QUEUE_CREATE)
3 RequirePermissionIfAuthEnabled(Permission.QUEUE_DELETE_ALL)
2 RequirePermissionIfAuthEnabled(Permission.QUEUE_UPDATE_ALL)
2 RequirePermissionIfAuthEnabled(Permission.QUEUE_UPDATE_OWN)
7 RequirePermissionIfAuthEnabled(Permission.SETTINGS_BACKUP)
27 RequirePermissionIfAuthEnabled(Permission.SETTINGS_READ)
2 RequirePermissionIfAuthEnabled(Permission.SETTINGS_RESTORE)
30 RequirePermissionIfAuthEnabled(Permission.SETTINGS_UPDATE)
4 RequirePermissionIfAuthEnabled(Permission.SMART_PLUGS_CONTROL)
2 RequirePermissionIfAuthEnabled(Permission.SMART_PLUGS_CREATE)
2 RequirePermissionIfAuthEnabled(Permission.SMART_PLUGS_DELETE)
12 RequirePermissionIfAuthEnabled(Permission.SMART_PLUGS_READ)
2 RequirePermissionIfAuthEnabled(Permission.SMART_PLUGS_UPDATE)
3 RequirePermissionIfAuthEnabled(Permission.STATS_READ)
6 RequirePermissionIfAuthEnabled(Permission.SYSTEM_READ)
3 RequirePermissionIfAuthEnabled(Permission.USERS_CREATE)
1 RequirePermissionIfAuthEnabled(Permission.USERS_DELETE)
3 RequirePermissionIfAuthEnabled(Permission.USERS_READ)
2 RequirePermissionIfAuthEnabled(Permission.USERS_UPDATE)
1 RequirePermissionIfAuthEnabled(Permission.WEBSOCKET_CONNECT)

### stderr:

