### exit: 0
### stdout:
CREATE TABLE aito_events (
	id INTEGER NOT NULL, 
	project_id INTEGER NOT NULL, 
	occurred_at DATETIME NOT NULL, 
	occurred_until DATETIME, 
	kind VARCHAR(40) NOT NULL, 
	actor_class VARCHAR(10) NOT NULL, 
	actor_name VARCHAR(100), 
	subject_type VARCHAR(20), 
	subject_id INTEGER, 
	subject_label VARCHAR(200), 
	changes JSON, 
	detail JSON, 
	note TEXT, 
	zoho_comment_id VARCHAR(50), 
	created_at DATETIME DEFAULT CURRENT_TIMESTAMP NOT NULL, 
	PRIMARY KEY (id), 
	UNIQUE (zoho_comment_id)
);
CREATE TABLE aito_projects (
	id INTEGER NOT NULL, 
	description TEXT NOT NULL, 
	board_column VARCHAR(20) NOT NULL, 
	position INTEGER NOT NULL, 
	status VARCHAR(20) NOT NULL, 
	client_id VARCHAR(50), 
	client_name VARCHAR(200), 
	client_phone VARCHAR(50), 
	client_email VARCHAR(200), 
	client_is_company BOOLEAN, 
	client_social_network VARCHAR(20), 
	client_social_handle VARCHAR(100), 
	quote_id VARCHAR(50), 
	quote_number VARCHAR(50), 
	quote_date VARCHAR(10), 
	quote_total FLOAT, 
	quote_url VARCHAR(300), 
	quote_salesperson VARCHAR(200), 
	quote_status VARCHAR(30), 
	quote_accepted_at DATETIME, 
	created_by VARCHAR(100), 
	quote_sync_state VARCHAR(20) DEFAULT 'idle' NOT NULL, 
	quote_invoiced BOOLEAN DEFAULT '0' NOT NULL, 
	flag VARCHAR(16), 
	client_contacted_at DATETIME, 
	quote_sync_error TEXT, 
	quote_sync_failures INTEGER DEFAULT '0' NOT NULL, 
	quote_synced_at VARCHAR(30), 
	quote_status_before_trash VARCHAR(30), 
	quote_status_block VARCHAR(20), 
	quote_status_remote VARCHAR(30), 
	zoho_comments_watermark VARCHAR(30), 
	zoho_comments_checked_at DATETIME, 
	shipping_island VARCHAR(50), 
	shipping_service VARCHAR(20), 
	shipping_first_name VARCHAR(100), 
	shipping_last_name VARCHAR(100), 
	shipping_phone VARCHAR(50), 
	shipping_price FLOAT, 
	created_at DATETIME DEFAULT CURRENT_TIMESTAMP NOT NULL, 
	updated_at DATETIME DEFAULT CURRENT_TIMESTAMP NOT NULL, 
	version INTEGER DEFAULT '0' NOT NULL, 
	PRIMARY KEY (id)
);
CREATE TABLE aito_tasks (
	id INTEGER NOT NULL, 
	project_id INTEGER NOT NULL, 
	position INTEGER NOT NULL, 
	title VARCHAR(200), 
	scan_cost FLOAT, 
	modelisation_cost FLOAT, 
	usinage_cost FLOAT, 
	scan_quantity INTEGER, 
	modelisation_quantity INTEGER, 
	usinage_quantity INTEGER, 
	scan_discount_pct FLOAT, 
	modelisation_discount_pct FLOAT, 
	usinage_discount_pct FLOAT, 
	impression_printer_id INTEGER, 
	impression_filament_id INTEGER, 
	impression_weight_g FLOAT, 
	impression_time_min INTEGER, 
	impression_quantity INTEGER, 
	impression_color VARCHAR(100), 
	impression_cost FLOAT, 
	impression_discount_pct FLOAT, 
	scan_description TEXT, 
	modelisation_description TEXT, 
	impression_description TEXT, 
	usinage_description TEXT, 
	scan_done BOOLEAN DEFAULT '0' NOT NULL, 
	modelisation_done BOOLEAN DEFAULT '0' NOT NULL, 
	impression_done BOOLEAN DEFAULT '0' NOT NULL, 
	usinage_done BOOLEAN DEFAULT '0' NOT NULL, 
	created_at DATETIME DEFAULT CURRENT_TIMESTAMP NOT NULL, 
	updated_at DATETIME DEFAULT CURRENT_TIMESTAMP NOT NULL, 
	PRIMARY KEY (id)
);
CREATE TABLE ams_labels (
	id INTEGER NOT NULL, 
	ams_serial_number VARCHAR(50) NOT NULL, 
	ams_id INTEGER, 
	label VARCHAR(100) NOT NULL, 
	created_at DATETIME DEFAULT CURRENT_TIMESTAMP NOT NULL, 
	updated_at DATETIME DEFAULT CURRENT_TIMESTAMP NOT NULL, 
	PRIMARY KEY (id), 
	CONSTRAINT uq_ams_label_serial UNIQUE (ams_serial_number)
);
CREATE TABLE ams_sensor_history (
	id INTEGER NOT NULL, 
	printer_id INTEGER NOT NULL, 
	ams_id INTEGER NOT NULL, 
	humidity FLOAT, 
	humidity_raw FLOAT, 
	temperature FLOAT, 
	recorded_at DATETIME DEFAULT CURRENT_TIMESTAMP NOT NULL, 
	PRIMARY KEY (id), 
	FOREIGN KEY(printer_id) REFERENCES printers (id) ON DELETE CASCADE
);
CREATE TABLE api_keys (
	id INTEGER NOT NULL, 
	name VARCHAR(100) NOT NULL, 
	key_hash VARCHAR(255) NOT NULL, 
	key_prefix VARCHAR(20) NOT NULL, 
	user_id INTEGER, 
	can_queue BOOLEAN NOT NULL, 
	can_control_printer BOOLEAN NOT NULL, 
	can_read_status BOOLEAN NOT NULL, 
	can_manage_library BOOLEAN NOT NULL, 
	can_manage_inventory BOOLEAN NOT NULL, 
	can_manage_maintenance BOOLEAN NOT NULL, 
	can_manage_archives BOOLEAN NOT NULL, 
	can_manage_projects BOOLEAN NOT NULL, 
	can_access_cloud BOOLEAN NOT NULL, 
	can_update_energy_cost BOOLEAN NOT NULL, 
	printer_ids JSON, 
	enabled BOOLEAN NOT NULL, 
	last_used DATETIME, 
	created_at DATETIME DEFAULT CURRENT_TIMESTAMP NOT NULL, 
	expires_at DATETIME, 
	PRIMARY KEY (id), 
	FOREIGN KEY(user_id) REFERENCES users (id) ON DELETE CASCADE
);
CREATE TABLE auth_ephemeral_tokens (
	id INTEGER NOT NULL, 
	token VARCHAR(128) NOT NULL, 
	token_type VARCHAR(20) NOT NULL, 
	username VARCHAR(150), 
	provider_id INTEGER, 
	nonce VARCHAR(128), 
	code_verifier VARCHAR(128), 
	challenge_id VARCHAR(128), 
	expires_at DATETIME NOT NULL, 
	created_at DATETIME NOT NULL, 
	PRIMARY KEY (id)
);
CREATE TABLE auth_rate_limit_events (
	id INTEGER NOT NULL, 
	username VARCHAR(150) NOT NULL, 
	event_type VARCHAR(20) NOT NULL, 
	occurred_at DATETIME NOT NULL, 
	PRIMARY KEY (id)
);
CREATE TABLE budget_reservations (
	id INTEGER NOT NULL, 
	cost_center_id INTEGER NOT NULL, 
	amount NUMERIC(14, 2) NOT NULL, 
	status VARCHAR(20) NOT NULL, 
	source_type VARCHAR(50) NOT NULL, 
	source_id INTEGER, 
	print_archive_id INTEGER, 
	created_at DATETIME DEFAULT CURRENT_TIMESTAMP NOT NULL, 
	released_at DATETIME, 
	PRIMARY KEY (id), 
	FOREIGN KEY(cost_center_id) REFERENCES cost_centers (id) ON DELETE CASCADE, 
	FOREIGN KEY(print_archive_id) REFERENCES print_archives (id) ON DELETE SET NULL
);
CREATE TABLE bug_reports (
	id INTEGER NOT NULL, 
	description TEXT NOT NULL, 
	reporter_email VARCHAR(255), 
	github_issue_number INTEGER, 
	github_issue_url VARCHAR(500), 
	status VARCHAR(20) NOT NULL, 
	error_message TEXT, 
	email_sent BOOLEAN NOT NULL, 
	created_at DATETIME DEFAULT CURRENT_TIMESTAMP NOT NULL, 
	PRIMARY KEY (id)
);
CREATE TABLE calculator_defaults (
	id INTEGER NOT NULL, 
	electricity_tariff FLOAT NOT NULL, 
	labor_rate_per_hour FLOAT NOT NULL, 
	consumables_packaging_flat FLOAT NOT NULL, 
	failure_rate_pct FLOAT NOT NULL, 
	prototype_rate_pct FLOAT NOT NULL, 
	ads_rate_pct FLOAT NOT NULL, 
	filament_markup_pct FLOAT NOT NULL, 
	global_markup_pct FLOAT NOT NULL, 
	tax_pct FLOAT NOT NULL, 
	default_difficulty_pct FLOAT NOT NULL, 
	default_margin_over_cost_pct FLOAT NOT NULL, 
	stuff_markup_pct FLOAT NOT NULL, 
	base_fee_flat FLOAT NOT NULL, 
	margin_min_mult FLOAT NOT NULL, 
	margin_max_mult FLOAT NOT NULL, 
	margin_k FLOAT NOT NULL, 
	qty_min_factor FLOAT NOT NULL, 
	qty_k FLOAT NOT NULL, 
	min_task_price FLOAT NOT NULL, 
	created_at DATETIME DEFAULT CURRENT_TIMESTAMP NOT NULL, 
	updated_at DATETIME DEFAULT CURRENT_TIMESTAMP NOT NULL, 
	PRIMARY KEY (id)
);
CREATE TABLE calculator_filaments (
	id INTEGER NOT NULL, 
	name VARCHAR(100) NOT NULL, 
	brand VARCHAR(100) NOT NULL, 
	material VARCHAR(100) NOT NULL, 
	cost_per_kg FLOAT NOT NULL, 
	sale_price_per_kg FLOAT NOT NULL, 
	margin_pct FLOAT NOT NULL, 
	difficulty_pct FLOAT NOT NULL, 
	zoho_item_id VARCHAR(50), 
	zoho_item_name VARCHAR(255), 
	zoho_sku VARCHAR(100), 
	spool_weight_kg FLOAT, 
	zoho_synced_at DATETIME, 
	created_at DATETIME DEFAULT CURRENT_TIMESTAMP NOT NULL, 
	updated_at DATETIME DEFAULT CURRENT_TIMESTAMP NOT NULL, 
	PRIMARY KEY (id)
);
CREATE TABLE calculator_printers (
	id INTEGER NOT NULL, 
	name VARCHAR(100) NOT NULL, 
	purchase_price FLOAT NOT NULL, 
	lifetime_years FLOAT NOT NULL, 
	daily_usage_hours FLOAT NOT NULL, 
	power_watts FLOAT NOT NULL, 
	repair_rate_pct FLOAT NOT NULL, 
	created_at DATETIME DEFAULT CURRENT_TIMESTAMP NOT NULL, 
	updated_at DATETIME DEFAULT CURRENT_TIMESTAMP NOT NULL, 
	PRIMARY KEY (id)
);
CREATE TABLE color_catalog (
	id INTEGER NOT NULL, 
	manufacturer VARCHAR(200) NOT NULL, 
	color_name VARCHAR(200) NOT NULL, 
	hex_color VARCHAR(9) NOT NULL, 
	material VARCHAR(100), 
	is_default BOOLEAN NOT NULL, 
	extra_colors VARCHAR(255), 
	effect_type VARCHAR(20), 
	created_at DATETIME DEFAULT CURRENT_TIMESTAMP NOT NULL, 
	PRIMARY KEY (id)
);
CREATE TABLE cost_center_members (
	id INTEGER NOT NULL, 
	cost_center_id INTEGER NOT NULL, 
	user_id INTEGER NOT NULL, 
	can_print BOOLEAN NOT NULL, 
	created_at DATETIME DEFAULT CURRENT_TIMESTAMP NOT NULL, 
	PRIMARY KEY (id), 
	CONSTRAINT uq_cost_center_members_cc_user UNIQUE (cost_center_id, user_id), 
	FOREIGN KEY(cost_center_id) REFERENCES cost_centers (id) ON DELETE CASCADE, 
	FOREIGN KEY(user_id) REFERENCES users (id) ON DELETE CASCADE
);
CREATE TABLE cost_centers (
	id INTEGER NOT NULL, 
	code VARCHAR(32) NOT NULL, 
	name VARCHAR(150) NOT NULL, 
	is_active BOOLEAN NOT NULL, 
	is_private BOOLEAN NOT NULL, 
	owner_user_id INTEGER, 
	total_budget NUMERIC(14, 2), 
	monthly_budget NUMERIC(14, 2), 
	created_at DATETIME DEFAULT CURRENT_TIMESTAMP NOT NULL, 
	updated_at DATETIME DEFAULT CURRENT_TIMESTAMP NOT NULL, 
	PRIMARY KEY (id), 
	FOREIGN KEY(owner_user_id) REFERENCES users (id) ON DELETE SET NULL
);
CREATE TABLE external_links (
	id INTEGER NOT NULL, 
	name VARCHAR(50) NOT NULL, 
	url VARCHAR(500) NOT NULL, 
	icon VARCHAR(50) NOT NULL, 
	custom_icon VARCHAR(255), 
	open_in_new_tab BOOLEAN NOT NULL, 
	sort_order INTEGER NOT NULL, 
	created_at DATETIME DEFAULT CURRENT_TIMESTAMP NOT NULL, 
	updated_at DATETIME DEFAULT CURRENT_TIMESTAMP NOT NULL, 
	PRIMARY KEY (id)
);
CREATE TABLE filament_base_presets (
	id INTEGER NOT NULL, 
	name VARCHAR NOT NULL, 
	inherits VARCHAR NOT NULL, 
	brand VARCHAR NOT NULL, 
	material VARCHAR NOT NULL, 
	color VARCHAR NOT NULL, 
	color_hex VARCHAR NOT NULL, 
	filename VARCHAR NOT NULL, 
	PRIMARY KEY (id)
);
CREATE TABLE filament_presets (
	id INTEGER NOT NULL, 
	name VARCHAR NOT NULL, 
	brand VARCHAR NOT NULL, 
	material VARCHAR NOT NULL, 
	color VARCHAR NOT NULL, 
	color_hex VARCHAR NOT NULL, 
	filename VARCHAR NOT NULL, 
	content TEXT NOT NULL, 
	created_at DATETIME DEFAULT CURRENT_TIMESTAMP NOT NULL, 
	updated_at DATETIME DEFAULT CURRENT_TIMESTAMP NOT NULL, 
	PRIMARY KEY (id)
);
CREATE TABLE filaments (
	id INTEGER NOT NULL, 
	name VARCHAR(100) NOT NULL, 
	type VARCHAR(50) NOT NULL, 
	brand VARCHAR(100), 
	color VARCHAR(50), 
	color_hex VARCHAR(7), 
	cost_per_kg FLOAT NOT NULL, 
	spool_weight_g FLOAT NOT NULL, 
	currency VARCHAR(3) NOT NULL, 
	density FLOAT, 
	print_temp_min INTEGER, 
	print_temp_max INTEGER, 
	bed_temp_min INTEGER, 
	bed_temp_max INTEGER, 
	created_at DATETIME DEFAULT CURRENT_TIMESTAMP NOT NULL, 
	updated_at DATETIME DEFAULT CURRENT_TIMESTAMP NOT NULL, 
	PRIMARY KEY (id)
);
CREATE TABLE file_variant_groups (
	id INTEGER NOT NULL, 
	name VARCHAR(255) NOT NULL, 
	created_at DATETIME DEFAULT CURRENT_TIMESTAMP NOT NULL, 
	updated_at DATETIME DEFAULT CURRENT_TIMESTAMP NOT NULL, 
	created_by_id INTEGER, 
	PRIMARY KEY (id), 
	FOREIGN KEY(created_by_id) REFERENCES users (id) ON DELETE SET NULL
);
CREATE TABLE github_backup_config (
	id INTEGER NOT NULL, 
	repository_url VARCHAR(500) NOT NULL, 
	access_token TEXT NOT NULL, 
	branch VARCHAR(100) NOT NULL, 
	provider VARCHAR(30) NOT NULL, 
	allow_insecure_http BOOLEAN NOT NULL, 
	schedule_enabled BOOLEAN NOT NULL, 
	schedule_type VARCHAR(20) NOT NULL, 
	schedule_cron VARCHAR(100), 
	backup_kprofiles BOOLEAN NOT NULL, 
	backup_cloud_profiles BOOLEAN NOT NULL, 
	backup_settings BOOLEAN NOT NULL, 
	backup_spools BOOLEAN NOT NULL, 
	backup_archives BOOLEAN NOT NULL, 
	enabled BOOLEAN NOT NULL, 
	last_backup_at DATETIME, 
	last_backup_status VARCHAR(20), 
	last_backup_message TEXT, 
	last_backup_commit_sha VARCHAR(40), 
	next_scheduled_run DATETIME, 
	created_at DATETIME DEFAULT CURRENT_TIMESTAMP NOT NULL, 
	updated_at DATETIME DEFAULT CURRENT_TIMESTAMP NOT NULL, 
	PRIMARY KEY (id)
);
CREATE TABLE github_backup_logs (
	id INTEGER NOT NULL, 
	config_id INTEGER NOT NULL, 
	started_at DATETIME DEFAULT CURRENT_TIMESTAMP NOT NULL, 
	completed_at DATETIME, 
	status VARCHAR(20) NOT NULL, 
	"trigger" VARCHAR(20) NOT NULL, 
	commit_sha VARCHAR(40), 
	files_changed INTEGER NOT NULL, 
	error_message TEXT, 
	PRIMARY KEY (id), 
	FOREIGN KEY(config_id) REFERENCES github_backup_config (id) ON DELETE CASCADE
);
CREATE TABLE groups (
	id INTEGER NOT NULL, 
	name VARCHAR(100) NOT NULL, 
	description VARCHAR(500), 
	permissions JSON NOT NULL, 
	is_system BOOLEAN NOT NULL, 
	created_at DATETIME DEFAULT CURRENT_TIMESTAMP NOT NULL, 
	updated_at DATETIME DEFAULT CURRENT_TIMESTAMP NOT NULL, 
	PRIMARY KEY (id)
);
CREATE TABLE kprofile_notes (
	id INTEGER NOT NULL, 
	printer_id INTEGER NOT NULL, 
	setting_id VARCHAR(100) NOT NULL, 
	note TEXT NOT NULL, 
	created_at DATETIME DEFAULT CURRENT_TIMESTAMP NOT NULL, 
	updated_at DATETIME DEFAULT CURRENT_TIMESTAMP NOT NULL, 
	PRIMARY KEY (id), 
	FOREIGN KEY(printer_id) REFERENCES printers (id) ON DELETE CASCADE
);
CREATE TABLE library_file_tags (
	file_id INTEGER NOT NULL, 
	tag_id INTEGER NOT NULL, 
	created_at DATETIME DEFAULT CURRENT_TIMESTAMP NOT NULL, 
	PRIMARY KEY (file_id, tag_id), 
	FOREIGN KEY(file_id) REFERENCES library_files (id) ON DELETE CASCADE, 
	FOREIGN KEY(tag_id) REFERENCES library_tags (id) ON DELETE CASCADE
);
CREATE TABLE library_files (
	id INTEGER NOT NULL, 
	folder_id INTEGER, 
	project_id INTEGER, 
	is_external BOOLEAN NOT NULL, 
	filename VARCHAR(255) NOT NULL, 
	file_path VARCHAR(500) NOT NULL, 
	file_type VARCHAR(10) NOT NULL, 
	file_size INTEGER NOT NULL, 
	file_hash VARCHAR(64), 
	thumbnail_path VARCHAR(500), 
	file_metadata JSON, 
	print_count INTEGER NOT NULL, 
	last_printed_at DATETIME, 
	notes TEXT, 
	source_type VARCHAR(32), 
	source_url VARCHAR(512), 
	variant_group_id INTEGER, 
	variant_position INTEGER DEFAULT '0' NOT NULL, 
	variant_target_model VARCHAR(50), 
	created_by_id INTEGER, 
	deleted_at DATETIME, 
	created_at DATETIME DEFAULT CURRENT_TIMESTAMP NOT NULL, 
	updated_at DATETIME DEFAULT CURRENT_TIMESTAMP NOT NULL, 
	fs_modified_at DATETIME, 
	PRIMARY KEY (id), 
	FOREIGN KEY(folder_id) REFERENCES library_folders (id) ON DELETE CASCADE, 
	FOREIGN KEY(project_id) REFERENCES projects (id) ON DELETE SET NULL, 
	FOREIGN KEY(variant_group_id) REFERENCES file_variant_groups (id) ON DELETE SET NULL, 
	FOREIGN KEY(created_by_id) REFERENCES users (id) ON DELETE SET NULL
);
CREATE TABLE library_folders (
	id INTEGER NOT NULL, 
	name VARCHAR(255) NOT NULL, 
	parent_id INTEGER, 
	is_external BOOLEAN NOT NULL, 
	external_readonly BOOLEAN NOT NULL, 
	external_show_hidden BOOLEAN NOT NULL, 
	external_path VARCHAR(500), 
	project_id INTEGER, 
	archive_id INTEGER, 
	created_at DATETIME DEFAULT CURRENT_TIMESTAMP NOT NULL, 
	updated_at DATETIME DEFAULT CURRENT_TIMESTAMP NOT NULL, 
	fs_modified_at DATETIME, 
	PRIMARY KEY (id), 
	FOREIGN KEY(parent_id) REFERENCES library_folders (id) ON DELETE CASCADE, 
	FOREIGN KEY(project_id) REFERENCES projects (id) ON DELETE SET NULL, 
	FOREIGN KEY(archive_id) REFERENCES print_archives (id) ON DELETE SET NULL
);
CREATE TABLE library_tags (
	id INTEGER NOT NULL, 
	name VARCHAR(64) NOT NULL, 
	name_key VARCHAR(64) NOT NULL, 
	created_at DATETIME DEFAULT CURRENT_TIMESTAMP NOT NULL, 
	updated_at DATETIME DEFAULT CURRENT_TIMESTAMP NOT NULL, 
	PRIMARY KEY (id)
);
CREATE TABLE local_presets (
	id INTEGER NOT NULL, 
	name VARCHAR(300) NOT NULL, 
	preset_type VARCHAR(20) NOT NULL, 
	source VARCHAR(50) NOT NULL, 
	filament_type VARCHAR(50), 
	filament_vendor VARCHAR(200), 
	nozzle_temp_min INTEGER, 
	nozzle_temp_max INTEGER, 
	pressure_advance VARCHAR(50), 
	default_filament_colour VARCHAR(50), 
	filament_cost VARCHAR(50), 
	filament_density VARCHAR(50), 
	compatible_printers TEXT, 
	setting TEXT NOT NULL, 
	inherits VARCHAR(300), 
	version VARCHAR(50), 
	created_at DATETIME DEFAULT CURRENT_TIMESTAMP NOT NULL, 
	updated_at DATETIME DEFAULT CURRENT_TIMESTAMP NOT NULL, 
	PRIMARY KEY (id)
);
CREATE TABLE locations (
	id INTEGER NOT NULL, 
	name VARCHAR(255) NOT NULL, 
	name_key VARCHAR(255) NOT NULL, 
	identifier VARCHAR(100), 
	created_at DATETIME DEFAULT CURRENT_TIMESTAMP NOT NULL, 
	updated_at DATETIME DEFAULT CURRENT_TIMESTAMP NOT NULL, 
	PRIMARY KEY (id), 
	UNIQUE (name)
);
CREATE TABLE long_lived_tokens (
	id INTEGER NOT NULL, 
	user_id INTEGER NOT NULL, 
	name VARCHAR(100) NOT NULL, 
	lookup_prefix VARCHAR(8) NOT NULL, 
	secret_hash VARCHAR(255) NOT NULL, 
	scope VARCHAR(32) NOT NULL, 
	expires_at DATETIME NOT NULL, 
	last_used_at DATETIME, 
	revoked_at DATETIME, 
	created_at DATETIME DEFAULT CURRENT_TIMESTAMP NOT NULL, 
	PRIMARY KEY (id), 
	FOREIGN KEY(user_id) REFERENCES users (id) ON DELETE CASCADE
);
CREATE TABLE maintenance_history (
	id INTEGER NOT NULL, 
	printer_maintenance_id INTEGER NOT NULL, 
	performed_at DATETIME DEFAULT CURRENT_TIMESTAMP NOT NULL, 
	hours_at_maintenance FLOAT NOT NULL, 
	notes TEXT, 
	PRIMARY KEY (id), 
	FOREIGN KEY(printer_maintenance_id) REFERENCES printer_maintenance (id) ON DELETE CASCADE
);
CREATE TABLE maintenance_types (
	id INTEGER NOT NULL, 
	name VARCHAR(100) NOT NULL, 
	description TEXT, 
	default_interval_hours FLOAT NOT NULL, 
	interval_type VARCHAR(20) NOT NULL, 
	icon VARCHAR(50), 
	wiki_url VARCHAR(500), 
	is_system BOOLEAN NOT NULL, 
	is_deleted BOOLEAN NOT NULL, 
	created_at DATETIME DEFAULT CURRENT_TIMESTAMP NOT NULL, 
	PRIMARY KEY (id)
);
CREATE TABLE notification_digest_queue (
	id INTEGER NOT NULL, 
	provider_id INTEGER NOT NULL, 
	event_type VARCHAR(50) NOT NULL, 
	title VARCHAR(255) NOT NULL, 
	message TEXT NOT NULL, 
	printer_id INTEGER, 
	printer_name VARCHAR(100), 
	created_at DATETIME, 
	PRIMARY KEY (id), 
	FOREIGN KEY(provider_id) REFERENCES notification_providers (id) ON DELETE CASCADE, 
	FOREIGN KEY(printer_id) REFERENCES printers (id) ON DELETE SET NULL
);
CREATE TABLE notification_logs (
	id INTEGER NOT NULL, 
	provider_id INTEGER NOT NULL, 
	event_type VARCHAR(50) NOT NULL, 
	title VARCHAR(255) NOT NULL, 
	message TEXT NOT NULL, 
	success BOOLEAN, 
	error_message TEXT, 
	printer_id INTEGER, 
	printer_name VARCHAR(100), 
	created_at DATETIME, 
	PRIMARY KEY (id), 
	FOREIGN KEY(provider_id) REFERENCES notification_providers (id) ON DELETE CASCADE, 
	FOREIGN KEY(printer_id) REFERENCES printers (id) ON DELETE SET NULL
);
CREATE TABLE notification_providers (
	id INTEGER NOT NULL, 
	name VARCHAR(100) NOT NULL, 
	provider_type VARCHAR(50) NOT NULL, 
	enabled BOOLEAN, 
	config TEXT NOT NULL, 
	on_print_start BOOLEAN, 
	on_print_complete BOOLEAN, 
	on_print_failed BOOLEAN, 
	on_print_stopped BOOLEAN, 
	on_print_progress BOOLEAN, 
	on_print_missing_spool_assignment BOOLEAN, 
	on_billing_charge_failed BOOLEAN, 
	on_printer_offline BOOLEAN, 
	on_printer_error BOOLEAN, 
	on_ai_failure_detection BOOLEAN, 
	on_filament_low BOOLEAN, 
	on_maintenance_due BOOLEAN, 
	on_ams_humidity_high BOOLEAN, 
	on_ams_temperature_high BOOLEAN, 
	on_ams_drying_suspended BOOLEAN, 
	on_ams_ht_humidity_high BOOLEAN, 
	on_ams_ht_temperature_high BOOLEAN, 
	on_ha_sensor_alert BOOLEAN, 
	on_plate_not_empty BOOLEAN, 
	on_plate_clear_required BOOLEAN, 
	on_bed_cooled BOOLEAN, 
	on_first_layer_complete BOOLEAN, 
	on_stock_reorder_alert BOOLEAN, 
	on_stock_break_alert BOOLEAN, 
	on_queue_job_added BOOLEAN, 
	on_queue_job_assigned BOOLEAN, 
	on_queue_job_started BOOLEAN, 
	on_queue_job_waiting BOOLEAN, 
	on_queue_job_skipped BOOLEAN, 
	on_queue_job_failed BOOLEAN, 
	on_queue_completed BOOLEAN, 
	quiet_hours_enabled BOOLEAN, 
	quiet_hours_start VARCHAR(5), 
	quiet_hours_end VARCHAR(5), 
	daily_digest_enabled BOOLEAN, 
	daily_digest_time VARCHAR(5), 
	printer_id INTEGER, 
	last_success DATETIME, 
	last_error TEXT, 
	last_error_at DATETIME, 
	created_at DATETIME, 
	updated_at DATETIME, 
	PRIMARY KEY (id), 
	FOREIGN KEY(printer_id) REFERENCES printers (id) ON DELETE SET NULL
);
CREATE TABLE notification_templates (
	id INTEGER NOT NULL, 
	event_type VARCHAR(50) NOT NULL, 
	name VARCHAR(100) NOT NULL, 
	title_template TEXT NOT NULL, 
	body_template TEXT NOT NULL, 
	is_default BOOLEAN NOT NULL, 
	created_at DATETIME DEFAULT CURRENT_TIMESTAMP NOT NULL, 
	updated_at DATETIME DEFAULT CURRENT_TIMESTAMP NOT NULL, 
	PRIMARY KEY (id), 
	UNIQUE (event_type)
);
CREATE TABLE oidc_providers (
	id INTEGER NOT NULL, 
	name VARCHAR(100) NOT NULL, 
	issuer_url VARCHAR(500) NOT NULL, 
	client_id VARCHAR(255) NOT NULL, 
	client_secret VARCHAR(512) NOT NULL, 
	scopes VARCHAR(500) NOT NULL, 
	is_enabled BOOLEAN NOT NULL, 
	auto_create_users BOOLEAN NOT NULL, 
	auto_link_existing_accounts BOOLEAN NOT NULL, 
	email_claim VARCHAR(64) NOT NULL, 
	require_email_verified BOOLEAN NOT NULL, 
	default_group_id INTEGER, 
	icon_url TEXT, 
	icon_data BLOB, 
	icon_content_type VARCHAR(20), 
	icon_etag VARCHAR(64), 
	is_autologin BOOLEAN DEFAULT '0' NOT NULL, 
	is_env_managed BOOLEAN DEFAULT '0' NOT NULL, 
	created_at DATETIME DEFAULT CURRENT_TIMESTAMP NOT NULL, 
	updated_at DATETIME DEFAULT CURRENT_TIMESTAMP NOT NULL, 
	PRIMARY KEY (id), 
	CONSTRAINT ck_auto_link_requires_verified_email_claim CHECK (auto_link_existing_accounts = FALSE OR email_claim != 'email' OR require_email_verified = TRUE), 
	CONSTRAINT ck_oidc_icon_triplet_co_null CHECK ((icon_data IS NULL) = (icon_content_type IS NULL) AND (icon_content_type IS NULL) = (icon_etag IS NULL)), 
	UNIQUE (name), 
	FOREIGN KEY(default_group_id) REFERENCES groups (id) ON DELETE SET NULL
);
CREATE TABLE orca_base_profiles (
	id INTEGER NOT NULL, 
	name VARCHAR(300) NOT NULL, 
	profile_type VARCHAR(20) NOT NULL, 
	setting TEXT NOT NULL, 
	fetched_at DATETIME DEFAULT CURRENT_TIMESTAMP NOT NULL, 
	PRIMARY KEY (id)
);
CREATE TABLE pending_uploads (
	id INTEGER NOT NULL, 
	filename VARCHAR(255) NOT NULL, 
	file_path VARCHAR(500) NOT NULL, 
	file_size INTEGER NOT NULL, 
	metadata_print_name VARCHAR(255), 
	source_ip VARCHAR(45), 
	status VARCHAR(20) NOT NULL, 
	tags TEXT, 
	notes TEXT, 
	project_id INTEGER, 
	archived_id INTEGER, 
	uploaded_at DATETIME DEFAULT CURRENT_TIMESTAMP NOT NULL, 
	archived_at DATETIME, 
	PRIMARY KEY (id), 
	FOREIGN KEY(project_id) REFERENCES projects (id) ON DELETE SET NULL, 
	FOREIGN KEY(archived_id) REFERENCES print_archives (id) ON DELETE SET NULL
);
CREATE TABLE pipeline_jobs (
	id INTEGER NOT NULL, 
	pipeline_run_id INTEGER NOT NULL, 
	copy_index INTEGER NOT NULL, 
	assigned_printer_id INTEGER, 
	queue_entry_id INTEGER, 
	status VARCHAR(20) NOT NULL, 
	error_message TEXT, 
	dispatched_at DATETIME, 
	completed_at DATETIME, 
	PRIMARY KEY (id), 
	FOREIGN KEY(pipeline_run_id) REFERENCES pipeline_runs (id) ON DELETE CASCADE, 
	FOREIGN KEY(assigned_printer_id) REFERENCES printers (id) ON DELETE SET NULL, 
	FOREIGN KEY(queue_entry_id) REFERENCES print_queue (id) ON DELETE SET NULL
);
CREATE TABLE pipeline_runs (
	id INTEGER NOT NULL, 
	pipeline_id INTEGER, 
	source_library_file_id INTEGER, 
	source_archive_id INTEGER, 
	parent_run_id INTEGER, 
	copies INTEGER NOT NULL, 
	status VARCHAR(20) NOT NULL, 
	slice_job_id INTEGER, 
	sliced_library_file_id INTEGER, 
	eligibility_overridden BOOLEAN DEFAULT '0' NOT NULL, 
	error_message TEXT, 
	created_by INTEGER, 
	created_at DATETIME DEFAULT CURRENT_TIMESTAMP NOT NULL, 
	started_at DATETIME, 
	completed_at DATETIME, 
	PRIMARY KEY (id), 
	FOREIGN KEY(pipeline_id) REFERENCES slicer_pipelines (id) ON DELETE SET NULL, 
	FOREIGN KEY(source_library_file_id) REFERENCES library_files (id) ON DELETE SET NULL, 
	FOREIGN KEY(source_archive_id) REFERENCES print_archives (id) ON DELETE SET NULL, 
	FOREIGN KEY(parent_run_id) REFERENCES pipeline_runs (id) ON DELETE SET NULL, 
	FOREIGN KEY(sliced_library_file_id) REFERENCES library_files (id) ON DELETE SET NULL, 
	FOREIGN KEY(created_by) REFERENCES users (id) ON DELETE SET NULL
);
CREATE TABLE print_archives (
	id INTEGER NOT NULL, 
	printer_id INTEGER, 
	project_id INTEGER, 
	library_file_id INTEGER, 
	cost_center_id INTEGER, 
	filename VARCHAR(255) NOT NULL, 
	file_path VARCHAR(500) NOT NULL, 
	file_size INTEGER NOT NULL, 
	content_hash VARCHAR(64), 
	content_verified BOOLEAN, 
	thumbnail_path VARCHAR(500), 
	timelapse_path VARCHAR(500), 
	bambuddy_forced_timelapse BOOLEAN DEFAULT '0' NOT NULL, 
	timelapse_baseline JSON, 
	source_3mf_path VARCHAR(500), 
	f3d_path VARCHAR(500), 
	print_name VARCHAR(255), 
	print_time_seconds INTEGER, 
	filament_used_grams FLOAT, 
	filament_type VARCHAR(50), 
	filament_color VARCHAR(200), 
	filament_vendor VARCHAR(200), 
	layer_height FLOAT, 
	total_layers INTEGER, 
	nozzle_diameter FLOAT, 
	bed_temperature INTEGER, 
	bed_type VARCHAR(64), 
	nozzle_temperature INTEGER, 
	sliced_for_model VARCHAR(50), 
	status VARCHAR(20) NOT NULL, 
	started_at DATETIME, 
	completed_at DATETIME, 
	subtask_id VARCHAR(64), 
	billing_run_id VARCHAR(36), 
	plate_id INTEGER, 
	extra_data JSON, 
	makerworld_url VARCHAR(500), 
	designer VARCHAR(255), 
	external_url VARCHAR(500), 
	is_favorite BOOLEAN NOT NULL, 
	wallet_charge_skipped BOOLEAN NOT NULL, 
	tags TEXT, 
	notes TEXT, 
	cost FLOAT, 
	photos JSON, 
	failure_reason VARCHAR(100), 
	quantity INTEGER NOT NULL, 
	energy_kwh FLOAT, 
	energy_cost FLOAT, 
	energy_start_kwh FLOAT, 
	created_at DATETIME DEFAULT CURRENT_TIMESTAMP NOT NULL, 
	deleted_at DATETIME, 
	created_by_id INTEGER, 
	PRIMARY KEY (id), 
	FOREIGN KEY(printer_id) REFERENCES printers (id), 
	FOREIGN KEY(project_id) REFERENCES projects (id) ON DELETE SET NULL, 
	FOREIGN KEY(library_file_id) REFERENCES library_files (id) ON DELETE SET NULL, 
	FOREIGN KEY(cost_center_id) REFERENCES cost_centers (id) ON DELETE SET NULL, 
	FOREIGN KEY(created_by_id) REFERENCES users (id) ON DELETE SET NULL
);
CREATE TABLE print_batch_plates (
	id INTEGER NOT NULL, 
	batch_id INTEGER NOT NULL, 
	plate_id INTEGER, 
	plate_name VARCHAR(255), 
	quantity_target INTEGER NOT NULL, 
	sort_order INTEGER NOT NULL, 
	PRIMARY KEY (id), 
	CONSTRAINT uq_batch_plate UNIQUE (batch_id, plate_id), 
	FOREIGN KEY(batch_id) REFERENCES print_batches (id) ON DELETE CASCADE
);
CREATE TABLE print_batches (
	id INTEGER NOT NULL, 
	name VARCHAR(255) NOT NULL, 
	archive_id INTEGER, 
	library_file_id INTEGER, 
	quantity INTEGER NOT NULL, 
	status VARCHAR(20) NOT NULL, 
	project_id INTEGER, 
	due_date DATETIME, 
	notes TEXT, 
	created_at DATETIME DEFAULT CURRENT_TIMESTAMP NOT NULL, 
	completed_at DATETIME, 
	created_by_id INTEGER, 
	PRIMARY KEY (id), 
	FOREIGN KEY(archive_id) REFERENCES print_archives (id) ON DELETE SET NULL, 
	FOREIGN KEY(library_file_id) REFERENCES library_files (id) ON DELETE SET NULL, 
	FOREIGN KEY(project_id) REFERENCES projects (id) ON DELETE SET NULL, 
	FOREIGN KEY(created_by_id) REFERENCES users (id) ON DELETE SET NULL
);
CREATE TABLE print_log_entries (
	id INTEGER NOT NULL, 
	archive_id INTEGER, 
	queue_item_id INTEGER, 
	print_name VARCHAR(255), 
	printer_name VARCHAR(255), 
	printer_id INTEGER, 
	status VARCHAR(20) NOT NULL, 
	started_at DATETIME, 
	completed_at DATETIME, 
	duration_seconds INTEGER, 
	filament_type VARCHAR(50), 
	filament_color VARCHAR(200), 
	filament_used_grams FLOAT, 
	cost FLOAT, 
	energy_kwh FLOAT, 
	energy_cost FLOAT, 
	failure_reason VARCHAR(100), 
	thumbnail_path VARCHAR(500), 
	created_by_id INTEGER, 
	created_by_username VARCHAR(100), 
	created_at DATETIME DEFAULT CURRENT_TIMESTAMP NOT NULL, 
	PRIMARY KEY (id), 
	FOREIGN KEY(archive_id) REFERENCES print_archives (id) ON DELETE SET NULL, 
	FOREIGN KEY(queue_item_id) REFERENCES print_queue (id) ON DELETE SET NULL, 
	FOREIGN KEY(created_by_id) REFERENCES users (id) ON DELETE SET NULL
);
CREATE TABLE print_queue (
	id INTEGER NOT NULL, 
	printer_id INTEGER, 
	target_model VARCHAR(50), 
	target_location VARCHAR(100), 
	required_filament_types TEXT, 
	waiting_reason TEXT, 
	archive_id INTEGER, 
	library_file_id INTEGER, 
	cost_center_id INTEGER, 
	estimated_cost FLOAT, 
	billing_run_id VARCHAR(36), 
	project_id INTEGER, 
	batch_id INTEGER, 
	position INTEGER NOT NULL, 
	scheduled_time DATETIME, 
	manual_start BOOLEAN NOT NULL, 
	require_previous_success BOOLEAN NOT NULL, 
	auto_off_after BOOLEAN NOT NULL, 
	ams_mapping TEXT, 
	filament_overrides TEXT, 
	plate_id INTEGER, 
	print_time_seconds INTEGER, 
	been_jumped BOOLEAN NOT NULL, 
	gcode_injection BOOLEAN NOT NULL, 
	dispatch_attempts INTEGER DEFAULT '0' NOT NULL, 
	nozzle_mapping TEXT, 
	nozzles_info TEXT, 
	nozzle_rack_choice TEXT, 
	cleanup_library_after_dispatch BOOLEAN NOT NULL, 
	bed_levelling VARCHAR(8) NOT NULL, 
	flow_cali VARCHAR(8) NOT NULL, 
	vibration_cali BOOLEAN NOT NULL, 
	layer_inspect BOOLEAN NOT NULL, 
	timelapse BOOLEAN NOT NULL, 
	use_ams BOOLEAN NOT NULL, 
	nozzle_offset_cali VARCHAR(8) NOT NULL, 
	preheat_override VARCHAR(10) NOT NULL, 
	preheat_chamber_target_override INTEGER, 
	status VARCHAR(20) NOT NULL, 
	dispatching_at DATETIME, 
	gate_acknowledged BOOLEAN NOT NULL, 
	filament_short BOOLEAN NOT NULL, 
	skip_filament_check BOOLEAN NOT NULL, 
	started_at DATETIME, 
	completed_at DATETIME, 
	error_message TEXT, 
	created_at DATETIME DEFAULT CURRENT_TIMESTAMP NOT NULL, 
	created_by_id INTEGER, 
	PRIMARY KEY (id), 
	FOREIGN KEY(printer_id) REFERENCES printers (id) ON DELETE CASCADE, 
	FOREIGN KEY(archive_id) REFERENCES print_archives (id) ON DELETE CASCADE, 
	FOREIGN KEY(library_file_id) REFERENCES library_files (id) ON DELETE CASCADE, 
	FOREIGN KEY(cost_center_id) REFERENCES cost_centers (id) ON DELETE SET NULL, 
	FOREIGN KEY(project_id) REFERENCES projects (id) ON DELETE SET NULL, 
	FOREIGN KEY(batch_id) REFERENCES print_batches (id) ON DELETE SET NULL, 
	FOREIGN KEY(created_by_id) REFERENCES users (id) ON DELETE SET NULL
);
CREATE TABLE print_queue_variants (
	id INTEGER NOT NULL, 
	queue_item_id INTEGER NOT NULL, 
	position INTEGER NOT NULL, 
	library_file_id INTEGER NOT NULL, 
	target_model VARCHAR(50) NOT NULL, 
	plate_id INTEGER, 
	ams_mapping TEXT, 
	nozzle_mapping TEXT, 
	nozzle_rack_choice TEXT, 
	filament_overrides TEXT, 
	required_filament_types TEXT, 
	print_time_seconds INTEGER, 
	attempt_count INTEGER DEFAULT '0' NOT NULL, 
	created_at DATETIME DEFAULT CURRENT_TIMESTAMP NOT NULL, 
	PRIMARY KEY (id), 
	FOREIGN KEY(queue_item_id) REFERENCES print_queue (id) ON DELETE CASCADE, 
	FOREIGN KEY(library_file_id) REFERENCES library_files (id) ON DELETE CASCADE
);
CREATE TABLE printer_ha_sensors (
	id INTEGER NOT NULL, 
	printer_id INTEGER NOT NULL, 
	name VARCHAR(100) NOT NULL, 
	entity_id VARCHAR(255) NOT NULL, 
	kind VARCHAR(16) NOT NULL, 
	device_class VARCHAR(32), 
	unit VARCHAR(16), 
	alert_state VARCHAR(8), 
	alert_above FLOAT, 
	alert_below FLOAT, 
	block_print BOOLEAN DEFAULT '0' NOT NULL, 
	notify_on_alert BOOLEAN DEFAULT '0' NOT NULL, 
	show_on_printer_card BOOLEAN DEFAULT '1' NOT NULL, 
	sort_order INTEGER DEFAULT '0' NOT NULL, 
	last_state VARCHAR(64), 
	last_changed DATETIME, 
	last_checked DATETIME, 
	created_at DATETIME DEFAULT CURRENT_TIMESTAMP NOT NULL, 
	updated_at DATETIME DEFAULT CURRENT_TIMESTAMP NOT NULL, 
	PRIMARY KEY (id), 
	FOREIGN KEY(printer_id) REFERENCES printers (id) ON DELETE CASCADE
);
CREATE TABLE printer_maintenance (
	id INTEGER NOT NULL, 
	printer_id INTEGER NOT NULL, 
	maintenance_type_id INTEGER NOT NULL, 
	custom_interval_hours FLOAT, 
	custom_interval_type VARCHAR(20), 
	enabled BOOLEAN NOT NULL, 
	last_performed_at DATETIME, 
	last_performed_hours FLOAT NOT NULL, 
	created_at DATETIME DEFAULT CURRENT_TIMESTAMP NOT NULL, 
	updated_at DATETIME DEFAULT CURRENT_TIMESTAMP NOT NULL, 
	PRIMARY KEY (id), 
	FOREIGN KEY(printer_id) REFERENCES printers (id) ON DELETE CASCADE, 
	FOREIGN KEY(maintenance_type_id) REFERENCES maintenance_types (id) ON DELETE CASCADE
);
CREATE TABLE printer_sensor_history (
	id INTEGER NOT NULL, 
	printer_id INTEGER NOT NULL, 
	sensor_kind VARCHAR(32) NOT NULL, 
	value FLOAT, 
	target FLOAT, 
	recorded_at DATETIME DEFAULT CURRENT_TIMESTAMP NOT NULL, 
	PRIMARY KEY (id), 
	FOREIGN KEY(printer_id) REFERENCES printers (id) ON DELETE CASCADE
);
CREATE TABLE printers (
	id INTEGER NOT NULL, 
	name VARCHAR(100) NOT NULL, 
	serial_number VARCHAR(50) NOT NULL, 
	ip_address VARCHAR(253) NOT NULL, 
	access_code VARCHAR(20) NOT NULL, 
	model VARCHAR(50), 
	location VARCHAR(100), 
	nozzle_count INTEGER NOT NULL, 
	is_active BOOLEAN NOT NULL, 
	auto_archive BOOLEAN NOT NULL, 
	print_hours_offset FLOAT NOT NULL, 
	runtime_seconds INTEGER NOT NULL, 
	last_runtime_update DATETIME, 
	external_camera_url VARCHAR(500), 
	external_camera_type VARCHAR(20), 
	external_camera_enabled BOOLEAN NOT NULL, 
	external_camera_snapshot_url VARCHAR(500), 
	camera_rotation INTEGER NOT NULL, 
	plate_detection_enabled BOOLEAN NOT NULL, 
	plate_detection_roi_x FLOAT, 
	plate_detection_roi_y FLOAT, 
	plate_detection_roi_w FLOAT, 
	plate_detection_roi_h FLOAT, 
	awaiting_plate_clear BOOLEAN NOT NULL, 
	created_at DATETIME DEFAULT CURRENT_TIMESTAMP NOT NULL, 
	updated_at DATETIME DEFAULT CURRENT_TIMESTAMP NOT NULL, 
	PRIMARY KEY (id), 
	UNIQUE (serial_number)
);
CREATE TABLE project_bom_items (
	id INTEGER NOT NULL, 
	project_id INTEGER NOT NULL, 
	name VARCHAR(255) NOT NULL, 
	quantity_needed INTEGER NOT NULL, 
	quantity_acquired INTEGER NOT NULL, 
	unit_price FLOAT, 
	sourcing_url VARCHAR(512), 
	archive_id INTEGER, 
	stl_filename VARCHAR(255), 
	remarks TEXT, 
	sort_order INTEGER NOT NULL, 
	created_at DATETIME DEFAULT CURRENT_TIMESTAMP NOT NULL, 
	updated_at DATETIME DEFAULT CURRENT_TIMESTAMP NOT NULL, 
	PRIMARY KEY (id), 
	FOREIGN KEY(project_id) REFERENCES projects (id) ON DELETE CASCADE, 
	FOREIGN KEY(archive_id) REFERENCES print_archives (id) ON DELETE SET NULL
);
CREATE TABLE projects (
	id INTEGER NOT NULL, 
	name VARCHAR(255) NOT NULL, 
	description TEXT, 
	color VARCHAR(20), 
	status VARCHAR(20) NOT NULL, 
	url VARCHAR(2048), 
	cover_image_filename VARCHAR(255), 
	target_count INTEGER, 
	target_parts_count INTEGER, 
	target_sets INTEGER, 
	notes TEXT, 
	attachments JSON, 
	tags TEXT, 
	due_date DATETIME, 
	priority VARCHAR(20) NOT NULL, 
	budget FLOAT, 
	is_template BOOLEAN NOT NULL, 
	template_source_id INTEGER, 
	parent_id INTEGER, 
	created_at DATETIME DEFAULT CURRENT_TIMESTAMP NOT NULL, 
	updated_at DATETIME DEFAULT CURRENT_TIMESTAMP NOT NULL, 
	PRIMARY KEY (id), 
	FOREIGN KEY(parent_id) REFERENCES projects (id)
);
CREATE TABLE scheduled_dryings (
	id INTEGER NOT NULL, 
	printer_id INTEGER NOT NULL, 
	ams_id INTEGER NOT NULL, 
	"temp" INTEGER NOT NULL, 
	duration_hours INTEGER NOT NULL, 
	filament VARCHAR(50) NOT NULL, 
	rotate_tray BOOLEAN NOT NULL, 
	start_after DATETIME, 
	status VARCHAR(20) NOT NULL, 
	waiting_reason TEXT, 
	error_message TEXT, 
	created_at DATETIME DEFAULT CURRENT_TIMESTAMP NOT NULL, 
	started_at DATETIME, 
	completed_at DATETIME, 
	created_by_id INTEGER, 
	PRIMARY KEY (id), 
	FOREIGN KEY(printer_id) REFERENCES printers (id) ON DELETE CASCADE, 
	FOREIGN KEY(created_by_id) REFERENCES users (id) ON DELETE SET NULL
);
CREATE TABLE settings (
	id INTEGER NOT NULL, 
	"key" VARCHAR(100) NOT NULL, 
	value TEXT NOT NULL, 
	created_at DATETIME DEFAULT CURRENT_TIMESTAMP NOT NULL, 
	updated_at DATETIME DEFAULT CURRENT_TIMESTAMP NOT NULL, 
	PRIMARY KEY (id)
);
CREATE TABLE slicer_pipelines (
	id INTEGER NOT NULL, 
	name VARCHAR(200) NOT NULL, 
	description VARCHAR(1000), 
	printer_preset_source VARCHAR(20) NOT NULL, 
	printer_preset_id VARCHAR(200) NOT NULL, 
	process_preset_source VARCHAR(20) NOT NULL, 
	process_preset_id VARCHAR(200) NOT NULL, 
	filament_presets_json TEXT NOT NULL, 
	bed_type VARCHAR(64), 
	target_kind VARCHAR(20) NOT NULL, 
	target_printer_id INTEGER, 
	target_model_class VARCHAR(20), 
	fanout_strategy VARCHAR(20) NOT NULL, 
	created_by INTEGER, 
	is_deleted BOOLEAN DEFAULT '0' NOT NULL, 
	created_at DATETIME DEFAULT CURRENT_TIMESTAMP NOT NULL, 
	updated_at DATETIME DEFAULT CURRENT_TIMESTAMP NOT NULL, 
	PRIMARY KEY (id), 
	FOREIGN KEY(target_printer_id) REFERENCES printers (id) ON DELETE SET NULL, 
	FOREIGN KEY(created_by) REFERENCES users (id) ON DELETE SET NULL
);
CREATE TABLE slot_preset_mappings (
	id INTEGER NOT NULL, 
	printer_id INTEGER NOT NULL, 
	ams_id INTEGER NOT NULL, 
	tray_id INTEGER NOT NULL, 
	preset_id VARCHAR(100) NOT NULL, 
	preset_name VARCHAR(200) NOT NULL, 
	preset_source VARCHAR(20) NOT NULL, 
	created_at DATETIME DEFAULT CURRENT_TIMESTAMP NOT NULL, 
	updated_at DATETIME DEFAULT CURRENT_TIMESTAMP NOT NULL, 
	PRIMARY KEY (id), 
	CONSTRAINT uq_slot_preset UNIQUE (printer_id, ams_id, tray_id), 
	FOREIGN KEY(printer_id) REFERENCES printers (id) ON DELETE CASCADE
);
CREATE TABLE smart_plug_energy_snapshots (
	id INTEGER NOT NULL, 
	plug_id INTEGER NOT NULL, 
	recorded_at DATETIME NOT NULL, 
	lifetime_kwh FLOAT NOT NULL, 
	PRIMARY KEY (id), 
	FOREIGN KEY(plug_id) REFERENCES smart_plugs (id) ON DELETE CASCADE
);
CREATE TABLE smart_plugs (
	id INTEGER NOT NULL, 
	name VARCHAR(100) NOT NULL, 
	ip_address VARCHAR(45), 
	plug_type VARCHAR(20) NOT NULL, 
	ha_entity_id VARCHAR(100), 
	ha_power_entity VARCHAR(100), 
	ha_energy_today_entity VARCHAR(100), 
	ha_energy_total_entity VARCHAR(100), 
	mqtt_topic VARCHAR(200), 
	mqtt_power_topic VARCHAR(200), 
	mqtt_power_path VARCHAR(100), 
	mqtt_power_multiplier FLOAT NOT NULL, 
	mqtt_energy_topic VARCHAR(200), 
	mqtt_energy_path VARCHAR(100), 
	mqtt_energy_multiplier FLOAT NOT NULL, 
	mqtt_state_topic VARCHAR(200), 
	mqtt_state_path VARCHAR(100), 
	mqtt_state_on_value VARCHAR(50), 
	mqtt_multiplier FLOAT NOT NULL, 
	rest_on_url VARCHAR(500), 
	rest_on_body TEXT, 
	rest_off_url VARCHAR(500), 
	rest_off_body TEXT, 
	rest_method VARCHAR(10), 
	rest_headers TEXT, 
	rest_status_url VARCHAR(500), 
	rest_status_path VARCHAR(200), 
	rest_status_on_value VARCHAR(50), 
	rest_power_url VARCHAR(500), 
	rest_power_path VARCHAR(200), 
	rest_power_multiplier FLOAT DEFAULT '1.0' NOT NULL, 
	rest_energy_url VARCHAR(500), 
	rest_energy_path VARCHAR(200), 
	rest_energy_multiplier FLOAT DEFAULT '1.0' NOT NULL, 
	rest_energy_total_path VARCHAR(200), 
	rest_energy_total_multiplier FLOAT DEFAULT '1.0' NOT NULL, 
	printer_id INTEGER, 
	controls_printer_power BOOLEAN DEFAULT '1' NOT NULL, 
	enabled BOOLEAN NOT NULL, 
	auto_on BOOLEAN NOT NULL, 
	auto_off BOOLEAN NOT NULL, 
	auto_off_persistent BOOLEAN NOT NULL, 
	off_delay_mode VARCHAR(20) NOT NULL, 
	off_delay_minutes INTEGER NOT NULL, 
	off_temp_threshold INTEGER NOT NULL, 
	auto_off_after_drying BOOLEAN DEFAULT '0' NOT NULL, 
	off_delay_after_drying_minutes INTEGER DEFAULT '10' NOT NULL, 
	username VARCHAR(50), 
	password VARCHAR(100), 
	power_alert_enabled BOOLEAN NOT NULL, 
	power_alert_high FLOAT, 
	power_alert_low FLOAT, 
	power_alert_last_triggered DATETIME, 
	schedule_enabled BOOLEAN NOT NULL, 
	schedule_on_time VARCHAR(5), 
	schedule_off_time VARCHAR(5), 
	show_in_switchbar BOOLEAN NOT NULL, 
	show_on_printer_card BOOLEAN NOT NULL, 
	last_state VARCHAR(10), 
	last_checked DATETIME, 
	auto_off_executed BOOLEAN NOT NULL, 
	auto_off_pending BOOLEAN NOT NULL, 
	auto_off_pending_since DATETIME, 
	created_at DATETIME DEFAULT CURRENT_TIMESTAMP NOT NULL, 
	updated_at DATETIME DEFAULT CURRENT_TIMESTAMP NOT NULL, 
	PRIMARY KEY (id), 
	FOREIGN KEY(printer_id) REFERENCES printers (id) ON DELETE SET NULL
);
CREATE TABLE sponsor_toast_state (
	id INTEGER NOT NULL, 
	user_id INTEGER, 
	last_shown_at DATETIME, 
	milestones_seen TEXT NOT NULL, 
	last_seen_version VARCHAR(50), 
	created_at DATETIME DEFAULT CURRENT_TIMESTAMP NOT NULL, 
	updated_at DATETIME DEFAULT CURRENT_TIMESTAMP NOT NULL, 
	PRIMARY KEY (id), 
	CONSTRAINT uq_sponsor_toast_state_user_id UNIQUE (user_id), 
	FOREIGN KEY(user_id) REFERENCES users (id) ON DELETE CASCADE
);
CREATE TABLE spool (
	id INTEGER NOT NULL, 
	material VARCHAR(50) NOT NULL, 
	subtype VARCHAR(50), 
	color_name VARCHAR(100), 
	rgba VARCHAR(8), 
	extra_colors VARCHAR(255), 
	effect_type VARCHAR(20), 
	brand VARCHAR(100), 
	label_weight INTEGER NOT NULL, 
	core_weight INTEGER NOT NULL, 
	core_weight_catalog_id INTEGER, 
	weight_used FLOAT NOT NULL, 
	weight_used_baseline FLOAT NOT NULL, 
	weight_locked BOOLEAN NOT NULL, 
	last_scale_weight INTEGER, 
	last_weighed_at DATETIME, 
	slicer_filament VARCHAR(50), 
	slicer_filament_name VARCHAR(100), 
	nozzle_temp_min INTEGER, 
	nozzle_temp_max INTEGER, 
	note VARCHAR(500), 
	added_full BOOLEAN, 
	category VARCHAR(50), 
	low_stock_threshold_pct INTEGER, 
	cost_per_kg FLOAT, 
	storage_location VARCHAR(255), 
	location_id INTEGER, 
	last_used DATETIME, 
	encode_time DATETIME, 
	tag_uid VARCHAR(32), 
	tray_uuid VARCHAR(32), 
	data_origin VARCHAR(20), 
	tag_type VARCHAR(20), 
	archived_at DATETIME, 
	created_at DATETIME DEFAULT CURRENT_TIMESTAMP NOT NULL, 
	updated_at DATETIME DEFAULT CURRENT_TIMESTAMP NOT NULL, 
	PRIMARY KEY (id), 
	FOREIGN KEY(location_id) REFERENCES locations (id)
);
CREATE TABLE spool_assignment (
	id INTEGER NOT NULL, 
	spool_id INTEGER NOT NULL, 
	printer_id INTEGER NOT NULL, 
	ams_id INTEGER NOT NULL, 
	tray_id INTEGER NOT NULL, 
	fingerprint_color VARCHAR(8), 
	fingerprint_type VARCHAR(50), 
	created_at DATETIME DEFAULT CURRENT_TIMESTAMP NOT NULL, 
	PRIMARY KEY (id), 
	UNIQUE (printer_id, ams_id, tray_id), 
	FOREIGN KEY(spool_id) REFERENCES spool (id) ON DELETE CASCADE, 
	FOREIGN KEY(printer_id) REFERENCES printers (id) ON DELETE CASCADE
);
CREATE TABLE spool_catalog (
	id INTEGER NOT NULL, 
	name VARCHAR(200) NOT NULL, 
	weight INTEGER NOT NULL, 
	is_default BOOLEAN NOT NULL, 
	created_at DATETIME DEFAULT CURRENT_TIMESTAMP NOT NULL, 
	PRIMARY KEY (id)
);
CREATE TABLE spool_k_profile (
	id INTEGER NOT NULL, 
	spool_id INTEGER NOT NULL, 
	printer_id INTEGER NOT NULL, 
	extruder INTEGER NOT NULL, 
	nozzle_diameter VARCHAR(10) NOT NULL, 
	nozzle_type VARCHAR(50), 
	k_value FLOAT NOT NULL, 
	name VARCHAR(100), 
	cali_idx INTEGER, 
	setting_id VARCHAR(50), 
	created_at DATETIME DEFAULT CURRENT_TIMESTAMP NOT NULL, 
	PRIMARY KEY (id), 
	FOREIGN KEY(spool_id) REFERENCES spool (id) ON DELETE CASCADE, 
	FOREIGN KEY(printer_id) REFERENCES printers (id) ON DELETE CASCADE
);
CREATE TABLE spool_usage_history (
	id INTEGER NOT NULL, 
	spool_id INTEGER NOT NULL, 
	printer_id INTEGER, 
	print_name VARCHAR(500), 
	archive_id INTEGER, 
	weight_used FLOAT NOT NULL, 
	percent_used INTEGER NOT NULL, 
	status VARCHAR(20) NOT NULL, 
	cost FLOAT, 
	created_at DATETIME DEFAULT CURRENT_TIMESTAMP NOT NULL, 
	PRIMARY KEY (id), 
	FOREIGN KEY(spool_id) REFERENCES spool (id) ON DELETE CASCADE, 
	FOREIGN KEY(printer_id) REFERENCES printers (id) ON DELETE SET NULL, 
	FOREIGN KEY(archive_id) REFERENCES print_archives (id)
);
CREATE TABLE spoolbuddy_devices (
	id INTEGER NOT NULL, 
	device_id VARCHAR(50) NOT NULL, 
	hostname VARCHAR(100) NOT NULL, 
	ip_address VARCHAR(45) NOT NULL, 
	firmware_version VARCHAR(20), 
	has_nfc BOOLEAN NOT NULL, 
	has_scale BOOLEAN NOT NULL, 
	tare_offset INTEGER NOT NULL, 
	calibration_factor FLOAT NOT NULL, 
	nfc_reader_type VARCHAR(20), 
	nfc_connection VARCHAR(20), 
	backend_url VARCHAR(255), 
	display_brightness INTEGER NOT NULL, 
	display_blank_timeout INTEGER NOT NULL, 
	has_backlight BOOLEAN NOT NULL, 
	last_calibrated_at DATETIME, 
	last_seen DATETIME, 
	pending_command VARCHAR(50), 
	pending_write_payload TEXT, 
	update_status VARCHAR(20), 
	update_message VARCHAR(255), 
	pending_system_payload TEXT, 
	nfc_ok BOOLEAN NOT NULL, 
	scale_ok BOOLEAN NOT NULL, 
	uptime_s INTEGER NOT NULL, 
	system_stats TEXT, 
	ssh_host_key TEXT, 
	created_at DATETIME DEFAULT CURRENT_TIMESTAMP NOT NULL, 
	updated_at DATETIME DEFAULT CURRENT_TIMESTAMP NOT NULL, 
	PRIMARY KEY (id)
);
CREATE TABLE spoolman_k_profile (
	id INTEGER NOT NULL, 
	spoolman_spool_id INTEGER NOT NULL, 
	printer_id INTEGER NOT NULL, 
	extruder INTEGER NOT NULL, 
	nozzle_diameter VARCHAR(10) NOT NULL, 
	nozzle_type VARCHAR(50), 
	k_value FLOAT NOT NULL, 
	name VARCHAR(100), 
	cali_idx INTEGER, 
	setting_id VARCHAR(50), 
	created_at DATETIME DEFAULT CURRENT_TIMESTAMP NOT NULL, 
	PRIMARY KEY (id), 
	UNIQUE (spoolman_spool_id, printer_id, extruder, nozzle_diameter), 
	CONSTRAINT ck_extruder_range CHECK (extruder >= 0 AND extruder <= 1), 
	FOREIGN KEY(printer_id) REFERENCES printers (id) ON DELETE CASCADE
);
CREATE TABLE spoolman_slot_assignments (
	id INTEGER NOT NULL, 
	printer_id INTEGER NOT NULL, 
	ams_id INTEGER NOT NULL, 
	tray_id INTEGER NOT NULL, 
	spoolman_spool_id INTEGER NOT NULL, 
	assigned_at DATETIME DEFAULT CURRENT_TIMESTAMP NOT NULL, 
	PRIMARY KEY (id), 
	CONSTRAINT uq_slot_assignment UNIQUE (printer_id, ams_id, tray_id), 
	CONSTRAINT ck_ams_id_range CHECK ((ams_id >= 0 AND ams_id <= 7) OR (ams_id >= 128 AND ams_id <= 191) OR ams_id = 255), 
	CONSTRAINT ck_tray_id_range CHECK (tray_id >= 0 AND tray_id <= 3), 
	FOREIGN KEY(printer_id) REFERENCES printers (id) ON DELETE CASCADE
);
CREATE TABLE user_email_preferences (
	id INTEGER NOT NULL, 
	user_id INTEGER NOT NULL, 
	notify_print_start BOOLEAN NOT NULL, 
	notify_print_complete BOOLEAN NOT NULL, 
	notify_print_failed BOOLEAN NOT NULL, 
	notify_print_stopped BOOLEAN NOT NULL, 
	created_at DATETIME DEFAULT CURRENT_TIMESTAMP NOT NULL, 
	updated_at DATETIME DEFAULT CURRENT_TIMESTAMP NOT NULL, 
	PRIMARY KEY (id), 
	FOREIGN KEY(user_id) REFERENCES users (id) ON DELETE CASCADE
);
CREATE TABLE user_groups (
	user_id INTEGER NOT NULL, 
	group_id INTEGER NOT NULL, 
	PRIMARY KEY (user_id, group_id), 
	FOREIGN KEY(user_id) REFERENCES users (id) ON DELETE CASCADE, 
	FOREIGN KEY(group_id) REFERENCES groups (id) ON DELETE CASCADE
);
CREATE TABLE user_oidc_links (
	id INTEGER NOT NULL, 
	user_id INTEGER NOT NULL, 
	provider_id INTEGER NOT NULL, 
	provider_user_id VARCHAR(500) NOT NULL, 
	provider_email VARCHAR(255), 
	created_at DATETIME DEFAULT CURRENT_TIMESTAMP NOT NULL, 
	PRIMARY KEY (id), 
	CONSTRAINT uq_oidc_link_provider_sub UNIQUE (provider_id, provider_user_id), 
	CONSTRAINT uq_oidc_link_user_provider UNIQUE (user_id, provider_id), 
	FOREIGN KEY(user_id) REFERENCES users (id) ON DELETE CASCADE, 
	FOREIGN KEY(provider_id) REFERENCES oidc_providers (id) ON DELETE CASCADE
);
CREATE TABLE user_otp_codes (
	id INTEGER NOT NULL, 
	user_id INTEGER NOT NULL, 
	code_hash VARCHAR(255) NOT NULL, 
	attempts INTEGER NOT NULL, 
	used BOOLEAN NOT NULL, 
	expires_at DATETIME NOT NULL, 
	created_at DATETIME DEFAULT CURRENT_TIMESTAMP NOT NULL, 
	PRIMARY KEY (id), 
	FOREIGN KEY(user_id) REFERENCES users (id) ON DELETE CASCADE
);
CREATE TABLE user_totp (
	id INTEGER NOT NULL, 
	user_id INTEGER NOT NULL, 
	secret VARCHAR(512) NOT NULL, 
	is_enabled BOOLEAN NOT NULL, 
	backup_codes_json TEXT, 
	last_totp_counter BIGINT, 
	created_at DATETIME DEFAULT CURRENT_TIMESTAMP NOT NULL, 
	updated_at DATETIME DEFAULT CURRENT_TIMESTAMP NOT NULL, 
	PRIMARY KEY (id), 
	FOREIGN KEY(user_id) REFERENCES users (id) ON DELETE CASCADE
);
CREATE TABLE user_wallets (
	id INTEGER NOT NULL, 
	user_id INTEGER NOT NULL, 
	balance NUMERIC(14, 2) NOT NULL, 
	currency VARCHAR(3) NOT NULL, 
	updated_at DATETIME DEFAULT CURRENT_TIMESTAMP NOT NULL, 
	PRIMARY KEY (id), 
	FOREIGN KEY(user_id) REFERENCES users (id) ON DELETE CASCADE
);
CREATE TABLE users (
	id INTEGER NOT NULL, 
	username VARCHAR(100) NOT NULL, 
	email VARCHAR(255), 
	password_hash VARCHAR(255), 
	role VARCHAR(20) NOT NULL, 
	auth_source VARCHAR(20) NOT NULL, 
	is_active BOOLEAN NOT NULL, 
	created_at DATETIME DEFAULT CURRENT_TIMESTAMP NOT NULL, 
	updated_at DATETIME DEFAULT CURRENT_TIMESTAMP NOT NULL, 
	password_changed_at DATETIME, 
	cloud_token VARCHAR(500), 
	cloud_email VARCHAR(255), 
	cloud_region VARCHAR(10), 
	cloud_token_invalid_at DATETIME, 
	orca_cloud_token VARCHAR(2000), 
	orca_cloud_refresh_token VARCHAR(128), 
	orca_cloud_expires_at DATETIME, 
	orca_cloud_email VARCHAR(255), 
	orca_cloud_user_id VARCHAR(64), 
	orca_cloud_pending_verifier VARCHAR(64), 
	orca_cloud_pending_state VARCHAR(32), 
	orca_cloud_pending_at DATETIME, 
	PRIMARY KEY (id)
);
CREATE TABLE virtual_printers (
	id INTEGER NOT NULL, 
	name VARCHAR(100) NOT NULL, 
	enabled BOOLEAN NOT NULL, 
	mode VARCHAR(20) NOT NULL, 
	auto_dispatch BOOLEAN DEFAULT 'true' NOT NULL, 
	queue_force_color_match BOOLEAN DEFAULT 'false' NOT NULL, 
	save_ams_mapping BOOLEAN DEFAULT 'false' NOT NULL, 
	gcode_injection BOOLEAN DEFAULT 'false' NOT NULL, 
	model VARCHAR(50), 
	access_code VARCHAR(8), 
	target_printer_id INTEGER, 
	bind_ip VARCHAR(45), 
	remote_interface_ip VARCHAR(45), 
	tailscale_disabled BOOLEAN DEFAULT 'true' NOT NULL, 
	serial_suffix VARCHAR(9) NOT NULL, 
	position INTEGER NOT NULL, 
	created_at DATETIME DEFAULT CURRENT_TIMESTAMP NOT NULL, 
	updated_at DATETIME DEFAULT CURRENT_TIMESTAMP NOT NULL, 
	PRIMARY KEY (id), 
	FOREIGN KEY(target_printer_id) REFERENCES printers (id) ON DELETE SET NULL
);
CREATE TABLE wallet_transactions (
	id INTEGER NOT NULL, 
	user_id INTEGER NOT NULL, 
	cost_center_id INTEGER, 
	transaction_type VARCHAR(40) NOT NULL, 
	amount NUMERIC(14, 2) NOT NULL, 
	balance_after NUMERIC(14, 2), 
	description TEXT, 
	created_by_user_id INTEGER, 
	print_run_id VARCHAR(100), 
	print_archive_id INTEGER, 
	print_queue_id INTEGER, 
	is_voided BOOLEAN NOT NULL, 
	created_at DATETIME DEFAULT CURRENT_TIMESTAMP NOT NULL, 
	PRIMARY KEY (id), 
	CONSTRAINT ck_wallet_transactions_transaction_type CHECK (transaction_type IN ('print_charge', 'deposit', 'withdraw', 'manual_adjustment')), 
	FOREIGN KEY(user_id) REFERENCES users (id) ON DELETE CASCADE, 
	FOREIGN KEY(cost_center_id) REFERENCES cost_centers (id) ON DELETE SET NULL, 
	FOREIGN KEY(created_by_user_id) REFERENCES users (id) ON DELETE SET NULL, 
	FOREIGN KEY(print_archive_id) REFERENCES print_archives (id) ON DELETE SET NULL, 
	FOREIGN KEY(print_queue_id) REFERENCES print_queue (id) ON DELETE SET NULL
);

### stderr:

