### exit: 0
### stdout:
{
 "constants": {
  "DISCONNECT_POLL_SECONDS": 1.0,
  "DROP_LOG_INTERVAL": 60.0,
  "GRACE_SECONDS": 5.0,
  "SUBSCRIBER_QUEUE_SIZE": 4,
  "TEARDOWN_WAIT_SECONDS": 10.0,
  "UPSTREAM_GONE": ""
 },
 "fanout": {
  "after_upstream_end": [
   "",
   ""
  ],
  "first": "f1",
  "late_joiner_primed_with": "f1",
  "second": [
   "f2",
   "f2"
  ],
  "stopped_after_upstream_end": false,
  "subscribers": 2,
  "third": [
   "f3",
   "f3"
  ],
  "upstream_closed": true,
  "upstream_started": 1
 },
 "force_shutdown": {
  "frames_before": [
   "f1",
   "f1"
  ],
  "kicked_with": [
   "",
   ""
  ],
  "stopped": true,
  "subscribers": 0,
  "upstream_closed": true,
  "upstream_disconnect_set": true
 },
 "grace_cancelled_by_rejoin": {
  "frame_after_rejoin": "f1",
  "stopped": false,
  "subscribers": 1,
  "upstream_started": 1
 },
 "grace_teardown": {
  "remaining_after_unsubscribe": 0,
  "stopped": true,
  "subscribe_after_stop": "RuntimeError: broadcaster 'grace' is stopped",
  "unsubscribe_unknown_queue_returns": 0,
  "upstream_closed": true,
  "upstream_disconnect_set": true
 },
 "iter_subscriber": {
  "chunks": [
   "f1",
   "f2"
  ],
  "disconnect_checks": 2,
  "ended": "StopAsyncIteration",
  "on_unsubscribe_remaining": [
   0
  ],
  "subscribers": 0
 },
 "iter_subscriber_black": {
  "ended_without_frames": "StopAsyncIteration",
  "polls_until_disconnect_seen": 3,
  "subscribers": 0
 },
 "registry": {
  "bc2_stopped_after_shutdown_all": true,
  "count_after_shutdown": 0,
  "count_after_subscribe": 1,
  "count_before_subscribe": 0,
  "factories_started": [
   0,
   0,
   1
  ],
  "frame_from_replacement": "c1",
  "keys_after_shutdown": [],
  "keys_live": [
   "k"
  ],
  "kicked_with": "",
  "registry_after_shutdown_all": [],
  "replacement_chained_to_predecessor": true,
  "same_instance_while_live": true,
  "shutdown_returns": [
   true,
   false,
   false
  ],
  "stopped_entry_stays_registered": true
 },
 "slow_subscriber": {
  "queue_size_cap": 4,
  "queued_for_slow_viewer": [
   "f1",
   "f2",
   "f3",
   "f4"
  ],
  "released": 7
 },
 "upstream_gone_then_iter": {
  "stopped": false,
  "subscribers": 0,
  "yielded": [
   "f1"
  ]
 }
}

### stderr:

