### exit: 0
### stdout:
     1	<Route
     2	<Route
     3	<Route
     4	<Route
     5	<Route
     6	path="/setup"
     7	element=SetupRoute
     8	<Route
     9	path="/login"
    10	element=LoginPage
    11	<Route
    12	path="/aito/fx"
    13	element=AitoFxDemoPage
    14	<Route
    15	path="/camera/:printerId"
    16	element=CameraPage
    17	<Route
    18	path="/overlay/:printerId"
    19	element=StreamOverlayPage
    20	<Route
    21	path="/calculator/quote"
    22	<Route
    23	element=ProtectedRoute
    24	<Route
    25	path="spoolbuddy"
    26	element=SpoolBuddyDashboard
    27	<Route
    28	path="spoolbuddy/ams"
    29	element=SpoolBuddyAmsPage
    30	<Route
    31	path="spoolbuddy/write-tag"
    32	element=SpoolBuddyWriteTagPage
    33	<Route
    34	path="spoolbuddy/inventory"
    35	element=SpoolBuddyInventoryPage
    36	<Route
    37	path="spoolbuddy/settings"
    38	element=SpoolBuddySettingsPage
    39	<Route
    40	path="spoolbuddy/calibration"
    41	element=SpoolBuddyCalibrationPage
    42	<Route
    43	element=ProtectedRoute
    44	<Route
    45	element=PrintersPage
    46	<Route
    47	path="archives"
    48	element=ArchivesPage
    49	<Route
    50	path="queue"
    51	element=QueuePage
    52	<Route
    53	path="pipelines/runs"
    54	element=Navigate
    55	<Route
    56	path="stats"
    57	element=StatsPage
    58	<Route
    59	path="profiles"
    60	element=ProfilesPage
    61	<Route
    62	path="filament-profiles"
    63	element=FilamentProfilesPage
    64	<Route
    65	path="finance"
    66	element=PermissionRoute
    67	<Route
    68	path="maintenance"
    69	element=MaintenancePage
    70	<Route
    71	path="calculator"
    72	element=PermissionRoute
    73	<Route
    74	path="projects"
    75	element=ProjectsPage
    76	<Route
    77	path="projects/:id"
    78	element=ProjectDetailPage
    79	<Route
    80	path="aito"
    81	element=AitoPage
    82	<Route
    83	path="inventory"
    84	element=InventoryPage
    85	<Route
    86	path="files"
    87	element=FileManagerPage
    88	<Route
    89	path="files/trash"
    90	element=LibraryTrashPage
    91	<Route
    92	path="makerworld"
    93	element=PermissionRoute
    94	<Route
    95	path="settings"
    96	element=PermissionRoute
    97	<Route
    98	path="groups/new"
    99	element=PermissionRoute
   100	<Route
   101	path="groups/:id/edit"
   102	element=PermissionRoute
   103	<Route
   104	path="users"
   105	element=Navigate
   106	<Route
   107	path="groups"
   108	element=Navigate
   109	<Route
   110	path="system"
   111	element=SystemInfoPage
   112	<Route
   113	path="notifications"
   114	element=NotificationsPage
   115	<Route
   116	path="gcode-viewer"
   117	element=GCodeViewerPage
   118	<Route
   119	path="external/:id"
   120	element=ExternalLinkPage
   121	<Route
   122	path="camera-tokens"
   123	element=Navigate
   124	<Route
   125	<Route

### stderr:

