### exit: 0
### stdout:
## tabs
activeTab === 'apikeys'
activeTab === 'backup'
activeTab === 'failure-detection'
activeTab === 'filament'
activeTab === 'general'
activeTab === 'network'
activeTab === 'notifications'
activeTab === 'plugs'
activeTab === 'queue'
activeTab === 'spoolbuddy'
activeTab === 'users'
activeTab === 'virtual-printer'
activeTab === 'zoho'
## users sub-tabs
usersSubTab === 'email'
usersSubTab === 'ldap'
usersSubTab === 'oidc'
usersSubTab === 'security'
usersSubTab === 'twofa'
usersSubTab === 'users'
## card anchors
id="card-2fa-emailotp"
id="card-2fa-linked"
id="card-2fa-totp"
id="card-amsthresholds"
id="card-apibrowser"
id="card-appearance"
id="card-archive"
id="card-backup-github"
id="card-backup-history"
id="card-backup-local"
id="card-backup-scheduled"
id="card-backup"
id="card-camera-tokens"
id="card-camera"
id="card-color-catalog"
id="card-concurrent-uploads"
id="card-cost"
id="card-createapi"
id="card-currentuser"
id="card-data"
id="card-drying"
id="card-email-advanced-auth"
id="card-email-test"
id="card-externalurl"
id="card-failure-detection"
id="card-fd-history"
id="card-fd-ml"
id="card-fd-perprinter"
id="card-fd-status"
id="card-filamentchecks"
id="card-filemanager"
id="card-ftpretry"
id="card-gcode"
id="card-general"
id="card-groups"
id="card-ha"
id="card-heimdall"
id="card-ldap-server"
id="card-ldap-toggle"
id="card-ldap"
id="card-mfa-encryption"
id="card-mqtt"
id="card-oidc-empty"
id="card-oidc"
id="card-openrouter"
id="card-pipelines"
id="card-plate"
id="card-plugs"
id="card-preheat"
id="card-print-options"
id="card-printmodal"
id="card-prometheus"
id="card-providers"
id="card-session-policy"
id="card-sidebar-links"
id="card-slicer"
id="card-smtp-config"
id="card-smtp"
id="card-spool-catalog"
id="card-spoolbuddy"
id="card-spoolman"
id="card-staggered"
id="card-stream-overlay"
id="card-temp-fan-presets"
id="card-templates"
id="card-updates"
id="card-users"
id="card-vp"
id="card-webhooks"
id="card-zoho-tab"
id="card-zoho"
## i18n keys used
t('a'
t('archiveAutoPurge.ageDescription'
t('archiveAutoPurge.ageLabel'
t('archiveAutoPurge.days'
t('archiveAutoPurge.enableDescription'
t('archiveAutoPurge.enableLabel'
t('archiveAutoPurge.purgeStatsDescription'
t('archiveAutoPurge.purgeStatsLabel'
t('archiveAutoPurge.saveFailed'
t('auto_create_users'
t('auto_link_existing_accounts'
t('backup.allowInsecureHttp'
t('backup.allowInsecureHttpHint'
t('backup.appSettings'
t('backup.appSettingsDescription'
t('backup.autoBackup'
t('backup.backupCompleteFiles'
t('backup.backupDownloaded'
t('backup.backupFailed2'
t('backup.backupFiles'
t('backup.backupNow'
t('backup.backupRestoredRestart'
t('backup.backupRunning'
t('backup.backupSkippedNoChanges'
t('backup.backupTime'
t('backup.branch'
t('backup.clear'
t('backup.clearedLogs'
t('backup.cloudLoginRequiredShort'
t('backup.cloudProfiles'
t('backup.cloudProfilesAccounts'
t('backup.cloudProfilesDescription'
t('backup.commit'
t('backup.completeBackupZip'
t('backup.creatingArchive'
t('backup.creatingBackup'
t('backup.daily'
t('backup.date'
t('backup.defaultPathLabel'
t('backup.deleteBackup'
t('backup.deleteBackupConfirm'
t('backup.doNotClosePage'
t('backup.download'
t('backup.downloadBackupLabel'
t('backup.downloadingFile'
t('backup.enableBackup'
t('backup.enabled'
t('backup.enterNewToken'
t('backup.enterRepoAndToken'
t('backup.enterRepoUrl'
t('backup.failedToClearLogs'
t('backup.failedToCreateBackup'
t('backup.failedToRestore'
t('backup.failedToSave'
t('backup.frequency'
t('backup.githubBackup'
t('backup.githubBackupEnabled'
t('backup.githubDescription'
t('backup.history'
t('backup.hourly'
t('backup.includeInBackup'
t('backup.includesEncryptionKey'
t('backup.kProfiles'
t('backup.kProfilesDescription'
t('backup.lastBackup'
t('backup.lastBackupAt'
t('backup.localBackup'
t('backup.localBackupDescription'
t('backup.localTimeHint'
t('backup.manualOnly'
t('backup.next'
t('backup.nextBackup'
t('backup.noBackupsYet'
t('backup.noPrintersConnected'
t('backup.noScheduledBackups'
t('backup.outputPath'
t('backup.outputPathDescription'
t('backup.pathCheck.container_ephemeral'
t('backup.pathCheck.ephemeralTitle'
t('backup.pathCheck.howToFix'
t('backup.pathCheck.title'
t('backup.personalAccessToken'
t('backup.preparing'
t('backup.preparingBackup'
t('backup.printArchives'
t('backup.printArchivesDescription'
t('backup.printersConnected'
t('backup.processing'
t('backup.provider'
t('backup.providerForgejo'
t('backup.providerGitea'
t('backup.providerGitHub'
t('backup.providerGitLab'
t('backup.reloadNow'
t('backup.repoIsPrivate'
t('backup.repoRequired'
t('backup.repositoryUrl'
t('backup.restore'
t('backup.restoreBackup'
t('backup.restoreConfirmButton'
t('backup.restoreConfirmMessage'
t('backup.restoreConfirmTitle'
t('backup.restoreDescription'
t('backup.restoreFromGit.button'
t('backup.restoreNote'
t('backup.restoreReplacesAll'
t('backup.restoreReplacesAllDetail'
t('backup.restoring'
t('backup.restoringBackup'
t('backup.retention'
t('backup.retentionDescription'
t('backup.runNow'
t('backup.scheduledBackup'
t('backup.scheduledBackupComplete'
t('backup.scheduledBackupDescription'
t('backup.scheduledBackupFailed'
t('backup.settingsSaved'
t('backup.spoolInventory'
t('backup.spoolInventoryDescription'
t('backup.startingBackup'
t('backup.status'
t('backup.test'
t('backup.testConnection'
t('backup.tokenRequired'
t('backup.tokenSaved'
t('backup.tokenUpdated'
t('backup.trigger'
t('backup.uploadingFile'
t('backup.weekly'
t('cameraTokens.title'
t('client_id'
t('client_secret'
t('common.add'
t('common.back'
t('common.cancel'
t('common.clear'
t('common.copied'
t('common.copy'
t('common.days'
t('common.delete'
t('common.disable'
t('common.disabled'
t('common.dismiss'
t('common.edit'
t('common.enable'
t('common.enabled'
t('common.errorLoading'
t('common.export'
t('common.import'
t('common.loading'
t('common.name'
t('common.no'
t('common.permissions'
t('common.refresh'
t('common.reset'
t('common.retry'
t('common.run'
t('common.running'
t('common.save'
t('common.saving'
t('common.unknownError'
t('common.yes'
t('default_group_id'
t('email_claim'
t('externalLinks.deleteLink'
t('externalLinks.hiddenFromSidebar'
t('externalLinks.hidePage'
t('externalLinks.requiredInSidebar'
t('externalLinks.settingsCannotBeHidden'
t('externalLinks.showPage'
t('externalLinks.sidebarLayout'
t('externalLinks.sidebarLayoutDescription'
t('externalLinks.visibleInSidebar'
t('failureDetection.action'
t('failureDetection.actionNotify'
t('failureDetection.actionPause'
t('failureDetection.actionPauseOff'
t('failureDetection.activePrinters'
t('failureDetection.description'
t('failureDetection.externalUrlHint'
t('failureDetection.externalUrlMissing'
t('failureDetection.historyTitle'
t('failureDetection.mlToken'
t('failureDetection.mlTokenHint'
t('failureDetection.mlTokenPlaceholder'
t('failureDetection.mlUrl'
t('failureDetection.mlUrlHint'
t('failureDetection.monitorAll'
t('failureDetection.noActivePrints'
t('failureDetection.noHistory'
t('failureDetection.perPrinterHint'
t('failureDetection.perPrinterTitle'
t('failureDetection.pollInterval'
t('failureDetection.pollIntervalHint'
t('failureDetection.sensitivity'
t('failureDetection.sensitivityHigh'
t('failureDetection.sensitivityHint'
t('failureDetection.sensitivityLow'
t('failureDetection.sensitivityMedium'
t('failureDetection.serviceRunning'
t('failureDetection.statusTitle'
t('failureDetection.test'
t('failureDetection.testFailed'
t('failureDetection.testSuccess'
t('failureDetection.testSuccessTokenUnknown'
t('failureDetection.thresholds'
t('failureDetection.title'
t('haSensors.add'
t('haSensors.badgeBlocks'
t('haSensors.badgeHidden'
t('haSensors.badgeNotifies'
t('haSensors.empty'
t('haSensors.sectionTitle'
t('haSensors.unknownPrinter'
t('heimdall.baseUrl'
t('heimdall.depositPct'
t('heimdall.depositPctDescription'
t('heimdall.save'
t('heimdall.saved'
t('heimdall.subtitle'
t('heimdall.test'
t('heimdall.title'
t('heimdall.token'
t('heimdall.tokenHint'
t('heimdall.validityDays'
t('heimdall.validityDaysDescription'
t('icon_url'
t('inventory.extraColorsPlaceholder'
t('inventory.material'
t('is_autologin'
t('is_enabled'
t('issuer_url'
t('libraryAutoPurge.ageDescription'
t('libraryAutoPurge.ageLabel'
t('libraryAutoPurge.days'
t('libraryAutoPurge.enableDescription'
t('libraryAutoPurge.enableLabel'
t('libraryAutoPurge.includeNeverPrinted'
t('libraryAutoPurge.saveFailed'
t('name'
t('queue.title'
t('require_email_verified'
t('scopes'
t('settings.aboveFairBad'
t('settings.aboveFairHot'
t('settings.accent'
t('settings.accentBlue'
t('settings.accentCyan'
t('settings.accentGreen'
t('settings.accentOrange'
t('settings.accentPurple'
t('settings.accentRed'
t('settings.accentTeal'
t('settings.actionCannotBeUndone'
t('settings.active'
t('settings.addFirstSmartPlug'
t('settings.addGroup'
t('settings.addNotificationProvider'
t('settings.addProvider'
t('settings.addSmartPlug'
t('settings.addUser'
t('settings.admin'
t('settings.aitoFollowupLinkDays'
t('settings.aitoFollowupLinkDaysDescription'
t('settings.aitoFollowupPickupDays'
t('settings.aitoFollowupPickupDaysDescription'
t('settings.aitoFollowupQuoteDays'
t('settings.aitoFollowupQuoteDaysDescription'
t('settings.allOff'
t('settings.allOn'
t('settings.allPrinters'
t('settings.ambientDryingEnabled'
t('settings.ambientDryingEnabledDescription'
t('settings.amsDisplayThresholds'
t('settings.amsSyncButton'
t('settings.amsSyncError'
t('settings.amsSyncing'
t('settings.amsSyncMessage'
t('settings.amsSyncSuccess'
t('settings.amsSyncTitle'
t('settings.amsThresholdsDescription'
t('settings.apiBrowser'
t('settings.apiBrowserDescription'
t('settings.apiKeyCopyWarning'
t('settings.apiKeyCreated'
t('settings.apiKeyForTesting'
t('settings.apiKeyHint'
t('settings.apiKeyPlaceholder'
t('settings.apiKeyQrButton'
t('settings.apiKeys'
t('settings.apiKeysDescription'
t('settings.apiKeysEmptyDescription'
t('settings.apiKeysEmptyTitle'
t('settings.appearance'
t('settings.archiveMode.always'
t('settings.archiveMode.ask'
t('settings.archiveMode.never'
t('settings.archivesBadge'
t('settings.archiveSettings'
t('settings.authDisabledDescription'
t('settings.authDisabledFeature1'
t('settings.authDisabledFeature2'
t('settings.authDisabledFeature3'
t('settings.authDisabledMessage'
t('settings.authDisabledTitle'
t('settings.authEnabledDescription'
t('settings.authentication'
t('settings.autoAddUnknownRfid'
t('settings.autoAddUnknownRfidDesc'
t('settings.autoArchiveDescription'
t('settings.autoArchivePrints'
t('settings.autoCheckDescription'
t('settings.autoEnabledViaEnv'
t('settings.autoRetryDescription'
t('settings.availableMetrics'
t('settings.background'
t('settings.backupRestore'
t('settings.backupRestoreDescription'
t('settings.bambuddySoftware'
t('settings.bambuddyUrl'
t('settings.bambuStudioApiUrl'
t('settings.bearerTokenHint'
t('settings.bearerTokenOptional'
t('settings.bedCooledThreshold'
t('settings.bedCooledThresholdDescription'
t('settings.bgCool'
t('settings.bgForest'
t('settings.bgMidnight'
t('settings.bgNeutral'
t('settings.bgOled'
t('settings.bgSlate'
t('settings.bgWarm'
t('settings.billingEnabled'
t('settings.billingEnabledDescription'
t('settings.brokerHostname'
t('settings.builtInFeatureCatalog'
t('settings.builtInFeatureRfid'
t('settings.builtInFeatureThirdParty'
t('settings.builtInFeatureUsage'
t('settings.camera'
t('settings.cameraEngine'
t('settings.cameraEngineFFmpeg'
t('settings.cameraEngineFFmpegDescription'
t('settings.cameraEngineGo2rtc'
t('settings.cameraEngineGo2rtcDescription'
t('settings.cameraGpuAccel'
t('settings.cameraGpuAccelBackends'
t('settings.cameraGpuAccelDescription'
t('settings.cameraGpuAccelUnavailable'
t('settings.cameraPlaceholderUrl'
t('settings.cameraPlaceholderUsb'
t('settings.cameraQuality'
t('settings.cameraQualityAuto'
t('settings.cameraQualityAutoResolved'
t('settings.cameraQualityAutoResolvedDual'
t('settings.cameraQualityAutoWithResolved'
t('settings.cameraQualityDescription'
t('settings.cameraQualityHigh'
t('settings.cameraQualityLow'
t('settings.cameraQualityMedium'
t('settings.cameraRotation'
t('settings.cameraSnapshotUrl'
t('settings.cameraSnapshotUrlHelp'
t('settings.cameraSnapshotUrlPlaceholder'
t('settings.cameraTypeMjpeg'
t('settings.cameraTypeRtsp'
t('settings.cameraTypeSnapshot'
t('settings.cameraTypeUsb'
t('settings.captureFinishPhoto'
t('settings.captureFinishPhotoDescription'
t('settings.catalog.addFailed'
t('settings.catalog.addNewEntry'
t('settings.catalog.bulkDeleteConfirm'
t('settings.catalog.bulkDeleted'
t('settings.catalog.bulkDeleteFailed'
t('settings.catalog.custom'
t('settings.catalog.default'
t('settings.catalog.deleteConfirm'
t('settings.catalog.deleteEntry'
t('settings.catalog.deleteFailed'
t('settings.catalog.deleteSelected'
t('settings.catalog.empty'
t('settings.catalog.entryAdded'
t('settings.catalog.entryDeleted'
t('settings.catalog.entryUpdated'
t('settings.catalog.exported'
t('settings.catalog.exportTooltip'
t('settings.catalog.imported'
t('settings.catalog.importFailed'
t('settings.catalog.importTooltip'
t('settings.catalog.loadFailed'
t('settings.catalog.namePlaceholder'
t('settings.catalog.nameWeightRequired'
t('settings.catalog.noMatch'
t('settings.catalog.resetCatalog'
t('settings.catalog.resetConfirm'
t('settings.catalog.resetFailed'
t('settings.catalog.resetSuccess'
t('settings.catalog.resetTooltip'
t('settings.catalog.searchCatalog'
t('settings.catalog.selectedCount'
t('settings.catalog.spoolCatalog'
t('settings.catalog.spoolCatalogDescription'
t('settings.catalog.type'
t('settings.catalog.updateFailed'
t('settings.catalog.weight'
t('settings.changePassword'
t('settings.changing'
t('settings.checkFirmwareDescription'
t('settings.checkForUpdatesLabel'
t('settings.checkNow'
t('settings.checkPrinterFirmware'
t('settings.clearLogs'
t('settings.clearLogsMessage'
t('settings.clearNotificationLogs'
t('settings.clearNotificationLogsDescription'
t('settings.cloudAccess'
t('settings.cloudAccessDescription'
t('settings.cloudBadge'
t('settings.colorCatalog.addFailed'
t('settings.colorCatalog.addNewColor'
t('settings.colorCatalog.allManufacturers'
t('settings.colorCatalog.bulkDeleteConfirm'
t('settings.colorCatalog.bulkDeleted'
t('settings.colorCatalog.bulkDeleteFailed'
t('settings.colorCatalog.colorAdded'
t('settings.colorCatalog.colorDeleted'
t('settings.colorCatalog.colorName'
t('settings.colorCatalog.colorUpdated'
t('settings.colorCatalog.deleteColor'
t('settings.colorCatalog.deleteConfirm'
t('settings.colorCatalog.deleteFailed'
t('settings.colorCatalog.deleteSelected'
t('settings.colorCatalog.description'
t('settings.colorCatalog.empty'
t('settings.colorCatalog.exported'
t('settings.colorCatalog.fieldsRequired'
t('settings.colorCatalog.hex'
t('settings.colorCatalog.imported'
t('settings.colorCatalog.importFailed'
t('settings.colorCatalog.loadFailed'
t('settings.colorCatalog.manufacturer'
t('settings.colorCatalog.materialOptional'
t('settings.colorCatalog.noMatch'
t('settings.colorCatalog.resetCatalog'
t('settings.colorCatalog.resetConfirm'
t('settings.colorCatalog.resetFailed'
t('settings.colorCatalog.resetSuccess'
t('settings.colorCatalog.searchColors'
t('settings.colorCatalog.selectedCount'
t('settings.colorCatalog.showing'
t('settings.colorCatalog.starting'
t('settings.colorCatalog.sync'
t('settings.colorCatalog.syncComplete'
t('settings.colorCatalog.syncError'
t('settings.colorCatalog.syncFailed'
t('settings.colorCatalog.syncTooltip'
t('settings.colorCatalog.syncUpToDate'
t('settings.colorCatalog.title'
t('settings.colorCatalog.updateFailed'
t('settings.composeDirectory'
t('settings.composeDirectoryHint'
t('settings.concurrentUploadsDescription'
t('settings.concurrentUploadsHelp'
t('settings.concurrentUploadsLabel'
t('settings.concurrentUploadsTitle'
t('settings.configureBambuddy'
t('settings.confirmNewPassword'
t('settings.confirmPassword'
t('settings.confirmPasswordPlaceholder'
t('settings.connect'
t('settings.connected'
t('settings.connectionFailed'
t('settings.connectionSuccessful'
t('settings.connectionTimeout'
t('settings.control'
t('settings.controlPrinter'
t('settings.controlPrinterDescription'
t('settings.costTracking'
t('settings.createArchiveEntry'
t('settings.createArchiveEntryDescription'
t('settings.createFirstKey'
t('settings.createKey'
t('settings.createNewApiKey'
t('settings.createUser'
t('settings.creating'
t('settings.currency'
t('settings.currentPower'
t('settings.currentUser'
t('settings.currentVersion'
t('settings.darkMode'
t('settings.dataManagement'
t('settings.dateFormat'
t('settings.dateFormatEu'
t('settings.dateFormatIso'
t('settings.dateFormatUs'
t('settings.defaultBedLevelling'
t('settings.defaultBedLevellingDesc'
t('settings.defaultFilamentCost'
t('settings.defaultFlowCali'
t('settings.defaultFlowCaliDesc'
t('settings.defaultLayerInspect'
t('settings.defaultLayerInspectDesc'
t('settings.defaultNozzleOffsetCali'
t('settings.defaultNozzleOffsetCaliDesc'
t('settings.defaultPrinter'
t('settings.defaultPrinterDescription'
t('settings.defaultPrintOptions'
t('settings.defaultPrintOptionsDescription'
t('settings.defaultTimelapse'
t('settings.defaultTimelapseDesc'
t('settings.defaultVibrationCali'
t('settings.defaultVibrationCaliDesc'
t('settings.defaultView'
t('settings.defaultViewDescription'
t('settings.deleteApiKeyMessage'
t('settings.deleteApiKeyTitle'
t('settings.deleteGroup'
t('settings.deleteGroupMessage'
t('settings.deleteGroupTitle'
t('settings.deleteKey'
t('settings.deleteUserAndItems'
t('settings.deleteUserConfirm'
t('settings.deleteUserKeepItems'
t('settings.deleteUserTitle'
t('settings.disableAuthentication'
t('settings.disableAuthenticationMessage'
t('settings.disableAuthenticationTitle'
t('settings.disableFilamentWarnings'
t('settings.disableFilamentWarningsDesc'
t('settings.disconnected'
t('settings.downloadWindowsInstaller'
t('settings.dryingFilament'
t('settings.dryingNoAutoStop'
t('settings.dryingNoAutoStopDescription'
t('settings.dryingPresets'
t('settings.dryingPresetsDescription'
t('settings.editUser'
t('settings.electricityCost'
t('settings.email.advancedAuth'
t('settings.email.advancedAuthDisabled'
t('settings.email.advancedAuthDisabledDesc'
t('settings.email.advancedAuthEnabled'
t('settings.email.advancedAuthEnabledDesc'
t('settings.email.authentication'
t('settings.email.authOptions.disabled'
t('settings.email.authOptions.enabled'
t('settings.email.disable'
t('settings.email.enable'
t('settings.email.errors.configureSmtpFirst'
t('settings.email.errors.enableAuthFirst'
t('settings.email.errors.enterTestEmail'
t('settings.email.errors.requiredFields'
t('settings.email.errors.usernameRequired'
t('settings.email.feature1'
t('settings.email.feature2'
t('settings.email.feature3'
t('settings.email.feature4'
t('settings.email.fromEmail'
t('settings.email.fromName'
t('settings.email.password'
t('settings.email.save'
t('settings.email.saving'
t('settings.email.security'
t('settings.email.securityOptions.none'
t('settings.email.securityOptions.ssl'
t('settings.email.securityOptions.starttls'
t('settings.email.sending'
t('settings.email.sendTest'
t('settings.email.smtpHost'
t('settings.email.smtpPort'
t('settings.email.smtpSettings'
t('settings.email.success.settingsSaved'
t('settings.email.testConnection'
t('settings.email.testRecipient'
t('settings.email.username'
t('settings.enableAuthentication'
t('settings.enableHomeAssistant'
t('settings.enableMetricsEndpoint'
t('settings.enableMqtt'
t('settings.enablePlugsForSummary'
t('settings.enableRetry'
t('settings.encryption.allEncrypted'
t('settings.encryption.backupHint'
t('settings.encryption.decryptionBrokenError'
t('settings.encryption.decryptionBrokenTitle'
t('settings.encryption.enabledFromEnv'
t('settings.encryption.enabledFromFile'
t('settings.encryption.enabledGenerated'
t('settings.encryption.encryptedRowsLabel'
t('settings.encryption.legacyRowsLabel'
t('settings.encryption.legacyRowsWarning'
t('settings.encryption.migrationErrorWarning'
t('settings.encryption.notConfigured'
t('settings.encryption.notConfiguredDesc'
t('settings.encryption.title'
t('settings.energyCostBadge'
t('settings.energyDisplayMode'
t('settings.energyModePrintDescription'
t('settings.energyModeTotalDescription'
t('settings.energySummary'
t('settings.enterCurrentPassword'
t('settings.enterNewPassword'
t('settings.enterNewPasswordMin6'
t('settings.enterPassword'
t('settings.enterUsername'
t('settings.environmentManagedLabel'
t('settings.expandCustomMapping'
t('settings.expandCustomMappingDescription'
t('settings.externalCameras'
t('settings.externalCamerasDescription'
t('settings.externalUrl'
t('settings.externalUrlDescription'
t('settings.externalUrlHint'
t('settings.failedToCheckUpdates'
t('settings.fairAlsoDryingThreshold'
t('settings.fairBelowDryingFloor'
t('settings.fairOrange'
t('settings.ffmpegNotInstalled'
t('settings.ffmpegRequired'
t('settings.filamentChecks'
t('settings.filamentTracking'
t('settings.filamentTrackingDesc'
t('settings.fileManager'
t('settings.filterTemplates'
t('settings.financeBudgetReset'
t('settings.financeBudgetResetDay'
t('settings.financeBudgetResetDayHelp'
t('settings.financeBudgetResetTimezone'
t('settings.financeBudgetResetTimezoneHelp'
t('settings.finishPhotoRestorePlate'
t('settings.finishPhotoRestorePlateDescription'
t('settings.ftpRetry'
t('settings.ftpRetryDescription'
t('settings.gcodeConfigured'
t('settings.gcodeEndLabel'
t('settings.gcodeEndPlaceholder'
t('settings.gcodeInjection'
t('settings.gcodeInjectionDescription'
t('settings.gcodeInjectionNoPrinters'
t('settings.gcodeStartLabel'
t('settings.gcodeStartPlaceholder'
t('settings.general'
t('settings.goodBlue'
t('settings.goodGreen'
t('settings.goToBackup'
t('settings.groups'
t('settings.haConnectionFailed'
t('settings.haConnectionSuccess'
t('settings.haTokenHint'
t('settings.historyRetention'
t('settings.historyRetentionDescription'
t('settings.homeAssistant'
t('settings.homeAssistantDescription'
t('settings.homeAssistantFullDescription'
t('settings.homeAssistantUrl'
t('settings.howSyncWorks'
t('settings.humidity'
t('settings.humidityThresholdCol'
t('settings.humidityThresholdDefault'
t('settings.humidityThresholds'
t('settings.humidityThresholdsDescription'
t('settings.includeBetaUpdates'
t('settings.includeBetaUpdatesDesc'
t('settings.increaseForWeakWifi'
t('settings.installUpdate'
t('settings.inventoryBadge'
t('settings.keepBedWarm'
t('settings.keepBedWarmDesc'
t('settings.keepSensorHistory'
t('settings.keepWarmBedTemp'
t('settings.keepWarmBedTempHelp'
t('settings.keepWarmMaxMinutes'
t('settings.keepWarmMaxMinutesHelp'
t('settings.keyName'
t('settings.keyNamePlaceholder'
t('settings.language'
t('settings.languageDescription'
t('settings.lastUsed'
t('settings.latestVersionRunning'
t('settings.ldap.advanced'
t('settings.ldap.autoProvision'
t('settings.ldap.autoProvisionHint'
t('settings.ldap.bindDn'
t('settings.ldap.bindPassword'
t('settings.ldap.defaultGroup'
t('settings.ldap.defaultGroupHint'
t('settings.ldap.defaultGroupNone'
t('settings.ldap.disabled'
t('settings.ldap.disabledDesc'
t('settings.ldap.disabledHint'
t('settings.ldap.enabled'
t('settings.ldap.enabledDesc'
t('settings.ldap.errors.configureLdapFirst'
t('settings.ldap.errors.enableAuthFirst'
t('settings.ldap.errors.searchBaseRequired'
t('settings.ldap.errors.serverRequired'
t('settings.ldap.feature1'
t('settings.ldap.feature2'
t('settings.ldap.feature3'
t('settings.ldap.groupMapping'
t('settings.ldap.groupMappingHint'
t('settings.ldap.searchBase'
t('settings.ldap.security'
t('settings.ldap.securityHint'
t('settings.ldap.serverConfig'
t('settings.ldap.serverUrl'
t('settings.ldap.serverUrlHint'
t('settings.ldap.settingsSaved'
t('settings.ldap.testConnection'
t('settings.ldap.title'
t('settings.ldap.userFilter'
t('settings.leaveEmptyForAnonymous'
t('settings.leaveEmptyForNoAuth'
t('settings.legacyKey'
t('settings.legacyKeyTooltip'
t('settings.libraryBadge'
t('settings.lightMode'
t('settings.linkingExistingSpools'
t('settings.linkingExistingSpoolsDesc'
t('settings.localLogin.disable'
t('settings.localLogin.disableHint'
t('settings.log'
t('settings.longLivedAccessToken'
t('settings.lowDiskSpaceDescription'
t('settings.lowDiskSpaceWarning'
t('settings.maintenanceBadge'
t('settings.manageArchives'
t('settings.manageArchivesDescription'
t('settings.manageInventory'
t('settings.manageInventoryDescription'
t('settings.manageLibrary'
t('settings.manageLibraryDescription'
t('settings.manageMaintenance'
t('settings.manageMaintenanceDescription'
t('settings.manageProjects'
t('settings.manageProjectsDescription'
t('settings.manageQueue'
t('settings.manageQueueDescription'
t('settings.messageTemplates'
t('settings.messageTemplatesDescription'
t('settings.metricsBedTemp'
t('settings.metricsConnectionStatus'
t('settings.metricsMore'
t('settings.metricsNozzleTemp'
t('settings.metricsPrinterState'
t('settings.metricsPrintProgress'
t('settings.metricsPrintsTotal'
t('settings.mqttConnectedTo'
t('settings.mqttDescription'
t('settings.mqttEnableDescription'
t('settings.mqttPublishing'
t('settings.noDefaultPrinter'
t('settings.noDescription'
t('settings.noGroupsAvailable'
t('settings.noGroupsFound'
t('settings.noPrintersConfigured'
t('settings.noProvidersDescription'
t('settings.noProvidersTitle'
t('settings.noSearchResults'
t('settings.noSmartPlugsDescription'
t('settings.noSmartPlugsTitle'
t('settings.noTemplatesAvailable'
t('settings.noTemplatesMatch'
t('settings.notificationLanguage'
t('settings.notificationLanguageDescription'
t('settings.notInstalled'
t('settings.noUsersFound'
t('settings.nSeconds'
t('settings.oidc.addProvider'
t('settings.oidc.created'
t('settings.oidc.deleted'
t('settings.oidc.deleteMessage'
t('settings.oidc.deleteTitle'
t('settings.oidc.desc'
t('settings.oidc.empty'
t('settings.oidc.form.autoCreate'
t('settings.oidc.form.autoCreateDesc'
t('settings.oidc.form.autoLink'
t('settings.oidc.form.autoLinkDesc'
t('settings.oidc.form.autologin'
t('settings.oidc.form.autologinDesc'
t('settings.oidc.form.clientId'
t('settings.oidc.form.clientSecret'
t('settings.oidc.form.defaultGroup'
t('settings.oidc.form.defaultGroupDesc'
t('settings.oidc.form.defaultGroupViewersFallback'
t('settings.oidc.form.emailClaim'
t('settings.oidc.form.emailClaimCustomClaimAutoLinkWarning'
t('settings.oidc.form.emailClaimDesc'
t('settings.oidc.form.emailClaimPlaceholder'
t('settings.oidc.form.enabled'
t('settings.oidc.form.iconUrl'
t('settings.oidc.form.issuerUrl'
t('settings.oidc.form.name'
t('settings.oidc.form.requireEmailVerified'
t('settings.oidc.form.requireEmailVerifiedAutoLink'
t('settings.oidc.form.requireEmailVerifiedDesc'
t('settings.oidc.form.requireEmailVerifiedWarning'
t('settings.oidc.form.scopes'
t('settings.oidc.form.secretHint'
t('settings.oidc.form.secretPlaceholder'
t('settings.oidc.iconFetchFailed'
t('settings.oidc.iconRefreshed'
t('settings.oidc.iconRemoved'
t('settings.oidc.newProvider'
t('settings.oidc.refreshIcon'
t('settings.oidc.removeIcon'
t('settings.oidc.title'
t('settings.oidc.updated'
t('settings.ok'
t('settings.openInSlicerInherit'
t('settings.openInSlicerLabel'
t('settings.openrouterApiKey'
t('settings.openrouterApiKeyHint'
t('settings.openrouterModel'
t('settings.openrouterModelHint'
t('settings.openrouterTitle'
t('settings.orcaslicerApiUrl'
t('settings.password'
t('settings.passwordOptional'
t('settings.passwordRequirements'
t('settings.passwordsDoNotMatch'
t('settings.permissionCount'
t('settings.pipelineLimits.maxCopiesLabel'
t('settings.pipelineLimits.title'
t('settings.plateClear'
t('settings.plugsOnline'
t('settings.port'
t('settings.preferLowestFilament'
t('settings.preferLowestFilamentBackupNote'
t('settings.preferLowestFilamentDesc'
t('settings.preferredSlicer'
t('settings.preferredSlicerDescription'
t('settings.preheatDescription'
t('settings.preheatEnabled'
t('settings.preheatEnabledDesc'
t('settings.preheatFilamentTargetsHint'
t('settings.preheatFilamentTargetsLabel'
t('settings.preheatFilamentTargetsReset'
t('settings.preheatHardwareDetail'
t('settings.preheatHardwareTitle'
t('settings.preheatMaxWait'
t('settings.preheatMaxWaitHelp'
t('settings.preheatSoak'
t('settings.preheatSoakHelp'
t('settings.preheatTitle'
t('settings.printDryingEnabled'
t('settings.printDryingEnabledDescription'
t('settings.printerFirmware'
t('settings.printerKillSwitch'
t('settings.printModal'
t('settings.printsOnly'
t('settings.progressInTitle'
t('settings.progressInTitleDescription'
t('settings.projectsBadge'
t('settings.prometheusDescription'
t('settings.prometheusEndpointDescription'
t('settings.prometheusMetrics'
t('settings.providers'
t('settings.pushcutUrl'
t('settings.pushcutUrlDescription'
t('settings.pushcutUrlHint'
t('settings.queueDrying'
t('settings.queueDryingBlock'
t('settings.queueDryingBlockDescription'
t('settings.queueDryingDescription'
t('settings.queueDryingEnabled'
t('settings.queueDryingEnabledDescription'
t('settings.read'
t('settings.readStatus'
t('settings.readStatusDescription'
t('settings.rebuildLedger'
t('settings.rebuildLedgerConfirmTitle'
t('settings.rebuildLedgerInProgress'
t('settings.rebuildLedgerStarted'
t('settings.releaseNotes'
t('settings.requirePlateClear'
t('settings.requirePlateClearDescription'
t('settings.reset'
t('settings.resetPreferences'
t('settings.resetUiPreferences'
t('settings.resetUiPreferencesDescription'
t('settings.resetUiPreferencesMessage'
t('settings.retryAttempts'
t('settings.retryDelay'
t('settings.saveThumbnails'
t('settings.saveThumbnailsDescription'
t('settings.searchPlaceholder'
t('settings.second'
t('settings.sessionPolicy.customHoursLabel'
t('settings.sessionPolicy.description'
t('settings.sessionPolicy.hoursSuffix'
t('settings.sessionPolicy.title'
t('settings.sessionPolicy.warning'
t('settings.setDefault'
t('settings.sidebarDefaultCleared'
t('settings.sidebarDefaultFailed'
t('settings.sidebarDefaultSet'
t('settings.sliceEngine'
t('settings.slicerBambuStudio'
t('settings.slicerCard'
t('settings.slicerOrcaSlicer'
t('settings.slicerStallTimeout'
t('settings.slicerStallTimeoutDescription'
t('settings.smartPlugs'
t('settings.smartPlugsDescription'
t('settings.spoolbuddy.commandConfirm'
t('settings.spoolbuddy.commandError'
t('settings.spoolbuddy.commandQueued'
t('settings.spoolbuddy.confirmBody'
t('settings.spoolbuddy.confirmTitle'
t('settings.spoolbuddy.cpuLoad'
t('settings.spoolbuddy.cpuTemp'
t('settings.spoolbuddy.daemonUptime'
t('settings.spoolbuddy.disk'
t('settings.spoolbuddy.duplicatesBody'
t('settings.spoolbuddy.duplicatesTitle'
t('settings.spoolbuddy.empty'
t('settings.spoolbuddy.firmware'
t('settings.spoolbuddy.infoBody'
t('settings.spoolbuddy.infoTitle'
t('settings.spoolbuddy.ipAddress'
t('settings.spoolbuddy.lastSeen'
t('settings.spoolbuddy.memory'
t('settings.spoolbuddy.never'
t('settings.spoolbuddy.nfc'
t('settings.spoolbuddy.offline'
t('settings.spoolbuddy.online'
t('settings.spoolbuddy.reboot'
t('settings.spoolbuddy.rebootConfirmBody'
t('settings.spoolbuddy.rebootConfirmTitle'
t('settings.spoolbuddy.restartBrowser'
t('settings.spoolbuddy.restartBrowserConfirmBody'
t('settings.spoolbuddy.restartBrowserConfirmTitle'
t('settings.spoolbuddy.restartDaemon'
t('settings.spoolbuddy.restartDaemonConfirmBody'
t('settings.spoolbuddy.restartDaemonConfirmTitle'
t('settings.spoolbuddy.scale'
t('settings.spoolbuddy.shutdown'
t('settings.spoolbuddy.shutdownConfirmBody'
t('settings.spoolbuddy.shutdownConfirmTitle'
t('settings.spoolbuddy.systemUptime'
t('settings.spoolbuddy.unregister'
t('settings.spoolbuddy.unregisterError'
t('settings.spoolbuddy.unregisterSuccess'
t('settings.spoolbuddy.update'
t('settings.spoolbuddy.updateConfirmBody'
t('settings.spoolbuddy.updateConfirmTitle'
t('settings.spoolmanAmsSyncButton'
t('settings.spoolmanAmsSyncError'
t('settings.spoolmanAmsSyncErrorNotConfigured'
t('settings.spoolmanAmsSyncErrorUnreachable'
t('settings.spoolmanAmsSyncing'
t('settings.spoolmanAmsSyncMessage'
t('settings.spoolmanAmsSyncSuccess'
t('settings.spoolmanAmsSyncTitle'
t('settings.spoolmanConnected'
t('settings.spoolmanDisconnected'
t('settings.spoolmanUrl'
t('settings.spoolmanUrlHint'
t('settings.staggeredStart'
t('settings.staggeredStartDescription'
t('settings.staggerGroupSize'
t('settings.staggerGroupSizeHelp'
t('settings.staggerInterval'
t('settings.staggerIntervalHelp'
t('settings.status'
t('settings.storageUsage'
t('settings.storageUsageData'
t('settings.storageUsageDescription'
t('settings.storageUsageErrors'
t('settings.storageUsageOtherBreakdown'
t('settings.storageUsageSystem'
t('settings.storageUsageTotal'
t('settings.storageUsageUnavailable'
t('settings.style'
t('settings.styleClassic'
t('settings.styleGlow'
t('settings.styleVibrant'
t('settings.syncAmsData'
t('settings.syncAmsDataDesc'
t('settings.syncInfoAutoCreate'
t('settings.syncInfoRfidOnly'
t('settings.syncInfoThirdPartySkipped'
t('settings.syncMode'
t('settings.syncModeAuto'
t('settings.syncModeAutoDesc'
t('settings.syncModeManual'
t('settings.syncModeManualDesc'
t('settings.system'
t('settings.systemBadge'
t('settings.systemDefault'
t('settings.tabs.apiKeys'
t('settings.tabs.backup'
t('settings.tabs.emailAuth'
t('settings.tabs.failureDetection'
t('settings.tabs.filament'
t('settings.tabs.general'
t('settings.tabs.ldap'
t('settings.tabs.network'
t('settings.tabs.notifications'
t('settings.tabs.oidc'
t('settings.tabs.queue'
t('settings.tabs.queueDispatch'
t('settings.tabs.queuePipelines'
t('settings.tabs.security'
t('settings.tabs.smartPlugs'
t('settings.tabs.spoolbuddy'
t('settings.tabs.twoFa'
t('settings.tabs.users'
t('settings.tabs.virtualPrinter'
t('settings.tabs.zoho'
t('settings.temperature'
t('settings.tempFanPresetsDescription'
t('settings.tempFanPresetsReset'
t('settings.tempFanPresetsTitle'
t('settings.test'
t('settings.testAll'
t('settings.testConnection'
t('settings.testFailedCount'
t('settings.testPassedCount'
t('settings.testResults'
t('settings.theme'
t('settings.themeDark'
t('settings.themeLight'
t('settings.themeSystem'
t('settings.themeToggleHint'
t('settings.time'
t('settings.timeFormat'
t('settings.timeFormat12'
t('settings.timeFormat24'
t('settings.title'
t('settings.toast.apiKeyCreated'
t('settings.toast.apiKeyDeleted'
t('settings.toast.authDisabled'
t('settings.toast.authDisableFailed'
t('settings.toast.cameraConnected'
t('settings.toast.cameraConnectedCoalesced'
t('settings.toast.cameraSettingsSaved'
t('settings.toast.clearLogsFailed'
t('settings.toast.connectionFailed'
t('settings.toast.copyFailed'
t('settings.toast.enterCameraUrl'
t('settings.toast.fillRequiredFields'
t('settings.toast.groupDeleted'
t('settings.toast.keyAddedToBrowser'
t('settings.toast.keyCopied'
t('settings.toast.noPermissionUpdate'
t('settings.toast.passwordChanged'
t('settings.toast.passwordsDoNotMatch'
t('settings.toast.passwordTooShort'
t('settings.toast.saveFailed'
t('settings.toast.settingsSaved'
t('settings.toast.testFailed'
t('settings.toast.uiPreferencesReset'
t('settings.toast.userCreated'
t('settings.toast.userDeleted'
t('settings.toast.userUpdated'
t('settings.today'
t('settings.tokenFromEnvReadOnly'
t('settings.topicPrefix'
t('settings.topicPrefixHint'
t('settings.total'
t('settings.totalConsumption'
t('settings.trackingModeBuiltIn'
t('settings.trackingModeBuiltInDesc'
t('settings.trackingModeSpoolmanDesc'
t('settings.turnAllPlugsOff'
t('settings.turnAllPlugsOn'
t('settings.twoFa.activate'
t('settings.twoFa.addEmailFirst'
t('settings.twoFa.backupCodesRemaining'
t('settings.twoFa.backupCodesTitle'
t('settings.twoFa.backupCodesWarning'
t('settings.twoFa.disableConfirmHint'
t('settings.twoFa.disableEmailOtp'
t('settings.twoFa.disableTotp'
t('settings.twoFa.emailDisablePasswordHint'
t('settings.twoFa.emailOtpDesc'
t('settings.twoFa.emailOtpDisabled'
t('settings.twoFa.emailOtpEnabled'
t('settings.twoFa.emailOtpNoEmail'
t('settings.twoFa.emailOtpTitle'
t('settings.twoFa.emailSetupEnterCode'
t('settings.twoFa.enableEmailOtp'
t('settings.twoFa.enterCodeToConfirm'
t('settings.twoFa.invalidCode'
t('settings.twoFa.linkedAccounts'
t('settings.twoFa.linkedAccountsDesc'
t('settings.twoFa.manualEntry'
t('settings.twoFa.newBackupCodes'
t('settings.twoFa.oidcUnlinked'
t('settings.twoFa.passwordPlaceholder'
t('settings.twoFa.regenBackup'
t('settings.twoFa.regenBackupHint'
t('settings.twoFa.savedCodes'
t('settings.twoFa.scannedContinue'
t('settings.twoFa.setupAuthApp'
t('settings.twoFa.setupInstructions'
t('settings.twoFa.setupTotp'
t('settings.twoFa.smtpRequired'
t('settings.twoFa.totpDesc'
t('settings.twoFa.totpDisabled'
t('settings.twoFa.totpTitle'
t('settings.twoFa.verifyAndEnable'
t('settings.unnamedKey'
t('settings.updateEnergyCost'
t('settings.updateEnergyCostDescription'
t('settings.updates'
t('settings.updateViaDocker'
t('settings.updateViaHomeAssistant'
t('settings.updateViaWindowsInstaller'
t('settings.urlFromEnvReadOnly'
t('settings.useInApiBrowser'
t('settings.userCount'
t('settings.userHasCreated'
t('settings.userItemsQuestion'
t('settings.username'
t('settings.usernameOptional'
t('settings.userNotificationsDisabledHint'
t('settings.userNotificationsEnabled'
t('settings.userNotificationsEnabledDescription'
t('settings.users'
t('settings.useSlicerApi'
t('settings.useSlicerApiDescription'
t('settings.useTls'
t('settings.viewReleaseOnGitHub'
t('settings.webhook.addToQueue'
t('settings.webhook.getAllStatus'
t('settings.webhook.getSpecificStatus'
t('settings.webhook.pausePrint'
t('settings.webhook.resumePrint'
t('settings.webhook.stopPrint'
t('settings.webhookApiKeyHint'
t('settings.webhookEndpoints'
t('settings.yesterday'
t('sponsors.businessCta'
t('sponsors.businessTitle'
t('sponsors.sectionTitle'
t('sponsors.viewSupporters'
t('spoolman.disableWeightSync'
t('spoolman.disableWeightSyncDesc'
t('spoolman.reportPartialUsage'
t('spoolman.reportPartialUsageDesc'
t('spoolman.sync'
t('streamOverlay.builder.title'
t('sub'
t('tab'
t('textarea'
t('users.form.email'
t('users.form.emailPlaceholder'
t('users.form.groups'
t('users.form.leaveBlankToKeep'
t('users.form.optional'
t('users.form.password'
t('users.form.passwordManagedByAdvancedAuth'
t('users.form.resetPassword'
t('users.form.resettingPassword'
t('users.modal.cancel'
t('users.modal.ldapTab'
t('users.modal.localTab'
t('users.modal.saveChanges'
t('users.modal.saving'
t('users.modal.tabsAriaLabel'
t('users.system'
t('users.toast.ldapProvisioned'
t('virtualPrinter.accessCode.charCount'
t('virtualPrinter.accessCode.hint'
t('virtualPrinter.accessCode.isSet'
t('virtualPrinter.accessCode.notSet'
t('virtualPrinter.accessCode.placeholder'
t('virtualPrinter.accessCode.placeholderChange'
t('virtualPrinter.accessCode.title'
t('virtualPrinter.description.default'
t('virtualPrinter.description.proxy'
t('virtualPrinter.enable.notActive'
t('virtualPrinter.enable.proxyingTo'
t('virtualPrinter.enable.title'
t('virtualPrinter.enable.visibleInSlicer'
t('virtualPrinter.howItWorks.proxyStep1'
t('virtualPrinter.howItWorks.proxyStep2'
t('virtualPrinter.howItWorks.proxyStep3'
t('virtualPrinter.howItWorks.proxyStep4'
t('virtualPrinter.howItWorks.proxyStep5'
t('virtualPrinter.howItWorks.step1'
t('virtualPrinter.howItWorks.step2'
t('virtualPrinter.howItWorks.step3'
t('virtualPrinter.howItWorks.step4'
t('virtualPrinter.howItWorks.step5'
t('virtualPrinter.howItWorks.step6'
t('virtualPrinter.howItWorks.title'
t('virtualPrinter.howItWorks.titleProxy'
t('virtualPrinter.mode.archive'
t('virtualPrinter.mode.archiveDesc'
t('virtualPrinter.mode.proxy'
t('virtualPrinter.mode.proxyDesc'
t('virtualPrinter.mode.queue'
t('virtualPrinter.mode.queueDesc'
t('virtualPrinter.mode.review'
t('virtualPrinter.mode.reviewDesc'
t('virtualPrinter.mode.title'
t('virtualPrinter.model.description'
t('virtualPrinter.model.restartWarning'
t('virtualPrinter.model.title'
t('virtualPrinter.remoteInterface.configured'
t('virtualPrinter.remoteInterface.hint'
t('virtualPrinter.remoteInterface.optional'
t('virtualPrinter.remoteInterface.placeholder'
t('virtualPrinter.remoteInterface.title'
t('virtualPrinter.running'
t('virtualPrinter.setupRequired.description'
t('virtualPrinter.setupRequired.readGuide'
t('virtualPrinter.setupRequired.title'
t('virtualPrinter.status.ftpConnections'
t('virtualPrinter.status.ftpPort'
t('virtualPrinter.status.mode'
t('virtualPrinter.status.model'
t('virtualPrinter.status.mqttConnections'
t('virtualPrinter.status.mqttPort'
t('virtualPrinter.status.pendingFiles'
t('virtualPrinter.status.printerName'
t('virtualPrinter.status.serialNumber'
t('virtualPrinter.status.targetPrinter'
t('virtualPrinter.status.title'
t('virtualPrinter.stopped'
t('virtualPrinter.targetPrinter.configured'
t('virtualPrinter.targetPrinter.hint'
t('virtualPrinter.targetPrinter.noPrinters'
t('virtualPrinter.targetPrinter.notConfigured'
t('virtualPrinter.targetPrinter.placeholder'
t('virtualPrinter.targetPrinter.title'
t('virtualPrinter.title'
t('virtualPrinter.toast.accessCodeEmpty'
t('virtualPrinter.toast.accessCodeLength'
t('virtualPrinter.toast.accessCodeRequired'
t('virtualPrinter.toast.failedToUpdate'
t('virtualPrinter.toast.targetPrinterRequired'
t('virtualPrinter.toast.updated'
t('zoho.accountsUrl'
t('zoho.baseUrl'
t('zoho.clientId'
t('zoho.clientSecret'
t('zoho.defaultContactHint'
t('zoho.defaultContactId'
t('zoho.defaultContactName'
t('zoho.organizationId'
t('zoho.refreshToken'
t('zoho.save'
t('zoho.saved'
t('zoho.secretSaved'
t('zoho.subtitle'
t('zoho.test'
t('zoho.testNotConfigured'
t('zoho.testOk'
t('zoho.testUnreachable'
t('zoho.title'
## api client calls
api.addCatalogEntry(
api.addColorEntry(
api.bulkDeleteCatalogEntries(
api.bulkDeleteColorEntries(
api.changePassword(
api.clearGitHubBackupLogs(
api.clearNotificationLogs(
api.confirmEnableEmailOTP(
api.controlSmartPlug(
api.createAPIKey(
api.createOIDCProvider(
api.createUser(
api.deleteAPIKey(
api.deleteCatalogEntry(
api.deleteColorEntry(
api.deleteExternalLink(
api.deleteGroup(
api.deleteLocalBackup(
api.deleteOIDCLink(
api.deleteOIDCProvider(
api.deleteOIDCProviderIcon(
api.deleteUser(
api.disableAdvancedAuth(
api.disableAuth(
api.disableEmailOTP(
api.disableTOTP(
api.downloadLocalBackup(
api.enableAdvancedAuth(
api.enableEmailOTP(
api.enableTOTP(
api.exportBackup(
api.get2FAStatus(
api.getAdvancedAuthStatus(
api.getArchivePurgeSettings(
api.getColorCatalog(
api.getEncryptionStatus(
api.getExternalLinkIconUrl(
api.getGitHubBackupLogs(
api.getGroups(
api.getHASensors(
api.getLDAPStatus(
api.getLibraryTrashSettings(
api.getNetworkInterfaces(
api.getOIDCLinks(
api.getOIDCProvidersAll(
api.getPrinterStatus(
api.getSettings(
api.getSmartPlugStatus(
api.getSMTPSettings(
api.getSpoolCatalog(
api.getStorageUsage(
api.getUserItemsCount(
api.getUsers(
api.getZohoStatus(
api.importBackup(
api.oidcProviderIconUrl(
api.rebuildBalanceLedger(
api.refreshOIDCProviderIcon(
api.regenerateBackupCodes(
api.resetColorCatalog(
api.resetSpoolCatalog(
api.resetUserPassword(
api.restoreLocalBackup(
api.saveGitHubBackupConfig(
api.saveSMTPSettings(
api.setupTOTP(
api.syncPrinterAms(
api.testExternalCamera(
api.testGitHubConnection(
api.testGitHubStoredConnection(
api.testHAConnection(
api.testHeimdall(
api.testLDAP(
api.testObicoConnection(
api.testSMTP(
api.updateArchivePurgeSettings(
api.updateCatalogEntry(
api.updateColorEntry(
api.updateGitHubBackupConfig(
api.updateLibraryTrashSettings(
api.updateOIDCProvider(
api.updatePrinter(
api.updateSettings(
api.updateSpoolmanSettings(
api.updateUser(
## react-query keys
queryKey: ['2fa-status']
queryKey: ['advancedAuthStatus']
queryKey: ['api-keys']
queryKey: ['archive-purge-settings']
queryKey: ['archiveStats']
queryKey: ['cloud-status']
queryKey: ['default-sidebar-order']
queryKey: ['encryptionStatus']
queryKey: ['external-links']
queryKey: ['ffmpeg-status']
queryKey: ['github-backup-cloud-accounts']
queryKey: ['github-backup-config']
queryKey: ['github-backup-logs']
queryKey: ['github-backup-status']
queryKey: ['go2rtc-status']
queryKey: ['groups']
queryKey: ['haSensors']
queryKey: ['inventory-spools']
queryKey: ['ldapStatus']
queryKey: ['library-trash-settings']
queryKey: ['local-backup-files']
queryKey: ['local-backup-path-check']
queryKey: ['local-backup-status']
queryKey: ['mqtt-status']
queryKey: ['network-interfaces']
queryKey: ['notification-providers']
queryKey: ['notification-templates']
queryKey: ['obico-printer-status']
queryKey: ['obico-status']
queryKey: ['oidc-links']
queryKey: ['oidc-providers-all']
queryKey: ['oidc-providers']
queryKey: ['oidcProvidersAll']
queryKey: ['printers']
queryKey: ['printerStatus', printer.id]
queryKey: ['settings']
queryKey: ['smart-plugs-energy', smartPlugs?.map(p => p.id)]
queryKey: ['smart-plugs-energy']
queryKey: ['smart-plugs']
queryKey: ['smtpSettings']
queryKey: ['spool-assignments']
queryKey: ['spoolbuddy-devices']
queryKey: ['spoolman-inventory-filaments']
queryKey: ['spoolman-inventory-spools']
queryKey: ['spoolman-settings']
queryKey: ['spoolman-status']
queryKey: ['spools']
queryKey: ['storage-usage']
queryKey: ['totp-setup']
queryKey: ['twoFAStatus']
queryKey: ['updateCheck']
queryKey: ['updateStatus']
queryKey: ['users']
queryKey: ['version']
queryKey: ['virtual-printer-models']
queryKey: ['virtual-printer-settings']
queryKey: ['zoho-status', { probe: false }]
queryKey: ['zoho-status', { probe: true }]
queryKey: ['zoho-status']
## localStorage keys

### stderr:

