### exit: 0
### stdout:
--- empty string | price=19.9
changed=unwritable
content=''
identity=SAME OBJECT
--- whitespace only | price=19.9
changed=unwritable
content='   '
identity=SAME OBJECT
--- not json | price=19.9
changed=unwritable
content='{not json'
identity=SAME OBJECT
--- json list not object | price=19.9
changed=unwritable
content='[1, 2]'
identity=SAME OBJECT
--- json scalar not object | price=19.9
changed=unwritable
content='42'
identity=SAME OBJECT
--- json null | price=19.9
changed=unwritable
content='null'
identity=SAME OBJECT
--- empty object | price=19.9
changed=written
content='{\n    "filament_cost": [\n        "19.90"\n    ]\n}'
identity=new string
--- no filament_cost key | price=19.9
changed=written
content='{\n    "name": "PLA",\n    "filament_cost": [\n        "19.90"\n    ]\n}'
identity=new string
--- cost as one-element list, different | price=19.9
changed=written
content='{\n    "filament_cost": [\n        "19.90"\n    ]\n}'
identity=new string
--- cost as one-element list, identical | price=19.9
changed=unchanged
content='{"filament_cost": ["19.90"]}'
identity=SAME OBJECT
--- cost as bare scalar string, identical | price=19.9
changed=unchanged
content='{"filament_cost": "19.90"}'
identity=SAME OBJECT
--- cost as bare scalar number, identical | price=19.9
changed=written
content='{\n    "filament_cost": [\n        "19.90"\n    ]\n}'
identity=new string
--- cost as empty list | price=19.9
changed=written
content='{\n    "filament_cost": [\n        "19.90"\n    ]\n}'
identity=new string
--- cost as multi-element list | price=19.9
changed=unchanged
content='{"filament_cost": ["19.90", "20.00"]}'
identity=SAME OBJECT
--- cost null | price=19.9
changed=written
content='{\n    "filament_cost": [\n        "19.90"\n    ]\n}'
identity=new string
--- non-ascii values preserved | price=2.5
changed=written
content='{\n    "name": "Rouge Écarlate ✓",\n    "filament_cost": [\n        "2.50"\n    ]\n}'
identity=new string
--- key order preserved | price=3.0
changed=written
content='{\n    "z": "1",\n    "a": "2",\n    "filament_cost": [\n        "3.00"\n    ]\n}'
identity=new string
--- nested structures preserved | price=3.0
changed=written
content='{\n    "a": {\n        "b": [\n            1,\n            {\n                "c": 2\n            }\n        ]\n    },\n    "filament_cost": [\n        "3.00"\n    ]\n}'
identity=new string
--- rounds half up or even at .005 | price=1.005
changed=written
content='{\n    "name": "x",\n    "filament_cost": [\n        "1.00"\n    ]\n}'
identity=new string
--- rounds at .015 | price=1.015
changed=written
content='{\n    "name": "x",\n    "filament_cost": [\n        "1.01"\n    ]\n}'
identity=new string
--- truncates a long float | price=19.899999999
changed=written
content='{\n    "name": "x",\n    "filament_cost": [\n        "19.90"\n    ]\n}'
identity=new string
--- zero price | price=0.0
changed=bad_price
content='{"name": "x"}'
identity=SAME OBJECT
--- negative price | price=-5.0
changed=bad_price
content='{"name": "x"}'
identity=SAME OBJECT
--- very large price | price=1234567.891
changed=written
content='{\n    "name": "x",\n    "filament_cost": [\n        "1234567.89"\n    ]\n}'
identity=new string
--- very small price | price=0.001
changed=written
content='{\n    "name": "x",\n    "filament_cost": [\n        "0.00"\n    ]\n}'
identity=new string
--- integer-valued float | price=20.0
changed=written
content='{\n    "name": "x",\n    "filament_cost": [\n        "20.00"\n    ]\n}'
identity=new string

### stderr:

