### exit: 0
### stdout:
{
 "BambuScanFile": {
  "properties": {
   "content": {
    "title": "Content",
    "type": "string"
   },
   "filename": {
    "title": "Filename",
    "type": "string"
   }
  },
  "required": [
   "filename",
   "content"
  ],
  "title": "BambuScanFile",
  "type": "object"
 },
 "BambuScanResponse": {
  "$defs": {
   "BambuScanFile": {
    "properties": {
     "content": {
      "title": "Content",
      "type": "string"
     },
     "filename": {
      "title": "Filename",
      "type": "string"
     }
    },
    "required": [
     "filename",
     "content"
    ],
    "title": "BambuScanFile",
    "type": "object"
   }
  },
  "properties": {
   "files": {
    "items": {
     "$ref": "#/$defs/BambuScanFile"
    },
    "title": "Files",
    "type": "array"
   }
  },
  "required": [
   "files"
  ],
  "title": "BambuScanResponse",
  "type": "object"
 },
 "BambuSyncRequest": {
  "additionalProperties": false,
  "properties": {
   "dry_run": {
    "default": false,
    "title": "Dry Run",
    "type": "boolean"
   },
   "presets": {
    "items": {},
    "title": "Presets",
    "type": "array"
   }
  },
  "required": [
   "presets"
  ],
  "title": "BambuSyncRequest",
  "type": "object"
 },
 "BambuSyncResponse": {
  "$defs": {
   "SyncStats": {
    "properties": {
     "added": {
      "title": "Added",
      "type": "integer"
     },
     "removed": {
      "title": "Removed",
      "type": "integer"
     },
     "unchanged": {
      "title": "Unchanged",
      "type": "integer"
     },
     "updated": {
      "title": "Updated",
      "type": "integer"
     }
    },
    "required": [
     "added",
     "updated",
     "removed",
     "unchanged"
    ],
    "title": "SyncStats",
    "type": "object"
   }
  },
  "properties": {
   "stats": {
    "$ref": "#/$defs/SyncStats"
   }
  },
  "required": [
   "stats"
  ],
  "title": "BambuSyncResponse",
  "type": "object"
 },
 "BaseContentResponse": {
  "properties": {
   "content": {
    "title": "Content",
    "type": "string"
   }
  },
  "required": [
   "content"
  ],
  "title": "BaseContentResponse",
  "type": "object"
 },
 "BaseFilamentPresetResponse": {
  "properties": {
   "brand": {
    "title": "Brand",
    "type": "string"
   },
   "color": {
    "title": "Color",
    "type": "string"
   },
   "color_hex": {
    "title": "Color Hex",
    "type": "string"
   },
   "filename": {
    "title": "Filename",
    "type": "string"
   },
   "id": {
    "title": "Id",
    "type": "integer"
   },
   "inherits": {
    "title": "Inherits",
    "type": "string"
   },
   "material": {
    "title": "Material",
    "type": "string"
   },
   "name": {
    "title": "Name",
    "type": "string"
   }
  },
  "required": [
   "id",
   "name",
   "inherits",
   "brand",
   "material",
   "color",
   "color_hex",
   "filename"
  ],
  "title": "BaseFilamentPresetResponse",
  "type": "object"
 },
 "BaseSyncResult": {
  "properties": {
   "added": {
    "title": "Added",
    "type": "integer"
   },
   "total": {
    "title": "Total",
    "type": "integer"
   },
   "unchanged": {
    "title": "Unchanged",
    "type": "integer"
   },
   "updated": {
    "title": "Updated",
    "type": "integer"
   }
  },
  "required": [
   "added",
   "updated",
   "unchanged",
   "total"
  ],
  "title": "BaseSyncResult",
  "type": "object"
 },
 "FilamentPresetCreate": {
  "properties": {
   "brand": {
    "default": "",
    "maxLength": 200,
    "title": "Brand",
    "type": "string"
   },
   "color": {
    "default": "",
    "maxLength": 200,
    "title": "Color",
    "type": "string"
   },
   "color_hex": {
    "default": "",
    "maxLength": 32,
    "title": "Color Hex",
    "type": "string"
   },
   "content": {
    "default": "",
    "maxLength": 262144,
    "title": "Content",
    "type": "string"
   },
   "filename": {
    "default": "",
    "maxLength": 255,
    "title": "Filename",
    "type": "string"
   },
   "material": {
    "default": "",
    "maxLength": 200,
    "title": "Material",
    "type": "string"
   },
   "name": {
    "default": "",
    "maxLength": 200,
    "title": "Name",
    "type": "string"
   }
  },
  "title": "FilamentPresetCreate",
  "type": "object"
 },
 "FilamentPresetResponse": {
  "properties": {
   "brand": {
    "title": "Brand",
    "type": "string"
   },
   "color": {
    "title": "Color",
    "type": "string"
   },
   "color_hex": {
    "title": "Color Hex",
    "type": "string"
   },
   "content": {
    "title": "Content",
    "type": "string"
   },
   "created_at": {
    "anyOf": [
     {
      "format": "date-time",
      "type": "string"
     },
     {
      "type": "null"
     }
    ],
    "title": "Created At"
   },
   "filename": {
    "title": "Filename",
    "type": "string"
   },
   "id": {
    "title": "Id",
    "type": "integer"
   },
   "material": {
    "title": "Material",
    "type": "string"
   },
   "name": {
    "title": "Name",
    "type": "string"
   },
   "updated_at": {
    "anyOf": [
     {
      "format": "date-time",
      "type": "string"
     },
     {
      "type": "null"
     }
    ],
    "title": "Updated At"
   }
  },
  "required": [
   "id",
   "name",
   "brand",
   "material",
   "color",
   "color_hex",
   "filename",
   "content",
   "created_at",
   "updated_at"
  ],
  "title": "FilamentPresetResponse",
  "type": "object"
 },
 "FilamentPresetUpdate": {
  "properties": {
   "brand": {
    "anyOf": [
     {
      "maxLength": 200,
      "type": "string"
     },
     {
      "type": "null"
     }
    ],
    "default": null,
    "title": "Brand"
   },
   "color": {
    "anyOf": [
     {
      "maxLength": 200,
      "type": "string"
     },
     {
      "type": "null"
     }
    ],
    "default": null,
    "title": "Color"
   },
   "color_hex": {
    "anyOf": [
     {
      "maxLength": 32,
      "type": "string"
     },
     {
      "type": "null"
     }
    ],
    "default": null,
    "title": "Color Hex"
   },
   "content": {
    "anyOf": [
     {
      "maxLength": 262144,
      "type": "string"
     },
     {
      "type": "null"
     }
    ],
    "default": null,
    "title": "Content"
   },
   "filename": {
    "anyOf": [
     {
      "maxLength": 255,
      "type": "string"
     },
     {
      "type": "null"
     }
    ],
    "default": null,
    "title": "Filename"
   },
   "material": {
    "anyOf": [
     {
      "maxLength": 200,
      "type": "string"
     },
     {
      "type": "null"
     }
    ],
    "default": null,
    "title": "Material"
   },
   "name": {
    "anyOf": [
     {
      "maxLength": 200,
      "type": "string"
     },
     {
      "type": "null"
     }
    ],
    "default": null,
    "title": "Name"
   }
  },
  "title": "FilamentPresetUpdate",
  "type": "object"
 },
 "FilamentPresetZohoSyncAttention": {
  "description": "One profile the sync would not price, and why.",
  "properties": {
   "candidates": {
    "default": [],
    "items": {
     "type": "string"
    },
    "title": "Candidates",
    "type": "array"
   },
   "candidates_total": {
    "default": 0,
    "title": "Candidates Total",
    "type": "integer"
   },
   "id": {
    "title": "Id",
    "type": "integer"
   },
   "name": {
    "title": "Name",
    "type": "string"
   },
   "reason": {
    "enum": [
     "no_match",
     "ambiguous",
     "no_price",
     "unwritable_content",
     "bad_price",
     "weight_unknown"
    ],
    "title": "Reason",
    "type": "string"
   }
  },
  "required": [
   "id",
   "name",
   "reason"
  ],
  "title": "FilamentPresetZohoSyncAttention",
  "type": "object"
 },
 "FilamentPresetZohoSyncResponse": {
  "$defs": {
   "FilamentPresetZohoSyncAttention": {
    "description": "One profile the sync would not price, and why.",
    "properties": {
     "candidates": {
      "default": [],
      "items": {
       "type": "string"
      },
      "title": "Candidates",
      "type": "array"
     },
     "candidates_total": {
      "default": 0,
      "title": "Candidates Total",
      "type": "integer"
     },
     "id": {
      "title": "Id",
      "type": "integer"
     },
     "name": {
      "title": "Name",
      "type": "string"
     },
     "reason": {
      "enum": [
       "no_match",
       "ambiguous",
       "no_price",
       "unwritable_content",
       "bad_price",
       "weight_unknown"
      ],
      "title": "Reason",
      "type": "string"
     }
    },
    "required": [
     "id",
     "name",
     "reason"
    ],
    "title": "FilamentPresetZohoSyncAttention",
    "type": "object"
   }
  },
  "description": "Counts are disjoint and sum to the profile count.\n\n``priced`` and ``unchanged`` are both confident matches, split by whether\nthe value actually moved; ``attention`` is everything else.",
  "properties": {
   "attention": {
    "default": [],
    "items": {
     "$ref": "#/$defs/FilamentPresetZohoSyncAttention"
    },
    "title": "Attention",
    "type": "array"
   },
   "catalogue_stale_since": {
    "anyOf": [
     {
      "format": "date-time",
      "type": "string"
     },
     {
      "type": "null"
     }
    ],
    "default": null,
    "title": "Catalogue Stale Since"
   },
   "priced": {
    "title": "Priced",
    "type": "integer"
   },
   "unchanged": {
    "title": "Unchanged",
    "type": "integer"
   }
  },
  "required": [
   "priced",
   "unchanged"
  ],
  "title": "FilamentPresetZohoSyncResponse",
  "type": "object"
 },
 "SyncStats": {
  "properties": {
   "added": {
    "title": "Added",
    "type": "integer"
   },
   "removed": {
    "title": "Removed",
    "type": "integer"
   },
   "unchanged": {
    "title": "Unchanged",
    "type": "integer"
   },
   "updated": {
    "title": "Updated",
    "type": "integer"
   }
  },
  "required": [
   "added",
   "updated",
   "removed",
   "unchanged"
  ],
  "title": "SyncStats",
  "type": "object"
 }
}

### stderr:

