### exit: 0
### stdout:
{
 "01-results": [
  {
   "call": "ping",
   "result": null
  },
  {
   "call": "create_link",
   "result": {
    "amount": 12500,
    "currency": "XPF",
    "expires_at": "2026-09-27T23:59:59.999Z",
    "id": "6f1e2c3a-0000-4000-8000-000000000001",
    "reference": "DEV-000123",
    "status": "pending",
    "url": "https://secure.osb.pf/pay/abc"
   }
  },
  {
   "call": "patch_link-amount-only",
   "result": {
    "amount": 12500,
    "currency": "XPF",
    "expires_at": "2026-09-27T23:59:59.999Z",
    "id": "6f1e2c3a-0000-4000-8000-000000000001",
    "reference": "DEV-000123",
    "status": "pending",
    "url": "https://secure.osb.pf/pay/abc"
   }
  },
  {
   "call": "patch_link-expiry-only",
   "result": {
    "amount": 12500,
    "currency": "XPF",
    "expires_at": "2026-09-27T23:59:59.999Z",
    "id": "6f1e2c3a-0000-4000-8000-000000000001",
    "reference": "DEV-000123",
    "status": "pending",
    "url": "https://secure.osb.pf/pay/abc"
   }
  },
  {
   "call": "patch_link-both",
   "result": {
    "amount": 12500,
    "currency": "XPF",
    "expires_at": "2026-09-27T23:59:59.999Z",
    "id": "6f1e2c3a-0000-4000-8000-000000000001",
    "reference": "DEV-000123",
    "status": "pending",
    "url": "https://secure.osb.pf/pay/abc"
   }
  },
  {
   "call": "patch_link-neither",
   "result": {
    "amount": 12500,
    "currency": "XPF",
    "expires_at": "2026-09-27T23:59:59.999Z",
    "id": "6f1e2c3a-0000-4000-8000-000000000001",
    "reference": "DEV-000123",
    "status": "pending",
    "url": "https://secure.osb.pf/pay/abc"
   }
  },
  {
   "call": "cancel_link",
   "result": {
    "amount": 12500,
    "currency": "XPF",
    "expires_at": "2026-09-27T23:59:59.999Z",
    "id": "6f1e2c3a-0000-4000-8000-000000000001",
    "reference": "DEV-000123",
    "status": "pending",
    "url": "https://secure.osb.pf/pay/abc"
   }
  },
  {
   "call": "get_payment",
   "result": {
    "amount": 12500,
    "currency": "XPF",
    "expires_at": "2026-09-27T23:59:59.999Z",
    "id": "6f1e2c3a-0000-4000-8000-000000000001",
    "reference": "DEV-000123",
    "status": "pending",
    "url": "https://secure.osb.pf/pay/abc"
   }
  },
  {
   "call": "get_payment-id-with-slash",
   "result": {
    "amount": 12500,
    "currency": "XPF",
    "expires_at": "2026-09-27T23:59:59.999Z",
    "id": "6f1e2c3a-0000-4000-8000-000000000001",
    "reference": "DEV-000123",
    "status": "pending",
    "url": "https://secure.osb.pf/pay/abc"
   }
  },
  {
   "call": "get_payment-id-with-space",
   "result": {
    "amount": 12500,
    "currency": "XPF",
    "expires_at": "2026-09-27T23:59:59.999Z",
    "id": "6f1e2c3a-0000-4000-8000-000000000001",
    "reference": "DEV-000123",
    "status": "pending",
    "url": "https://secure.osb.pf/pay/abc"
   }
  },
  {
   "call": "get_payment-id-with-query",
   "result": {
    "amount": 12500,
    "currency": "XPF",
    "expires_at": "2026-09-27T23:59:59.999Z",
    "id": "6f1e2c3a-0000-4000-8000-000000000001",
    "reference": "DEV-000123",
    "status": "pending",
    "url": "https://secure.osb.pf/pay/abc"
   }
  },
  {
   "call": "ping-with-overrides",
   "result": null
  }
 ],
 "02-requests": [
  {
   "body": "",
   "body_len": 0,
   "headers": {
    "x-heimdall-key-id": "84f32b71ac095ed2",
    "x-heimdall-nonce": "0123456789abcdef0123456789abcdef",
    "x-heimdall-signature": "sha256=d4f8b61cda5936ad5b1770f3493ab00e1b97fa4294dac94d5d1d1719f73cdd42",
    "x-heimdall-timestamp": "1757707200"
   },
   "method": "GET",
   "path": "/api/v1/ping",
   "query": "",
   "url": "http://pos.local:8081/api/v1/ping"
  },
  {
   "body": "{\"method\":\"link\",\"amount\":12500,\"currency\":\"XPF\",\"reference\":\"DEV-000123\",\"expires_in_days\":15}",
   "body_len": 95,
   "headers": {
    "content-length": "95",
    "content-type": "application/json",
    "idempotency-key": "aito:7:2",
    "x-heimdall-key-id": "84f32b71ac095ed2",
    "x-heimdall-nonce": "0123456789abcdef0123456789abcdef",
    "x-heimdall-signature": "sha256=5f6ce1c220ab0e11abfea796fabc214be273447466d5055b8d1b4595b1f17641",
    "x-heimdall-timestamp": "1757707200"
   },
   "method": "POST",
   "path": "/api/v1/payments",
   "query": "",
   "url": "http://pos.local:8081/api/v1/payments"
  },
  {
   "body": "{\"amount\":9000}",
   "body_len": 15,
   "headers": {
    "content-length": "15",
    "content-type": "application/json",
    "x-heimdall-key-id": "84f32b71ac095ed2",
    "x-heimdall-nonce": "0123456789abcdef0123456789abcdef",
    "x-heimdall-signature": "sha256=a660f1653b016db29a955a1ec015f0a3d924f884fc11dc1edc5be664f3ccd597",
    "x-heimdall-timestamp": "1757707200"
   },
   "method": "PATCH",
   "path": "/api/v1/payments/hd-1",
   "query": "",
   "url": "http://pos.local:8081/api/v1/payments/hd-1"
  },
  {
   "body": "{\"expires_in_days\":7}",
   "body_len": 21,
   "headers": {
    "content-length": "21",
    "content-type": "application/json",
    "x-heimdall-key-id": "84f32b71ac095ed2",
    "x-heimdall-nonce": "0123456789abcdef0123456789abcdef",
    "x-heimdall-signature": "sha256=5fc18988c64155bbeaee90c49b5e7d4c39ae62db47e9bd22ebe96ef923d51c4f",
    "x-heimdall-timestamp": "1757707200"
   },
   "method": "PATCH",
   "path": "/api/v1/payments/hd-1",
   "query": "",
   "url": "http://pos.local:8081/api/v1/payments/hd-1"
  },
  {
   "body": "{\"amount\":9000,\"expires_in_days\":7}",
   "body_len": 35,
   "headers": {
    "content-length": "35",
    "content-type": "application/json",
    "x-heimdall-key-id": "84f32b71ac095ed2",
    "x-heimdall-nonce": "0123456789abcdef0123456789abcdef",
    "x-heimdall-signature": "sha256=a83dba8f29be7cd207dbad0392fcfce3f539187df310f23f6d7bdd4e6596f9d0",
    "x-heimdall-timestamp": "1757707200"
   },
   "method": "PATCH",
   "path": "/api/v1/payments/hd-1",
   "query": "",
   "url": "http://pos.local:8081/api/v1/payments/hd-1"
  },
  {
   "body": "{}",
   "body_len": 2,
   "headers": {
    "content-length": "2",
    "content-type": "application/json",
    "x-heimdall-key-id": "84f32b71ac095ed2",
    "x-heimdall-nonce": "0123456789abcdef0123456789abcdef",
    "x-heimdall-signature": "sha256=cb97a8168cbdda495c8df54e16ce48633749b326832de20926049ecb5b4d81fa",
    "x-heimdall-timestamp": "1757707200"
   },
   "method": "PATCH",
   "path": "/api/v1/payments/hd-1",
   "query": "",
   "url": "http://pos.local:8081/api/v1/payments/hd-1"
  },
  {
   "body": "",
   "body_len": 0,
   "headers": {
    "content-length": "0",
    "x-heimdall-key-id": "84f32b71ac095ed2",
    "x-heimdall-nonce": "0123456789abcdef0123456789abcdef",
    "x-heimdall-signature": "sha256=4b1417248a1d80a6fd30d42f3dbcd061e82eccc99c944b0ba01c3307f42ccd31",
    "x-heimdall-timestamp": "1757707200"
   },
   "method": "POST",
   "path": "/api/v1/payments/hd-1/cancel",
   "query": "",
   "url": "http://pos.local:8081/api/v1/payments/hd-1/cancel"
  },
  {
   "body": "",
   "body_len": 0,
   "headers": {
    "x-heimdall-key-id": "84f32b71ac095ed2",
    "x-heimdall-nonce": "0123456789abcdef0123456789abcdef",
    "x-heimdall-signature": "sha256=04bc6a330decc690fc410d79ace0db131180b9f9184f9423bb1024b75d039159",
    "x-heimdall-timestamp": "1757707200"
   },
   "method": "GET",
   "path": "/api/v1/payments/hd-1",
   "query": "",
   "url": "http://pos.local:8081/api/v1/payments/hd-1"
  },
  {
   "body": "",
   "body_len": 0,
   "headers": {
    "x-heimdall-key-id": "84f32b71ac095ed2",
    "x-heimdall-nonce": "0123456789abcdef0123456789abcdef",
    "x-heimdall-signature": "sha256=d54a07ea513b2c690f7eed60488d5b575e0a8750bb7547b73e5c8fd685a4fb2a",
    "x-heimdall-timestamp": "1757707200"
   },
   "method": "GET",
   "path": "/api/v1/payments/ping",
   "query": "",
   "url": "http://pos.local:8081/api/v1/payments/ping"
  },
  {
   "body": "",
   "body_len": 0,
   "headers": {
    "x-heimdall-key-id": "84f32b71ac095ed2",
    "x-heimdall-nonce": "0123456789abcdef0123456789abcdef",
    "x-heimdall-signature": "sha256=40dbb4c3aa0e9ebf380d1e4255e8c14e7d78b046438055a1be6e81d76d94fd6d",
    "x-heimdall-timestamp": "1757707200"
   },
   "method": "GET",
   "path": "/api/v1/payments/hd 1",
   "query": "",
   "url": "http://pos.local:8081/api/v1/payments/hd%201"
  },
  {
   "body": "",
   "body_len": 0,
   "headers": {
    "x-heimdall-key-id": "84f32b71ac095ed2",
    "x-heimdall-nonce": "0123456789abcdef0123456789abcdef",
    "x-heimdall-signature": "sha256=f02bc5b8b231f52cbe81e6e1496157675d86427295827a75bd6f4ccb1bbfbbbe",
    "x-heimdall-timestamp": "1757707200"
   },
   "method": "GET",
   "path": "/api/v1/payments/hd",
   "query": "x=1",
   "url": "http://pos.local:8081/api/v1/payments/hd?x=1"
  },
  {
   "body": "",
   "body_len": 0,
   "headers": {
    "x-heimdall-key-id": "84f32b71ac095ed2",
    "x-heimdall-nonce": "0123456789abcdef0123456789abcdef",
    "x-heimdall-signature": "sha256=d4f8b61cda5936ad5b1770f3493ab00e1b97fa4294dac94d5d1d1719f73cdd42",
    "x-heimdall-timestamp": "1757707200"
   },
   "method": "GET",
   "path": "/api/v1/ping",
   "query": "",
   "url": "http://other.local:9999/api/v1/ping"
  }
 ],
 "03-error-mapping": [
  {
   "case": "400-invalid-request",
   "message": "Heimdall HTTP 400 invalid_request: bad body",
   "outcome": "HeimdallUpstreamError"
  },
  {
   "case": "401-bad-signature",
   "message": "Heimdall HTTP 401 unauthorized: Invalid request signature",
   "outcome": "HeimdallAuthError",
   "status": 401
  },
  {
   "case": "403-missing-scope",
   "message": "Heimdall HTTP 403 forbidden: scope payments:write",
   "outcome": "HeimdallAuthError",
   "status": 403
  },
  {
   "case": "404-no-such-payment",
   "message": "Heimdall HTTP 404 not_found: no such payment",
   "outcome": "HeimdallNotFound"
  },
  {
   "case": "409-state-moved",
   "code": "conflict_state",
   "message": "Heimdall HTTP 409 conflict_state: already cancelled",
   "outcome": "HeimdallConflict"
  },
  {
   "case": "409-idempotency-reuse",
   "code": "idempotency_key_reuse",
   "message": "Heimdall HTTP 409 idempotency_key_reuse: different body",
   "outcome": "HeimdallConflict"
  },
  {
   "case": "409-no-code",
   "code": "",
   "message": "Heimdall HTTP 409 : no code field",
   "outcome": "HeimdallConflict"
  },
  {
   "case": "409-no-error-object",
   "code": "",
   "message": "Heimdall HTTP 409 :",
   "outcome": "HeimdallConflict"
  },
  {
   "case": "422-unprocessable",
   "message": "Heimdall HTTP 422 unprocessable: amount too small",
   "outcome": "HeimdallUpstreamError"
  },
  {
   "case": "429-retry-after-30",
   "message": "Heimdall HTTP 429 rate_limited:",
   "outcome": "HeimdallRateLimited",
   "retry_after": 30.0
  },
  {
   "case": "429-retry-after-absent",
   "message": "Heimdall HTTP 429 rate_limited:",
   "outcome": "HeimdallRateLimited",
   "retry_after": null
  },
  {
   "case": "429-retry-after-garbage",
   "message": "Heimdall HTTP 429 rate_limited:",
   "outcome": "HeimdallRateLimited",
   "retry_after": null
  },
  {
   "case": "429-retry-after-http-date",
   "message": "Heimdall HTTP 429 :",
   "outcome": "HeimdallRateLimited",
   "retry_after": null
  },
  {
   "case": "429-retry-after-negative",
   "message": "Heimdall HTTP 429 :",
   "outcome": "HeimdallRateLimited",
   "retry_after": 0.0
  },
  {
   "case": "429-retry-after-float",
   "message": "Heimdall HTTP 429 :",
   "outcome": "HeimdallRateLimited",
   "retry_after": 1.5
  },
  {
   "case": "500-server-error",
   "message": "Heimdall HTTP 500 internal: boom",
   "outcome": "HeimdallUpstreamError"
  },
  {
   "case": "503-unavailable",
   "message": "Heimdall HTTP 503 :",
   "outcome": "HeimdallUpstreamError"
  },
  {
   "case": "500-html-body",
   "message": "Heimdall returned a non-JSON response (HTTP 500)",
   "outcome": "HeimdallUpstreamError"
  },
  {
   "case": "200-non-json-body",
   "message": "Heimdall returned a non-JSON response (HTTP 200)",
   "outcome": "HeimdallUpstreamError"
  },
  {
   "case": "200-empty-body",
   "message": "Heimdall returned an unexpected payment shape: 'id'",
   "outcome": "HeimdallUpstreamError"
  },
  {
   "case": "200-json-array",
   "message": "Heimdall returned a non-object JSON body",
   "outcome": "HeimdallUpstreamError"
  },
  {
   "case": "200-json-string",
   "message": "Heimdall returned a non-object JSON body",
   "outcome": "HeimdallUpstreamError"
  },
  {
   "case": "200-missing-id",
   "message": "Heimdall returned an unexpected payment shape: 'id'",
   "outcome": "HeimdallUpstreamError"
  },
  {
   "case": "200-missing-status",
   "message": "Heimdall returned an unexpected payment shape: 'status'",
   "outcome": "HeimdallUpstreamError"
  },
  {
   "case": "200-amount-not-a-number",
   "message": "Heimdall returned an unexpected payment shape: invalid literal for int() with base 10: 'lots'",
   "outcome": "HeimdallUpstreamError"
  },
  {
   "case": "200-amount-null",
   "message": "Heimdall returned an unexpected payment shape: int() argument must be a string, a bytes-like object or a real number, not 'NoneType'",
   "outcome": "HeimdallUpstreamError"
  },
  {
   "case": "200-link-null",
   "outcome": "ok",
   "view": {
    "amount": 1,
    "currency": "XPF",
    "expires_at": null,
    "id": "x",
    "reference": "",
    "status": "pending",
    "url": null
   }
  },
  {
   "case": "200-link-not-an-object",
   "message": "'str' object has no attribute 'get'",
   "outcome": "AttributeError"
  },
  {
   "case": "200-minimal-valid",
   "outcome": "ok",
   "view": {
    "amount": 1,
    "currency": "XPF",
    "expires_at": null,
    "id": "x",
    "reference": "",
    "status": "pending",
    "url": null
   }
  },
  {
   "case": "200-currency-null",
   "outcome": "ok",
   "view": {
    "amount": 1,
    "currency": "XPF",
    "expires_at": null,
    "id": "x",
    "reference": "",
    "status": "paid",
    "url": null
   }
  },
  {
   "case": "200-reference-null",
   "outcome": "ok",
   "view": {
    "amount": 1,
    "currency": "XPF",
    "expires_at": null,
    "id": "x",
    "reference": "",
    "status": "paid",
    "url": null
   }
  },
  {
   "case": "200-amount-float",
   "outcome": "ok",
   "view": {
    "amount": 12500,
    "currency": "XPF",
    "expires_at": null,
    "id": "x",
    "reference": "",
    "status": "paid",
    "url": null
   }
  },
  {
   "case": "200-id-numeric",
   "outcome": "ok",
   "view": {
    "amount": 1,
    "currency": "XPF",
    "expires_at": null,
    "id": "42",
    "reference": "",
    "status": "paid",
    "url": null
   }
  },
  {
   "case": "transport-connect-error",
   "message": "Heimdall unreachable: connection refused",
   "outcome": "HeimdallUpstreamError"
  },
  {
   "case": "transport-read-timeout",
   "message": "Heimdall unreachable: timed out",
   "outcome": "HeimdallUpstreamError"
  }
 ],
 "04-configuration": [
  {
   "case": "both-set",
   "is_configured": true,
   "ping": "ok",
   "ping_url": "http://pos.local:8081/api/v1/ping"
  },
  {
   "case": "url-blank",
   "is_configured": false,
   "message": "Heimdall is not configured (see Settings)",
   "ping": "HeimdallNotConfigured"
  },
  {
   "case": "token-blank",
   "is_configured": false,
   "message": "Heimdall is not configured (see Settings)",
   "ping": "HeimdallNotConfigured"
  },
  {
   "case": "both-blank",
   "is_configured": false,
   "message": "Heimdall is not configured (see Settings)",
   "ping": "HeimdallNotConfigured"
  },
  {
   "case": "url-whitespace",
   "is_configured": false,
   "message": "Heimdall is not configured (see Settings)",
   "ping": "HeimdallNotConfigured"
  },
  {
   "case": "token-whitespace",
   "is_configured": false,
   "message": "Heimdall is not configured (see Settings)",
   "ping": "HeimdallNotConfigured"
  },
  {
   "case": "url-trailing-slashes",
   "is_configured": true,
   "ping": "ok",
   "ping_url": "http://pos.local:8081/api/v1/ping"
  },
  {
   "case": "token-not-a-credential",
   "is_configured": true,
   "message": "Heimdall token is not an hmd_live.<id>.<secret> credential",
   "ping": "HeimdallNotConfigured"
  },
  {
   "case": "token-padded",
   "is_configured": true,
   "ping": "ok",
   "ping_url": "http://pos.local:8081/api/v1/ping"
  },
  {
   "case": "url-with-path",
   "is_configured": true,
   "ping": "ok",
   "ping_url": "http://pos.local:8081/bridge/api/v1/ping"
  }
 ]
}

### stderr:

