### exit: 0
### stdout:
{
 "01-required-amount": [
  {
   "pct": -10,
   "quote_total": null,
   "required": null
  },
  {
   "pct": 0,
   "quote_total": null,
   "required": null
  },
  {
   "pct": 1,
   "quote_total": null,
   "required": null
  },
  {
   "pct": 30,
   "quote_total": null,
   "required": null
  },
  {
   "pct": 33,
   "quote_total": null,
   "required": null
  },
  {
   "pct": 50,
   "quote_total": null,
   "required": null
  },
  {
   "pct": 99,
   "quote_total": null,
   "required": null
  },
  {
   "pct": 100,
   "quote_total": null,
   "required": null
  },
  {
   "pct": 150,
   "quote_total": null,
   "required": null
  },
  {
   "pct": -10,
   "quote_total": -1.0,
   "required": null
  },
  {
   "pct": 0,
   "quote_total": -1.0,
   "required": null
  },
  {
   "pct": 1,
   "quote_total": -1.0,
   "required": null
  },
  {
   "pct": 30,
   "quote_total": -1.0,
   "required": null
  },
  {
   "pct": 33,
   "quote_total": -1.0,
   "required": null
  },
  {
   "pct": 50,
   "quote_total": -1.0,
   "required": null
  },
  {
   "pct": 99,
   "quote_total": -1.0,
   "required": null
  },
  {
   "pct": 100,
   "quote_total": -1.0,
   "required": null
  },
  {
   "pct": 150,
   "quote_total": -1.0,
   "required": null
  },
  {
   "pct": -10,
   "quote_total": 0.0,
   "required": null
  },
  {
   "pct": 0,
   "quote_total": 0.0,
   "required": null
  },
  {
   "pct": 1,
   "quote_total": 0.0,
   "required": null
  },
  {
   "pct": 30,
   "quote_total": 0.0,
   "required": null
  },
  {
   "pct": 33,
   "quote_total": 0.0,
   "required": null
  },
  {
   "pct": 50,
   "quote_total": 0.0,
   "required": null
  },
  {
   "pct": 99,
   "quote_total": 0.0,
   "required": null
  },
  {
   "pct": 100,
   "quote_total": 0.0,
   "required": null
  },
  {
   "pct": 150,
   "quote_total": 0.0,
   "required": null
  },
  {
   "pct": -10,
   "quote_total": 0.4,
   "required": 0
  },
  {
   "pct": 0,
   "quote_total": 0.4,
   "required": 0
  },
  {
   "pct": 1,
   "quote_total": 0.4,
   "required": 1
  },
  {
   "pct": 30,
   "quote_total": 0.4,
   "required": 1
  },
  {
   "pct": 33,
   "quote_total": 0.4,
   "required": 1
  },
  {
   "pct": 50,
   "quote_total": 0.4,
   "required": 1
  },
  {
   "pct": 99,
   "quote_total": 0.4,
   "required": 1
  },
  {
   "pct": 100,
   "quote_total": 0.4,
   "required": 1
  },
  {
   "pct": 150,
   "quote_total": 0.4,
   "required": 1
  },
  {
   "pct": -10,
   "quote_total": 0.5,
   "required": 0
  },
  {
   "pct": 0,
   "quote_total": 0.5,
   "required": 0
  },
  {
   "pct": 1,
   "quote_total": 0.5,
   "required": 1
  },
  {
   "pct": 30,
   "quote_total": 0.5,
   "required": 1
  },
  {
   "pct": 33,
   "quote_total": 0.5,
   "required": 1
  },
  {
   "pct": 50,
   "quote_total": 0.5,
   "required": 1
  },
  {
   "pct": 99,
   "quote_total": 0.5,
   "required": 1
  },
  {
   "pct": 100,
   "quote_total": 0.5,
   "required": 1
  },
  {
   "pct": 150,
   "quote_total": 0.5,
   "required": 1
  },
  {
   "pct": -10,
   "quote_total": 0.6,
   "required": 1
  },
  {
   "pct": 0,
   "quote_total": 0.6,
   "required": 1
  },
  {
   "pct": 1,
   "quote_total": 0.6,
   "required": 1
  },
  {
   "pct": 30,
   "quote_total": 0.6,
   "required": 1
  },
  {
   "pct": 33,
   "quote_total": 0.6,
   "required": 1
  },
  {
   "pct": 50,
   "quote_total": 0.6,
   "required": 1
  },
  {
   "pct": 99,
   "quote_total": 0.6,
   "required": 1
  },
  {
   "pct": 100,
   "quote_total": 0.6,
   "required": 1
  },
  {
   "pct": 150,
   "quote_total": 0.6,
   "required": 1
  },
  {
   "pct": -10,
   "quote_total": 1.0,
   "required": 1
  },
  {
   "pct": 0,
   "quote_total": 1.0,
   "required": 1
  },
  {
   "pct": 1,
   "quote_total": 1.0,
   "required": 1
  },
  {
   "pct": 30,
   "quote_total": 1.0,
   "required": 1
  },
  {
   "pct": 33,
   "quote_total": 1.0,
   "required": 1
  },
  {
   "pct": 50,
   "quote_total": 1.0,
   "required": 1
  },
  {
   "pct": 99,
   "quote_total": 1.0,
   "required": 1
  },
  {
   "pct": 100,
   "quote_total": 1.0,
   "required": 1
  },
  {
   "pct": 150,
   "quote_total": 1.0,
   "required": 2
  },
  {
   "pct": -10,
   "quote_total": 1.5,
   "required": 2
  },
  {
   "pct": 0,
   "quote_total": 1.5,
   "required": 2
  },
  {
   "pct": 1,
   "quote_total": 1.5,
   "required": 1
  },
  {
   "pct": 30,
   "quote_total": 1.5,
   "required": 1
  },
  {
   "pct": 33,
   "quote_total": 1.5,
   "required": 1
  },
  {
   "pct": 50,
   "quote_total": 1.5,
   "required": 1
  },
  {
   "pct": 99,
   "quote_total": 1.5,
   "required": 2
  },
  {
   "pct": 100,
   "quote_total": 1.5,
   "required": 2
  },
  {
   "pct": 150,
   "quote_total": 1.5,
   "required": 3
  },
  {
   "pct": -10,
   "quote_total": 2.5,
   "required": 2
  },
  {
   "pct": 0,
   "quote_total": 2.5,
   "required": 2
  },
  {
   "pct": 1,
   "quote_total": 2.5,
   "required": 1
  },
  {
   "pct": 30,
   "quote_total": 2.5,
   "required": 1
  },
  {
   "pct": 33,
   "quote_total": 2.5,
   "required": 1
  },
  {
   "pct": 50,
   "quote_total": 2.5,
   "required": 2
  },
  {
   "pct": 99,
   "quote_total": 2.5,
   "required": 3
  },
  {
   "pct": 100,
   "quote_total": 2.5,
   "required": 3
  },
  {
   "pct": 150,
   "quote_total": 2.5,
   "required": 4
  },
  {
   "pct": -10,
   "quote_total": 99.5,
   "required": 100
  },
  {
   "pct": 0,
   "quote_total": 99.5,
   "required": 100
  },
  {
   "pct": 1,
   "quote_total": 99.5,
   "required": 1
  },
  {
   "pct": 30,
   "quote_total": 99.5,
   "required": 30
  },
  {
   "pct": 33,
   "quote_total": 99.5,
   "required": 33
  },
  {
   "pct": 50,
   "quote_total": 99.5,
   "required": 50
  },
  {
   "pct": 99,
   "quote_total": 99.5,
   "required": 99
  },
  {
   "pct": 100,
   "quote_total": 99.5,
   "required": 100
  },
  {
   "pct": 150,
   "quote_total": 99.5,
   "required": 150
  },
  {
   "pct": -10,
   "quote_total": 100.0,
   "required": 100
  },
  {
   "pct": 0,
   "quote_total": 100.0,
   "required": 100
  },
  {
   "pct": 1,
   "quote_total": 100.0,
   "required": 1
  },
  {
   "pct": 30,
   "quote_total": 100.0,
   "required": 30
  },
  {
   "pct": 33,
   "quote_total": 100.0,
   "required": 33
  },
  {
   "pct": 50,
   "quote_total": 100.0,
   "required": 50
  },
  {
   "pct": 99,
   "quote_total": 100.0,
   "required": 99
  },
  {
   "pct": 100,
   "quote_total": 100.0,
   "required": 100
  },
  {
   "pct": 150,
   "quote_total": 100.0,
   "required": 150
  },
  {
   "pct": -10,
   "quote_total": 100.004,
   "required": 100
  },
  {
   "pct": 0,
   "quote_total": 100.004,
   "required": 100
  },
  {
   "pct": 1,
   "quote_total": 100.004,
   "required": 2
  },
  {
   "pct": 30,
   "quote_total": 100.004,
   "required": 31
  },
  {
   "pct": 33,
   "quote_total": 100.004,
   "required": 34
  },
  {
   "pct": 50,
   "quote_total": 100.004,
   "required": 51
  },
  {
   "pct": 99,
   "quote_total": 100.004,
   "required": 100
  },
  {
   "pct": 100,
   "quote_total": 100.004,
   "required": 101
  },
  {
   "pct": 150,
   "quote_total": 100.004,
   "required": 151
  },
  {
   "pct": -10,
   "quote_total": 1000.0,
   "required": 1000
  },
  {
   "pct": 0,
   "quote_total": 1000.0,
   "required": 1000
  },
  {
   "pct": 1,
   "quote_total": 1000.0,
   "required": 10
  },
  {
   "pct": 30,
   "quote_total": 1000.0,
   "required": 300
  },
  {
   "pct": 33,
   "quote_total": 1000.0,
   "required": 330
  },
  {
   "pct": 50,
   "quote_total": 1000.0,
   "required": 500
  },
  {
   "pct": 99,
   "quote_total": 1000.0,
   "required": 990
  },
  {
   "pct": 100,
   "quote_total": 1000.0,
   "required": 1000
  },
  {
   "pct": 150,
   "quote_total": 1000.0,
   "required": 1500
  },
  {
   "pct": -10,
   "quote_total": 12500.0,
   "required": 12500
  },
  {
   "pct": 0,
   "quote_total": 12500.0,
   "required": 12500
  },
  {
   "pct": 1,
   "quote_total": 12500.0,
   "required": 125
  },
  {
   "pct": 30,
   "quote_total": 12500.0,
   "required": 3750
  },
  {
   "pct": 33,
   "quote_total": 12500.0,
   "required": 4125
  },
  {
   "pct": 50,
   "quote_total": 12500.0,
   "required": 6250
  },
  {
   "pct": 99,
   "quote_total": 12500.0,
   "required": 12375
  },
  {
   "pct": 100,
   "quote_total": 12500.0,
   "required": 12500
  },
  {
   "pct": 150,
   "quote_total": 12500.0,
   "required": 18750
  },
  {
   "pct": -10,
   "quote_total": 123456.789,
   "required": 123457
  },
  {
   "pct": 0,
   "quote_total": 123456.789,
   "required": 123457
  },
  {
   "pct": 1,
   "quote_total": 123456.789,
   "required": 1235
  },
  {
   "pct": 30,
   "quote_total": 123456.789,
   "required": 37038
  },
  {
   "pct": 33,
   "quote_total": 123456.789,
   "required": 40741
  },
  {
   "pct": 50,
   "quote_total": 123456.789,
   "required": 61729
  },
  {
   "pct": 99,
   "quote_total": 123456.789,
   "required": 122223
  },
  {
   "pct": 100,
   "quote_total": 123456.789,
   "required": 123457
  },
  {
   "pct": 150,
   "quote_total": 123456.789,
   "required": 185186
  },
  {
   "pct": -10,
   "quote_total": 1000000000.0,
   "required": 1000000000
  },
  {
   "pct": 0,
   "quote_total": 1000000000.0,
   "required": 1000000000
  },
  {
   "pct": 1,
   "quote_total": 1000000000.0,
   "required": 10000000
  },
  {
   "pct": 30,
   "quote_total": 1000000000.0,
   "required": 300000000
  },
  {
   "pct": 33,
   "quote_total": 1000000000.0,
   "required": 330000000
  },
  {
   "pct": 50,
   "quote_total": 1000000000.0,
   "required": 500000000
  },
  {
   "pct": 99,
   "quote_total": 1000000000.0,
   "required": 990000000
  },
  {
   "pct": 100,
   "quote_total": 1000000000.0,
   "required": 1000000000
  },
  {
   "pct": 150,
   "quote_total": 1000000000.0,
   "required": 1500000000
  }
 ],
 "02-outstanding-amount": [
  {
   "outstanding": 0,
   "required": 0,
   "retainer_paid_total": null
  },
  {
   "outstanding": 0,
   "required": 0,
   "retainer_paid_total": 0.0
  },
  {
   "outstanding": 0,
   "required": 0,
   "retainer_paid_total": 0.01
  },
  {
   "outstanding": -1,
   "required": 0,
   "retainer_paid_total": 1.0
  },
  {
   "outstanding": -1,
   "required": 0,
   "retainer_paid_total": 1.5
  },
  {
   "outstanding": -2499,
   "required": 0,
   "retainer_paid_total": 2499.99
  },
  {
   "outstanding": -2500,
   "required": 0,
   "retainer_paid_total": 2500.0
  },
  {
   "outstanding": -2500,
   "required": 0,
   "retainer_paid_total": 2500.01
  },
  {
   "outstanding": -12500,
   "required": 0,
   "retainer_paid_total": 12500.0
  },
  {
   "outstanding": -99999,
   "required": 0,
   "retainer_paid_total": 99999.0
  },
  {
   "outstanding": 5,
   "required": 0,
   "retainer_paid_total": -5.0
  },
  {
   "outstanding": 1,
   "required": 1,
   "retainer_paid_total": null
  },
  {
   "outstanding": 1,
   "required": 1,
   "retainer_paid_total": 0.0
  },
  {
   "outstanding": 1,
   "required": 1,
   "retainer_paid_total": 0.01
  },
  {
   "outstanding": 0,
   "required": 1,
   "retainer_paid_total": 1.0
  },
  {
   "outstanding": 0,
   "required": 1,
   "retainer_paid_total": 1.5
  },
  {
   "outstanding": -2498,
   "required": 1,
   "retainer_paid_total": 2499.99
  },
  {
   "outstanding": -2499,
   "required": 1,
   "retainer_paid_total": 2500.0
  },
  {
   "outstanding": -2499,
   "required": 1,
   "retainer_paid_total": 2500.01
  },
  {
   "outstanding": -12499,
   "required": 1,
   "retainer_paid_total": 12500.0
  },
  {
   "outstanding": -99998,
   "required": 1,
   "retainer_paid_total": 99999.0
  },
  {
   "outstanding": 6,
   "required": 1,
   "retainer_paid_total": -5.0
  },
  {
   "outstanding": 2500,
   "required": 2500,
   "retainer_paid_total": null
  },
  {
   "outstanding": 2500,
   "required": 2500,
   "retainer_paid_total": 0.0
  },
  {
   "outstanding": 2500,
   "required": 2500,
   "retainer_paid_total": 0.01
  },
  {
   "outstanding": 2499,
   "required": 2500,
   "retainer_paid_total": 1.0
  },
  {
   "outstanding": 2499,
   "required": 2500,
   "retainer_paid_total": 1.5
  },
  {
   "outstanding": 1,
   "required": 2500,
   "retainer_paid_total": 2499.99
  },
  {
   "outstanding": 0,
   "required": 2500,
   "retainer_paid_total": 2500.0
  },
  {
   "outstanding": 0,
   "required": 2500,
   "retainer_paid_total": 2500.01
  },
  {
   "outstanding": -10000,
   "required": 2500,
   "retainer_paid_total": 12500.0
  },
  {
   "outstanding": -97499,
   "required": 2500,
   "retainer_paid_total": 99999.0
  },
  {
   "outstanding": 2505,
   "required": 2500,
   "retainer_paid_total": -5.0
  },
  {
   "outstanding": 12500,
   "required": 12500,
   "retainer_paid_total": null
  },
  {
   "outstanding": 12500,
   "required": 12500,
   "retainer_paid_total": 0.0
  },
  {
   "outstanding": 12500,
   "required": 12500,
   "retainer_paid_total": 0.01
  },
  {
   "outstanding": 12499,
   "required": 12500,
   "retainer_paid_total": 1.0
  },
  {
   "outstanding": 12499,
   "required": 12500,
   "retainer_paid_total": 1.5
  },
  {
   "outstanding": 10001,
   "required": 12500,
   "retainer_paid_total": 2499.99
  },
  {
   "outstanding": 10000,
   "required": 12500,
   "retainer_paid_total": 2500.0
  },
  {
   "outstanding": 10000,
   "required": 12500,
   "retainer_paid_total": 2500.01
  },
  {
   "outstanding": 0,
   "required": 12500,
   "retainer_paid_total": 12500.0
  },
  {
   "outstanding": -87499,
   "required": 12500,
   "retainer_paid_total": 99999.0
  },
  {
   "outstanding": 12505,
   "required": 12500,
   "retainer_paid_total": -5.0
  }
 ],
 "03-wanted-link": [
  {
   "case": "plain-active-sent",
   "pct": 0,
   "wanted": {
    "amount": 12500,
    "expires_on": "2026-10-01",
    "reference": "DEV-000123"
   }
  },
  {
   "case": "plain-active-sent",
   "pct": 30,
   "wanted": {
    "amount": 3750,
    "expires_on": "2026-10-01",
    "reference": "DEV-000123"
   }
  },
  {
   "case": "plain-active-sent",
   "pct": 100,
   "wanted": {
    "amount": 12500,
    "expires_on": "2026-10-01",
    "reference": "DEV-000123"
   }
  },
  {
   "case": "status-trashed",
   "pct": 0,
   "wanted": null
  },
  {
   "case": "status-trashed",
   "pct": 30,
   "wanted": null
  },
  {
   "case": "status-trashed",
   "pct": 100,
   "wanted": null
  },
  {
   "case": "status-archived",
   "pct": 0,
   "wanted": null
  },
  {
   "case": "status-archived",
   "pct": 30,
   "wanted": null
  },
  {
   "case": "status-archived",
   "pct": 100,
   "wanted": null
  },
  {
   "case": "status-empty",
   "pct": 0,
   "wanted": null
  },
  {
   "case": "status-empty",
   "pct": 30,
   "wanted": null
  },
  {
   "case": "status-empty",
   "pct": 100,
   "wanted": null
  },
  {
   "case": "no-quote-number",
   "pct": 0,
   "wanted": null
  },
  {
   "case": "no-quote-number",
   "pct": 30,
   "wanted": null
  },
  {
   "case": "no-quote-number",
   "pct": 100,
   "wanted": null
  },
  {
   "case": "blank-quote-number",
   "pct": 0,
   "wanted": null
  },
  {
   "case": "blank-quote-number",
   "pct": 30,
   "wanted": null
  },
  {
   "case": "blank-quote-number",
   "pct": 100,
   "wanted": null
  },
  {
   "case": "quote-declined",
   "pct": 0,
   "wanted": null
  },
  {
   "case": "quote-declined",
   "pct": 30,
   "wanted": null
  },
  {
   "case": "quote-declined",
   "pct": 100,
   "wanted": null
  },
  {
   "case": "quote-expired",
   "pct": 0,
   "wanted": null
  },
  {
   "case": "quote-expired",
   "pct": 30,
   "wanted": null
  },
  {
   "case": "quote-expired",
   "pct": 100,
   "wanted": null
  },
  {
   "case": "quote-accepted",
   "pct": 0,
   "wanted": {
    "amount": 12500,
    "expires_on": "2026-10-01",
    "reference": "DEV-000123"
   }
  },
  {
   "case": "quote-accepted",
   "pct": 30,
   "wanted": {
    "amount": 3750,
    "expires_on": "2026-10-01",
    "reference": "DEV-000123"
   }
  },
  {
   "case": "quote-accepted",
   "pct": 100,
   "wanted": {
    "amount": 12500,
    "expires_on": "2026-10-01",
    "reference": "DEV-000123"
   }
  },
  {
   "case": "quote-draft",
   "pct": 0,
   "wanted": {
    "amount": 12500,
    "expires_on": "2026-10-01",
    "reference": "DEV-000123"
   }
  },
  {
   "case": "quote-draft",
   "pct": 30,
   "wanted": {
    "amount": 3750,
    "expires_on": "2026-10-01",
    "reference": "DEV-000123"
   }
  },
  {
   "case": "quote-draft",
   "pct": 100,
   "wanted": {
    "amount": 12500,
    "expires_on": "2026-10-01",
    "reference": "DEV-000123"
   }
  },
  {
   "case": "quote-status-none",
   "pct": 0,
   "wanted": {
    "amount": 12500,
    "expires_on": "2026-10-01",
    "reference": "DEV-000123"
   }
  },
  {
   "case": "quote-status-none",
   "pct": 30,
   "wanted": {
    "amount": 3750,
    "expires_on": "2026-10-01",
    "reference": "DEV-000123"
   }
  },
  {
   "case": "quote-status-none",
   "pct": 100,
   "wanted": {
    "amount": 12500,
    "expires_on": "2026-10-01",
    "reference": "DEV-000123"
   }
  },
  {
   "case": "invoiced",
   "pct": 0,
   "wanted": null
  },
  {
   "case": "invoiced",
   "pct": 30,
   "wanted": null
  },
  {
   "case": "invoiced",
   "pct": 100,
   "wanted": null
  },
  {
   "case": "total-none",
   "pct": 0,
   "wanted": null
  },
  {
   "case": "total-none",
   "pct": 30,
   "wanted": null
  },
  {
   "case": "total-none",
   "pct": 100,
   "wanted": null
  },
  {
   "case": "total-zero",
   "pct": 0,
   "wanted": null
  },
  {
   "case": "total-zero",
   "pct": 30,
   "wanted": null
  },
  {
   "case": "total-zero",
   "pct": 100,
   "wanted": null
  },
  {
   "case": "total-negative",
   "pct": 0,
   "wanted": null
  },
  {
   "case": "total-negative",
   "pct": 30,
   "wanted": null
  },
  {
   "case": "total-negative",
   "pct": 100,
   "wanted": null
  },
  {
   "case": "total-fractional",
   "pct": 0,
   "wanted": {
    "amount": 12500,
    "expires_on": "2026-10-01",
    "reference": "DEV-000123"
   }
  },
  {
   "case": "total-fractional",
   "pct": 30,
   "wanted": {
    "amount": 3751,
    "expires_on": "2026-10-01",
    "reference": "DEV-000123"
   }
  },
  {
   "case": "total-fractional",
   "pct": 100,
   "wanted": {
    "amount": 12501,
    "expires_on": "2026-10-01",
    "reference": "DEV-000123"
   }
  },
  {
   "case": "retainer-partial",
   "pct": 0,
   "wanted": {
    "amount": 10000,
    "expires_on": "2026-10-01",
    "reference": "DEV-000123"
   }
  },
  {
   "case": "retainer-partial",
   "pct": 30,
   "wanted": {
    "amount": 1250,
    "expires_on": "2026-10-01",
    "reference": "DEV-000123"
   }
  },
  {
   "case": "retainer-partial",
   "pct": 100,
   "wanted": {
    "amount": 10000,
    "expires_on": "2026-10-01",
    "reference": "DEV-000123"
   }
  },
  {
   "case": "retainer-exact",
   "pct": 0,
   "wanted": null
  },
  {
   "case": "retainer-exact",
   "pct": 30,
   "wanted": null
  },
  {
   "case": "retainer-exact",
   "pct": 100,
   "wanted": null
  },
  {
   "case": "retainer-over",
   "pct": 0,
   "wanted": null
  },
  {
   "case": "retainer-over",
   "pct": 30,
   "wanted": null
  },
  {
   "case": "retainer-over",
   "pct": 100,
   "wanted": null
  },
  {
   "case": "retainer-fractional",
   "pct": 0,
   "wanted": {
    "amount": 1,
    "expires_on": "2026-10-01",
    "reference": "DEV-000123"
   }
  },
  {
   "case": "retainer-fractional",
   "pct": 30,
   "wanted": null
  },
  {
   "case": "retainer-fractional",
   "pct": 100,
   "wanted": {
    "amount": 1,
    "expires_on": "2026-10-01",
    "reference": "DEV-000123"
   }
  },
  {
   "case": "expiry-explicit",
   "pct": 0,
   "wanted": {
    "amount": 12500,
    "expires_on": "2026-10-31",
    "reference": "DEV-000123"
   }
  },
  {
   "case": "expiry-explicit",
   "pct": 30,
   "wanted": {
    "amount": 3750,
    "expires_on": "2026-10-31",
    "reference": "DEV-000123"
   }
  },
  {
   "case": "expiry-explicit",
   "pct": 100,
   "wanted": {
    "amount": 12500,
    "expires_on": "2026-10-31",
    "reference": "DEV-000123"
   }
  },
  {
   "case": "expiry-in-the-past",
   "pct": 0,
   "wanted": {
    "amount": 12500,
    "expires_on": "2026-01-01",
    "reference": "DEV-000123"
   }
  },
  {
   "case": "expiry-in-the-past",
   "pct": 30,
   "wanted": {
    "amount": 3750,
    "expires_on": "2026-01-01",
    "reference": "DEV-000123"
   }
  },
  {
   "case": "expiry-in-the-past",
   "pct": 100,
   "wanted": {
    "amount": 12500,
    "expires_on": "2026-01-01",
    "reference": "DEV-000123"
   }
  },
  {
   "case": "expiry-today",
   "pct": 0,
   "wanted": {
    "amount": 12500,
    "expires_on": "2026-09-16",
    "reference": "DEV-000123"
   }
  },
  {
   "case": "expiry-today",
   "pct": 30,
   "wanted": {
    "amount": 3750,
    "expires_on": "2026-09-16",
    "reference": "DEV-000123"
   }
  },
  {
   "case": "expiry-today",
   "pct": 100,
   "wanted": {
    "amount": 12500,
    "expires_on": "2026-09-16",
    "reference": "DEV-000123"
   }
  },
  {
   "case": "expiry-blank",
   "pct": 0,
   "wanted": {
    "amount": 12500,
    "expires_on": "2026-10-01",
    "reference": "DEV-000123"
   }
  },
  {
   "case": "expiry-blank",
   "pct": 30,
   "wanted": {
    "amount": 3750,
    "expires_on": "2026-10-01",
    "reference": "DEV-000123"
   }
  },
  {
   "case": "expiry-blank",
   "pct": 100,
   "wanted": {
    "amount": 12500,
    "expires_on": "2026-10-01",
    "reference": "DEV-000123"
   }
  },
  {
   "case": "expiry-garbage",
   "pct": 0,
   "wanted": {
    "amount": 12500,
    "expires_on": "not-a-date",
    "reference": "DEV-000123"
   }
  },
  {
   "case": "expiry-garbage",
   "pct": 30,
   "wanted": {
    "amount": 3750,
    "expires_on": "not-a-date",
    "reference": "DEV-000123"
   }
  },
  {
   "case": "expiry-garbage",
   "pct": 100,
   "wanted": {
    "amount": 12500,
    "expires_on": "not-a-date",
    "reference": "DEV-000123"
   }
  }
 ],
 "03b-wanted-link-validity-days": [
  {
   "validity_days": 0,
   "wanted": {
    "amount": 12500,
    "expires_on": "2026-09-16",
    "reference": "DEV-000123"
   }
  },
  {
   "validity_days": 1,
   "wanted": {
    "amount": 12500,
    "expires_on": "2026-09-17",
    "reference": "DEV-000123"
   }
  },
  {
   "validity_days": 7,
   "wanted": {
    "amount": 12500,
    "expires_on": "2026-09-23",
    "reference": "DEV-000123"
   }
  },
  {
   "validity_days": 15,
   "wanted": {
    "amount": 12500,
    "expires_on": "2026-10-01",
    "reference": "DEV-000123"
   }
  },
  {
   "validity_days": 30,
   "wanted": {
    "amount": 12500,
    "expires_on": "2026-10-16",
    "reference": "DEV-000123"
   }
  },
  {
   "validity_days": 365,
   "wanted": {
    "amount": 12500,
    "expires_on": "2027-09-16",
    "reference": "DEV-000123"
   }
  },
  {
   "validity_days": 400,
   "wanted": {
    "amount": 12500,
    "expires_on": "2027-10-21",
    "reference": "DEV-000123"
   }
  },
  {
   "validity_days": -5,
   "wanted": {
    "amount": 12500,
    "expires_on": "2026-09-11",
    "reference": "DEV-000123"
   }
  }
 ],
 "04-expires-in-days": [
  {
   "days": 1,
   "expires_on": "2026-09-16"
  },
  {
   "days": 1,
   "expires_on": "2026-09-17"
  },
  {
   "days": 1,
   "expires_on": "2026-09-15"
  },
  {
   "days": 1,
   "expires_on": "2026-01-01"
  },
  {
   "days": 365,
   "expires_on": "2027-09-16"
  },
  {
   "days": 365,
   "expires_on": "2027-09-17"
  },
  {
   "days": 365,
   "expires_on": "2030-01-01"
  },
  {
   "days": 1,
   "expires_on": ""
  },
  {
   "days": 1,
   "expires_on": "not-a-date"
  },
  {
   "days": 1,
   "expires_on": "2026-13-01"
  },
  {
   "days": 1,
   "expires_on": "2026-02-30"
  },
  {
   "days": 1,
   "expires_on": "2026-09-16T00:00:00"
  }
 ],
 "05-needs-action": [
  {
   "fields_match": null,
   "needs_action": true,
   "row": "none",
   "wanted": "wanted-same"
  },
  {
   "fields_match": null,
   "needs_action": true,
   "row": "none",
   "wanted": "wanted-amount-differs"
  },
  {
   "fields_match": null,
   "needs_action": true,
   "row": "none",
   "wanted": "wanted-expiry-differs"
  },
  {
   "fields_match": null,
   "needs_action": true,
   "row": "none",
   "wanted": "wanted-reference-differs"
  },
  {
   "fields_match": null,
   "needs_action": false,
   "row": "none",
   "wanted": "wanted-none"
  },
  {
   "fields_match": true,
   "needs_action": true,
   "row": "reservation-null-id",
   "wanted": "wanted-same"
  },
  {
   "fields_match": false,
   "needs_action": true,
   "row": "reservation-null-id",
   "wanted": "wanted-amount-differs"
  },
  {
   "fields_match": false,
   "needs_action": true,
   "row": "reservation-null-id",
   "wanted": "wanted-expiry-differs"
  },
  {
   "fields_match": true,
   "needs_action": true,
   "row": "reservation-null-id",
   "wanted": "wanted-reference-differs"
  },
  {
   "fields_match": null,
   "needs_action": true,
   "row": "reservation-null-id",
   "wanted": "wanted-none"
  },
  {
   "fields_match": true,
   "needs_action": true,
   "row": "reservation-null-id-paid",
   "wanted": "wanted-same"
  },
  {
   "fields_match": false,
   "needs_action": true,
   "row": "reservation-null-id-paid",
   "wanted": "wanted-amount-differs"
  },
  {
   "fields_match": false,
   "needs_action": true,
   "row": "reservation-null-id-paid",
   "wanted": "wanted-expiry-differs"
  },
  {
   "fields_match": true,
   "needs_action": true,
   "row": "reservation-null-id-paid",
   "wanted": "wanted-reference-differs"
  },
  {
   "fields_match": null,
   "needs_action": true,
   "row": "reservation-null-id-paid",
   "wanted": "wanted-none"
  },
  {
   "fields_match": true,
   "needs_action": false,
   "row": "pending-matching",
   "wanted": "wanted-same"
  },
  {
   "fields_match": false,
   "needs_action": true,
   "row": "pending-matching",
   "wanted": "wanted-amount-differs"
  },
  {
   "fields_match": false,
   "needs_action": true,
   "row": "pending-matching",
   "wanted": "wanted-expiry-differs"
  },
  {
   "fields_match": true,
   "needs_action": true,
   "row": "pending-matching",
   "wanted": "wanted-reference-differs"
  },
  {
   "fields_match": null,
   "needs_action": true,
   "row": "pending-matching",
   "wanted": "wanted-none"
  },
  {
   "fields_match": false,
   "needs_action": true,
   "row": "pending-amount-drift",
   "wanted": "wanted-same"
  },
  {
   "fields_match": true,
   "needs_action": false,
   "row": "pending-amount-drift",
   "wanted": "wanted-amount-differs"
  },
  {
   "fields_match": false,
   "needs_action": true,
   "row": "pending-amount-drift",
   "wanted": "wanted-expiry-differs"
  },
  {
   "fields_match": false,
   "needs_action": true,
   "row": "pending-amount-drift",
   "wanted": "wanted-reference-differs"
  },
  {
   "fields_match": null,
   "needs_action": true,
   "row": "pending-amount-drift",
   "wanted": "wanted-none"
  },
  {
   "fields_match": false,
   "needs_action": true,
   "row": "pending-expiry-drift",
   "wanted": "wanted-same"
  },
  {
   "fields_match": false,
   "needs_action": true,
   "row": "pending-expiry-drift",
   "wanted": "wanted-amount-differs"
  },
  {
   "fields_match": true,
   "needs_action": false,
   "row": "pending-expiry-drift",
   "wanted": "wanted-expiry-differs"
  },
  {
   "fields_match": false,
   "needs_action": true,
   "row": "pending-expiry-drift",
   "wanted": "wanted-reference-differs"
  },
  {
   "fields_match": null,
   "needs_action": true,
   "row": "pending-expiry-drift",
   "wanted": "wanted-none"
  },
  {
   "fields_match": true,
   "needs_action": true,
   "row": "pending-reference-drift",
   "wanted": "wanted-same"
  },
  {
   "fields_match": false,
   "needs_action": true,
   "row": "pending-reference-drift",
   "wanted": "wanted-amount-differs"
  },
  {
   "fields_match": false,
   "needs_action": true,
   "row": "pending-reference-drift",
   "wanted": "wanted-expiry-differs"
  },
  {
   "fields_match": true,
   "needs_action": false,
   "row": "pending-reference-drift",
   "wanted": "wanted-reference-differs"
  },
  {
   "fields_match": null,
   "needs_action": true,
   "row": "pending-reference-drift",
   "wanted": "wanted-none"
  },
  {
   "fields_match": true,
   "needs_action": false,
   "row": "paid",
   "wanted": "wanted-same"
  },
  {
   "fields_match": false,
   "needs_action": false,
   "row": "paid",
   "wanted": "wanted-amount-differs"
  },
  {
   "fields_match": false,
   "needs_action": false,
   "row": "paid",
   "wanted": "wanted-expiry-differs"
  },
  {
   "fields_match": true,
   "needs_action": false,
   "row": "paid",
   "wanted": "wanted-reference-differs"
  },
  {
   "fields_match": null,
   "needs_action": false,
   "row": "paid",
   "wanted": "wanted-none"
  },
  {
   "fields_match": false,
   "needs_action": false,
   "row": "paid-amount-drift",
   "wanted": "wanted-same"
  },
  {
   "fields_match": false,
   "needs_action": false,
   "row": "paid-amount-drift",
   "wanted": "wanted-amount-differs"
  },
  {
   "fields_match": false,
   "needs_action": false,
   "row": "paid-amount-drift",
   "wanted": "wanted-expiry-differs"
  },
  {
   "fields_match": false,
   "needs_action": false,
   "row": "paid-amount-drift",
   "wanted": "wanted-reference-differs"
  },
  {
   "fields_match": null,
   "needs_action": false,
   "row": "paid-amount-drift",
   "wanted": "wanted-none"
  },
  {
   "fields_match": true,
   "needs_action": true,
   "row": "failed",
   "wanted": "wanted-same"
  },
  {
   "fields_match": false,
   "needs_action": true,
   "row": "failed",
   "wanted": "wanted-amount-differs"
  },
  {
   "fields_match": false,
   "needs_action": true,
   "row": "failed",
   "wanted": "wanted-expiry-differs"
  },
  {
   "fields_match": true,
   "needs_action": true,
   "row": "failed",
   "wanted": "wanted-reference-differs"
  },
  {
   "fields_match": null,
   "needs_action": false,
   "row": "failed",
   "wanted": "wanted-none"
  },
  {
   "fields_match": true,
   "needs_action": true,
   "row": "cancelled",
   "wanted": "wanted-same"
  },
  {
   "fields_match": false,
   "needs_action": true,
   "row": "cancelled",
   "wanted": "wanted-amount-differs"
  },
  {
   "fields_match": false,
   "needs_action": true,
   "row": "cancelled",
   "wanted": "wanted-expiry-differs"
  },
  {
   "fields_match": true,
   "needs_action": true,
   "row": "cancelled",
   "wanted": "wanted-reference-differs"
  },
  {
   "fields_match": null,
   "needs_action": false,
   "row": "cancelled",
   "wanted": "wanted-none"
  },
  {
   "fields_match": true,
   "needs_action": true,
   "row": "expired",
   "wanted": "wanted-same"
  },
  {
   "fields_match": false,
   "needs_action": true,
   "row": "expired",
   "wanted": "wanted-amount-differs"
  },
  {
   "fields_match": false,
   "needs_action": true,
   "row": "expired",
   "wanted": "wanted-expiry-differs"
  },
  {
   "fields_match": true,
   "needs_action": true,
   "row": "expired",
   "wanted": "wanted-reference-differs"
  },
  {
   "fields_match": null,
   "needs_action": false,
   "row": "expired",
   "wanted": "wanted-none"
  },
  {
   "fields_match": true,
   "needs_action": false,
   "row": "unknown-status",
   "wanted": "wanted-same"
  },
  {
   "fields_match": false,
   "needs_action": true,
   "row": "unknown-status",
   "wanted": "wanted-amount-differs"
  },
  {
   "fields_match": false,
   "needs_action": true,
   "row": "unknown-status",
   "wanted": "wanted-expiry-differs"
  },
  {
   "fields_match": true,
   "needs_action": true,
   "row": "unknown-status",
   "wanted": "wanted-reference-differs"
  },
  {
   "fields_match": null,
   "needs_action": true,
   "row": "unknown-status",
   "wanted": "wanted-none"
  }
 ],
 "06-in-backoff": [
  {
   "checked_at_minutes_ago": 0,
   "in_backoff": false,
   "sync_failures": 0
  },
  {
   "checked_at_minutes_ago": 1,
   "in_backoff": false,
   "sync_failures": 0
  },
  {
   "checked_at_minutes_ago": 4,
   "in_backoff": false,
   "sync_failures": 0
  },
  {
   "checked_at_minutes_ago": 5,
   "in_backoff": false,
   "sync_failures": 0
  },
  {
   "checked_at_minutes_ago": 6,
   "in_backoff": false,
   "sync_failures": 0
  },
  {
   "checked_at_minutes_ago": 10,
   "in_backoff": false,
   "sync_failures": 0
  },
  {
   "checked_at_minutes_ago": 15,
   "in_backoff": false,
   "sync_failures": 0
  },
  {
   "checked_at_minutes_ago": 25,
   "in_backoff": false,
   "sync_failures": 0
  },
  {
   "checked_at_minutes_ago": 29,
   "in_backoff": false,
   "sync_failures": 0
  },
  {
   "checked_at_minutes_ago": 30,
   "in_backoff": false,
   "sync_failures": 0
  },
  {
   "checked_at_minutes_ago": 31,
   "in_backoff": false,
   "sync_failures": 0
  },
  {
   "checked_at_minutes_ago": 60,
   "in_backoff": false,
   "sync_failures": 0
  },
  {
   "checked_at_minutes_ago": 1440,
   "in_backoff": false,
   "sync_failures": 0
  },
  {
   "checked_at_minutes_ago": 0,
   "in_backoff": true,
   "sync_failures": 1
  },
  {
   "checked_at_minutes_ago": 1,
   "in_backoff": true,
   "sync_failures": 1
  },
  {
   "checked_at_minutes_ago": 4,
   "in_backoff": true,
   "sync_failures": 1
  },
  {
   "checked_at_minutes_ago": 5,
   "in_backoff": false,
   "sync_failures": 1
  },
  {
   "checked_at_minutes_ago": 6,
   "in_backoff": false,
   "sync_failures": 1
  },
  {
   "checked_at_minutes_ago": 10,
   "in_backoff": false,
   "sync_failures": 1
  },
  {
   "checked_at_minutes_ago": 15,
   "in_backoff": false,
   "sync_failures": 1
  },
  {
   "checked_at_minutes_ago": 25,
   "in_backoff": false,
   "sync_failures": 1
  },
  {
   "checked_at_minutes_ago": 29,
   "in_backoff": false,
   "sync_failures": 1
  },
  {
   "checked_at_minutes_ago": 30,
   "in_backoff": false,
   "sync_failures": 1
  },
  {
   "checked_at_minutes_ago": 31,
   "in_backoff": false,
   "sync_failures": 1
  },
  {
   "checked_at_minutes_ago": 60,
   "in_backoff": false,
   "sync_failures": 1
  },
  {
   "checked_at_minutes_ago": 1440,
   "in_backoff": false,
   "sync_failures": 1
  },
  {
   "checked_at_minutes_ago": 0,
   "in_backoff": true,
   "sync_failures": 2
  },
  {
   "checked_at_minutes_ago": 1,
   "in_backoff": true,
   "sync_failures": 2
  },
  {
   "checked_at_minutes_ago": 4,
   "in_backoff": true,
   "sync_failures": 2
  },
  {
   "checked_at_minutes_ago": 5,
   "in_backoff": true,
   "sync_failures": 2
  },
  {
   "checked_at_minutes_ago": 6,
   "in_backoff": true,
   "sync_failures": 2
  },
  {
   "checked_at_minutes_ago": 10,
   "in_backoff": false,
   "sync_failures": 2
  },
  {
   "checked_at_minutes_ago": 15,
   "in_backoff": false,
   "sync_failures": 2
  },
  {
   "checked_at_minutes_ago": 25,
   "in_backoff": false,
   "sync_failures": 2
  },
  {
   "checked_at_minutes_ago": 29,
   "in_backoff": false,
   "sync_failures": 2
  },
  {
   "checked_at_minutes_ago": 30,
   "in_backoff": false,
   "sync_failures": 2
  },
  {
   "checked_at_minutes_ago": 31,
   "in_backoff": false,
   "sync_failures": 2
  },
  {
   "checked_at_minutes_ago": 60,
   "in_backoff": false,
   "sync_failures": 2
  },
  {
   "checked_at_minutes_ago": 1440,
   "in_backoff": false,
   "sync_failures": 2
  },
  {
   "checked_at_minutes_ago": 0,
   "in_backoff": true,
   "sync_failures": 3
  },
  {
   "checked_at_minutes_ago": 1,
   "in_backoff": true,
   "sync_failures": 3
  },
  {
   "checked_at_minutes_ago": 4,
   "in_backoff": true,
   "sync_failures": 3
  },
  {
   "checked_at_minutes_ago": 5,
   "in_backoff": true,
   "sync_failures": 3
  },
  {
   "checked_at_minutes_ago": 6,
   "in_backoff": true,
   "sync_failures": 3
  },
  {
   "checked_at_minutes_ago": 10,
   "in_backoff": true,
   "sync_failures": 3
  },
  {
   "checked_at_minutes_ago": 15,
   "in_backoff": false,
   "sync_failures": 3
  },
  {
   "checked_at_minutes_ago": 25,
   "in_backoff": false,
   "sync_failures": 3
  },
  {
   "checked_at_minutes_ago": 29,
   "in_backoff": false,
   "sync_failures": 3
  },
  {
   "checked_at_minutes_ago": 30,
   "in_backoff": false,
   "sync_failures": 3
  },
  {
   "checked_at_minutes_ago": 31,
   "in_backoff": false,
   "sync_failures": 3
  },
  {
   "checked_at_minutes_ago": 60,
   "in_backoff": false,
   "sync_failures": 3
  },
  {
   "checked_at_minutes_ago": 1440,
   "in_backoff": false,
   "sync_failures": 3
  },
  {
   "checked_at_minutes_ago": 0,
   "in_backoff": true,
   "sync_failures": 6
  },
  {
   "checked_at_minutes_ago": 1,
   "in_backoff": true,
   "sync_failures": 6
  },
  {
   "checked_at_minutes_ago": 4,
   "in_backoff": true,
   "sync_failures": 6
  },
  {
   "checked_at_minutes_ago": 5,
   "in_backoff": true,
   "sync_failures": 6
  },
  {
   "checked_at_minutes_ago": 6,
   "in_backoff": true,
   "sync_failures": 6
  },
  {
   "checked_at_minutes_ago": 10,
   "in_backoff": true,
   "sync_failures": 6
  },
  {
   "checked_at_minutes_ago": 15,
   "in_backoff": true,
   "sync_failures": 6
  },
  {
   "checked_at_minutes_ago": 25,
   "in_backoff": true,
   "sync_failures": 6
  },
  {
   "checked_at_minutes_ago": 29,
   "in_backoff": true,
   "sync_failures": 6
  },
  {
   "checked_at_minutes_ago": 30,
   "in_backoff": false,
   "sync_failures": 6
  },
  {
   "checked_at_minutes_ago": 31,
   "in_backoff": false,
   "sync_failures": 6
  },
  {
   "checked_at_minutes_ago": 60,
   "in_backoff": false,
   "sync_failures": 6
  },
  {
   "checked_at_minutes_ago": 1440,
   "in_backoff": false,
   "sync_failures": 6
  },
  {
   "checked_at_minutes_ago": 0,
   "in_backoff": true,
   "sync_failures": 7
  },
  {
   "checked_at_minutes_ago": 1,
   "in_backoff": true,
   "sync_failures": 7
  },
  {
   "checked_at_minutes_ago": 4,
   "in_backoff": true,
   "sync_failures": 7
  },
  {
   "checked_at_minutes_ago": 5,
   "in_backoff": true,
   "sync_failures": 7
  },
  {
   "checked_at_minutes_ago": 6,
   "in_backoff": true,
   "sync_failures": 7
  },
  {
   "checked_at_minutes_ago": 10,
   "in_backoff": true,
   "sync_failures": 7
  },
  {
   "checked_at_minutes_ago": 15,
   "in_backoff": true,
   "sync_failures": 7
  },
  {
   "checked_at_minutes_ago": 25,
   "in_backoff": true,
   "sync_failures": 7
  },
  {
   "checked_at_minutes_ago": 29,
   "in_backoff": true,
   "sync_failures": 7
  },
  {
   "checked_at_minutes_ago": 30,
   "in_backoff": false,
   "sync_failures": 7
  },
  {
   "checked_at_minutes_ago": 31,
   "in_backoff": false,
   "sync_failures": 7
  },
  {
   "checked_at_minutes_ago": 60,
   "in_backoff": false,
   "sync_failures": 7
  },
  {
   "checked_at_minutes_ago": 1440,
   "in_backoff": false,
   "sync_failures": 7
  },
  {
   "checked_at_minutes_ago": 0,
   "in_backoff": true,
   "sync_failures": 100
  },
  {
   "checked_at_minutes_ago": 1,
   "in_backoff": true,
   "sync_failures": 100
  },
  {
   "checked_at_minutes_ago": 4,
   "in_backoff": true,
   "sync_failures": 100
  },
  {
   "checked_at_minutes_ago": 5,
   "in_backoff": true,
   "sync_failures": 100
  },
  {
   "checked_at_minutes_ago": 6,
   "in_backoff": true,
   "sync_failures": 100
  },
  {
   "checked_at_minutes_ago": 10,
   "in_backoff": true,
   "sync_failures": 100
  },
  {
   "checked_at_minutes_ago": 15,
   "in_backoff": true,
   "sync_failures": 100
  },
  {
   "checked_at_minutes_ago": 25,
   "in_backoff": true,
   "sync_failures": 100
  },
  {
   "checked_at_minutes_ago": 29,
   "in_backoff": true,
   "sync_failures": 100
  },
  {
   "checked_at_minutes_ago": 30,
   "in_backoff": false,
   "sync_failures": 100
  },
  {
   "checked_at_minutes_ago": 31,
   "in_backoff": false,
   "sync_failures": 100
  },
  {
   "checked_at_minutes_ago": 60,
   "in_backoff": false,
   "sync_failures": 100
  },
  {
   "checked_at_minutes_ago": 1440,
   "in_backoff": false,
   "sync_failures": 100
  },
  {
   "checked_at_minutes_ago": null,
   "in_backoff": false,
   "sync_failures": 0
  },
  {
   "checked_at_minutes_ago": null,
   "in_backoff": false,
   "sync_failures": 1
  },
  {
   "checked_at_minutes_ago": null,
   "in_backoff": false,
   "sync_failures": 5
  }
 ]
}

### stderr:

